Component: ARM Compiler 5.05 update 1 (build 106) Tool: armlink [4d0efa]

==============================================================================

Image Symbol Table

    Local Symbols

    Symbol Name                              Value     Ov Type        Size  Object(Section)

    ../Core/Src/dma.c                        0x00000000   Number         0  dma.o ABSOLUTE
    ../Core/Src/gpio.c                       0x00000000   Number         0  gpio.o ABSOLUTE
    ../Core/Src/i2c.c                        0x00000000   Number         0  i2c.o ABSOLUTE
    ../Core/Src/main.c                       0x00000000   Number         0  main.o ABSOLUTE
    ../Core/Src/rtc.c                        0x00000000   Number         0  rtc.o ABSOLUTE
    ../Core/Src/stm32l0xx_hal_msp.c          0x00000000   Number         0  stm32l0xx_hal_msp.o ABSOLUTE
    ../Core/Src/stm32l0xx_it.c               0x00000000   Number         0  stm32l0xx_it.o ABSOLUTE
    ../Core/Src/system_stm32l0xx.c           0x00000000   Number         0  system_stm32l0xx.o ABSOLUTE
    ../Core/Src/tim.c                        0x00000000   Number         0  tim.o ABSOLUTE
    ../Drivers/STM32L0xx_HAL_Driver/Src/stm32l0xx_hal.c 0x00000000   Number         0  stm32l0xx_hal.o ABSOLUTE
    ../Drivers/STM32L0xx_HAL_Driver/Src/stm32l0xx_hal_cortex.c 0x00000000   Number         0  stm32l0xx_hal_cortex.o ABSOLUTE
    ../Drivers/STM32L0xx_HAL_Driver/Src/stm32l0xx_hal_dma.c 0x00000000   Number         0  stm32l0xx_hal_dma.o ABSOLUTE
    ../Drivers/STM32L0xx_HAL_Driver/Src/stm32l0xx_hal_exti.c 0x00000000   Number         0  stm32l0xx_hal_exti.o ABSOLUTE
    ../Drivers/STM32L0xx_HAL_Driver/Src/stm32l0xx_hal_flash.c 0x00000000   Number         0  stm32l0xx_hal_flash.o ABSOLUTE
    ../Drivers/STM32L0xx_HAL_Driver/Src/stm32l0xx_hal_flash_ex.c 0x00000000   Number         0  stm32l0xx_hal_flash_ex.o ABSOLUTE
    ../Drivers/STM32L0xx_HAL_Driver/Src/stm32l0xx_hal_flash_ramfunc.c 0x00000000   Number         0  stm32l0xx_hal_flash_ramfunc.o ABSOLUTE
    ../Drivers/STM32L0xx_HAL_Driver/Src/stm32l0xx_hal_gpio.c 0x00000000   Number         0  stm32l0xx_hal_gpio.o ABSOLUTE
    ../Drivers/STM32L0xx_HAL_Driver/Src/stm32l0xx_hal_i2c.c 0x00000000   Number         0  stm32l0xx_hal_i2c.o ABSOLUTE
    ../Drivers/STM32L0xx_HAL_Driver/Src/stm32l0xx_hal_i2c_ex.c 0x00000000   Number         0  stm32l0xx_hal_i2c_ex.o ABSOLUTE
    ../Drivers/STM32L0xx_HAL_Driver/Src/stm32l0xx_hal_pwr.c 0x00000000   Number         0  stm32l0xx_hal_pwr.o ABSOLUTE
    ../Drivers/STM32L0xx_HAL_Driver/Src/stm32l0xx_hal_pwr_ex.c 0x00000000   Number         0  stm32l0xx_hal_pwr_ex.o ABSOLUTE
    ../Drivers/STM32L0xx_HAL_Driver/Src/stm32l0xx_hal_rcc.c 0x00000000   Number         0  stm32l0xx_hal_rcc.o ABSOLUTE
    ../Drivers/STM32L0xx_HAL_Driver/Src/stm32l0xx_hal_rcc_ex.c 0x00000000   Number         0  stm32l0xx_hal_rcc_ex.o ABSOLUTE
    ../Drivers/STM32L0xx_HAL_Driver/Src/stm32l0xx_hal_rtc.c 0x00000000   Number         0  stm32l0xx_hal_rtc.o ABSOLUTE
    ../Drivers/STM32L0xx_HAL_Driver/Src/stm32l0xx_hal_rtc_ex.c 0x00000000   Number         0  stm32l0xx_hal_rtc_ex.o ABSOLUTE
    ../Drivers/STM32L0xx_HAL_Driver/Src/stm32l0xx_hal_tim.c 0x00000000   Number         0  stm32l0xx_hal_tim.o ABSOLUTE
    ../Drivers/STM32L0xx_HAL_Driver/Src/stm32l0xx_hal_tim_ex.c 0x00000000   Number         0  stm32l0xx_hal_tim_ex.o ABSOLUTE
    ../clib/../cmprslib/zerorunl2.c          0x00000000   Number         0  __dczerorl2.o ABSOLUTE
    ../clib/microlib/division.c              0x00000000   Number         0  uldiv.o ABSOLUTE
    ../clib/microlib/division.c              0x00000000   Number         0  uidiv.o ABSOLUTE
    ../clib/microlib/division.c              0x00000000   Number         0  idiv.o ABSOLUTE
    ../clib/microlib/errno.c                 0x00000000   Number         0  errno.o ABSOLUTE
    ../clib/microlib/init/entry.s            0x00000000   Number         0  entry7a.o ABSOLUTE
    ../clib/microlib/init/entry.s            0x00000000   Number         0  entry7b.o ABSOLUTE
    ../clib/microlib/init/entry.s            0x00000000   Number         0  entry8a.o ABSOLUTE
    ../clib/microlib/init/entry.s            0x00000000   Number         0  entry8b.o ABSOLUTE
    ../clib/microlib/init/entry.s            0x00000000   Number         0  entry10b.o ABSOLUTE
    ../clib/microlib/init/entry.s            0x00000000   Number         0  entry9b.o ABSOLUTE
    ../clib/microlib/init/entry.s            0x00000000   Number         0  entry10a.o ABSOLUTE
    ../clib/microlib/init/entry.s            0x00000000   Number         0  entry11a.o ABSOLUTE
    ../clib/microlib/init/entry.s            0x00000000   Number         0  entry.o ABSOLUTE
    ../clib/microlib/init/entry.s            0x00000000   Number         0  entry9a.o ABSOLUTE
    ../clib/microlib/init/entry.s            0x00000000   Number         0  entry11b.o ABSOLUTE
    ../clib/microlib/init/entry.s            0x00000000   Number         0  entry2.o ABSOLUTE
[...]
    __aeabi_cfcmple                          0x080008f1   Thumb Code    20  cfcmple.o(.text)
    __aeabi_cfrcmple                         0x08000905   Thumb Code    20  cfrcmple.o(.text)
    __aeabi_llsl                             0x08000919   Thumb Code    32  llshl.o(.text)
    _ll_shift_l                              0x08000919   Thumb Code     0  llshl.o(.text)
    __aeabi_llsr                             0x08000939   Thumb Code    34  llushr.o(.text)
    _ll_ushift_r                             0x08000939   Thumb Code     0  llushr.o(.text)
    __aeabi_lasr                             0x0800095b   Thumb Code    38  llsshr.o(.text)
    _ll_sshift_r                             0x0800095b   Thumb Code     0  llsshr.o(.text)
    __I$use$fp                               0x08000981   Thumb Code     0  iusefp.o(.text)
    _float_round                             0x08000981   Thumb Code    16  fepilogue.o(.text)
    _float_epilogue                          0x08000991   Thumb Code   114  fepilogue.o(.text)
    _double_round                            0x08000a03   Thumb Code    26  depilogue.o(.text)
    _double_epilogue                         0x08000a1d   Thumb Code   164  depilogue.o(.text)
    __aeabi_d2ulz                            0x08000ac1   Thumb Code    54  dfixul.o(.text)
    __aeabi_cdrcmple                         0x08000b01   Thumb Code    38  cdrcmple.o(.text)
    __scatterload                            0x08000b29   Thumb Code    28  init.o(.text)
    __scatterload_rt2                        0x08000b29   Thumb Code     0  init.o(.text)
    _dsqrt                                   0x08000b4d   Thumb Code   162  dsqrt.o(.text)
    __decompress                             0x08000bef   Thumb Code     0  __dczerorl2.o(.text)
    __decompress1                            0x08000bef   Thumb Code    86  __dczerorl2.o(.text)
    BTNDOWN_SINGLE_Click_Handler             0x08000c45   Thumb Code    10  key.o(i.BTNDOWN_SINGLE_Click_Handler)
    BTNMID_LONG_PRESS_START_Handler          0x08000c4f   Thumb Code     2  key.o(i.BTNMID_LONG_PRESS_START_Handler)
    BTNMID_SINGLE_Click_Handler              0x08000c51   Thumb Code    10  key.o(i.BTNMID_SINGLE_Click_Handler)
    BTNNEXT_SINGLE_Click_Handler             0x08000c5b   Thumb Code    10  key.o(i.BTNNEXT_SINGLE_Click_Handler)
    BTNPREV_LONG_PRESS_START_Handler         0x08000c65   Thumb Code    10  key.o(i.BTNPREV_LONG_PRESS_START_Handler)
    BTNPREV_SINGLE_Click_Handler             0x08000c6f   Thumb Code    10  key.o(i.BTNPREV_SINGLE_Click_Handler)
    BTNUP_SINGLE_Click_Handler               0x08000c79   Thumb Code    10  key.o(i.BTNUP_SINGLE_Click_Handler)
    DMA1_Channel2_3_IRQHandler               0x08000dad   Thumb Code    10  stm32l0xx_it.o(i.DMA1_Channel2_3_IRQHandler)
    EEPROM_ReadWithCheck                     0x08000e09   Thumb Code   112  eeprom.o(i.EEPROM_ReadWithCheck)
    EEPROM_WriteWithCheck                    0x08000e79   Thumb Code   114  eeprom.o(i.EEPROM_WriteWithCheck)
    EXTI0_1_IRQHandler                       0x08000ef1   Thumb Code    16  stm32l0xx_it.o(i.EXTI0_1_IRQHandler)
    EXTI2_3_IRQHandler                       0x08000f01   Thumb Code    16  stm32l0xx_it.o(i.EXTI2_3_IRQHandler)
    EXTI4_15_IRQHandler                      0x08000f11   Thumb Code    18  stm32l0xx_it.o(i.EXTI4_15_IRQHandler)
    Error_Handler                            0x08000f23   Thumb Code     4  main.o(i.Error_Handler)
    FLASH_IRQHandler                         0x08000f27   Thumb Code     8  stm32l0xx_it.o(i.FLASH_IRQHandler)
    FLASH_PageErase                          0x08000f31   Thumb Code    34  stm32l0xx_hal_flash_ex.o(i.FLASH_PageErase)
    FLASH_WaitForLastOperation               0x08000fed   Thumb Code   106  stm32l0xx_hal_flash.o(i.FLASH_WaitForLastOperation)
    HAL_DMA_Abort_IT                         0x0800105d   Thumb Code    76  stm32l0xx_hal_dma.o(i.HAL_DMA_Abort_IT)
    HAL_DMA_GetState                         0x080010a9   Thumb Code     6  stm32l0xx_hal_dma.o(i.HAL_DMA_GetState)
    HAL_DMA_IRQHandler                       0x080010af   Thumb Code   168  stm32l0xx_hal_dma.o(i.HAL_DMA_IRQHandler)
    HAL_DMA_Init                             0x08001159   Thumb Code   132  stm32l0xx_hal_dma.o(i.HAL_DMA_Init)
    HAL_DMA_Start_IT                         0x080011e9   Thumb Code   104  stm32l0xx_hal_dma.o(i.HAL_DMA_Start_IT)
    HAL_Delay                                0x08001251   Thumb Code    32  stm32l0xx_hal.o(i.HAL_Delay)
    HAL_FLASHEx_DATAEEPROM_Lock              0x08001275   Thumb Code    14  stm32l0xx_hal_flash_ex.o(i.HAL_FLASHEx_DATAEEPROM_Lock)
    HAL_FLASHEx_DATAEEPROM_Program           0x08001289   Thumb Code    78  stm32l0xx_hal_flash_ex.o(i.HAL_FLASHEx_DATAEEPROM_Program)
    HAL_FLASHEx_DATAEEPROM_Unlock            0x080012e1   Thumb Code    40  stm32l0xx_hal_flash_ex.o(i.HAL_FLASHEx_DATAEEPROM_Unlock)
    HAL_FLASH_EndOfOperationCallback         0x08001315   Thumb Code     2  stm32l0xx_hal_flash.o(i.HAL_FLASH_EndOfOperationCallback)
    HAL_FLASH_IRQHandler                     0x08001319   Thumb Code   210  stm32l0xx_hal_flash.o(i.HAL_FLASH_IRQHandler)
    HAL_FLASH_OperationErrorCallback         0x080013f5   Thumb Code     2  stm32l0xx_hal_flash.o(i.HAL_FLASH_OperationErrorCallback)
    HAL_GPIO_EXTI_Callback                   0x080013f7   Thumb Code     2  stm32l0xx_hal_gpio.o(i.HAL_GPIO_EXTI_Callback)
    HAL_GPIO_EXTI_IRQHandler                 0x080013f9   Thumb Code    18  stm32l0xx_hal_gpio.o(i.HAL_GPIO_EXTI_IRQHandler)
    HAL_GPIO_Init                            0x08001411   Thumb Code   320  stm32l0xx_hal_gpio.o(i.HAL_GPIO_Init)
    HAL_GPIO_ReadPin                         0x0800156d   Thumb Code    10  stm32l0xx_hal_gpio.o(i.HAL_GPIO_ReadPin)
    HAL_GPIO_WritePin                        0x08001577   Thumb Code    12  stm32l0xx_hal_gpio.o(i.HAL_GPIO_WritePin)
    HAL_GetTick                              0x08001585   Thumb Code     6  stm32l0xx_hal.o(i.HAL_GetTick)
    HAL_I2CEx_ConfigAnalogFilter             0x08001591   Thumb Code    74  stm32l0xx_hal_i2c_ex.o(i.HAL_I2CEx_ConfigAnalogFilter)
    HAL_I2CEx_ConfigDigitalFilter            0x080015db   Thumb Code    72  stm32l0xx_hal_i2c_ex.o(i.HAL_I2CEx_ConfigDigitalFilter)
    HAL_I2CEx_EnableFastModePlus             0x08001625   Thumb Code    20  stm32l0xx_hal_i2c_ex.o(i.HAL_I2CEx_EnableFastModePlus)
    HAL_I2C_AbortCpltCallback                0x08001641   Thumb Code     2  stm32l0xx_hal_i2c.o(i.HAL_I2C_AbortCpltCallback)
    HAL_I2C_AddrCallback                     0x08001643   Thumb Code     2  stm32l0xx_hal_i2c.o(i.HAL_I2C_AddrCallback)
    HAL_I2C_ER_IRQHandler                    0x08001645   Thumb Code    94  stm32l0xx_hal_i2c.o(i.HAL_I2C_ER_IRQHandler)
    HAL_I2C_EV_IRQHandler                    0x080016a3   Thumb Code    16  stm32l0xx_hal_i2c.o(i.HAL_I2C_EV_IRQHandler)
    HAL_I2C_ErrorCallback                    0x080016b3   Thumb Code     2  stm32l0xx_hal_i2c.o(i.HAL_I2C_ErrorCallback)
    HAL_I2C_Init                             0x080016b5   Thumb Code   176  stm32l0xx_hal_i2c.o(i.HAL_I2C_Init)
    HAL_I2C_ListenCpltCallback               0x08001769   Thumb Code     2  stm32l0xx_hal_i2c.o(i.HAL_I2C_ListenCpltCallback)
    HAL_I2C_MasterRxCpltCallback             0x0800176b   Thumb Code     2  stm32l0xx_hal_i2c.o(i.HAL_I2C_MasterRxCpltCallback)
    HAL_I2C_MasterTxCpltCallback             0x0800176d   Thumb Code     2  stm32l0xx_hal_i2c.o(i.HAL_I2C_MasterTxCpltCallback)
    HAL_I2C_Master_Transmit_DMA              0x08001771   Thumb Code   258  stm32l0xx_hal_i2c.o(i.HAL_I2C_Master_Transmit_DMA)
    HAL_I2C_MemRxCpltCallback                0x0800188d   Thumb Code     2  stm32l0xx_hal_i2c.o(i.HAL_I2C_MemRxCpltCallback)
    HAL_I2C_MemTxCpltCallback                0x0800188f   Thumb Code     2  stm32l0xx_hal_i2c.o(i.HAL_I2C_MemTxCpltCallback)
    HAL_I2C_Mem_Write                        0x08001891   Thumb Code   326  stm32l0xx_hal_i2c.o(i.HAL_I2C_Mem_Write)
    HAL_I2C_MspInit                          0x080019dd   Thumb Code   142  i2c.o(i.HAL_I2C_MspInit)
    HAL_I2C_SlaveRxCpltCallback              0x08001a81   Thumb Code     2  stm32l0xx_hal_i2c.o(i.HAL_I2C_SlaveRxCpltCallback)
    HAL_I2C_SlaveTxCpltCallback              0x08001a83   Thumb Code     2  stm32l0xx_hal_i2c.o(i.HAL_I2C_SlaveTxCpltCallback)
    HAL_IncTick                              0x08001a85   Thumb Code    12  stm32l0xx_hal.o(i.HAL_IncTick)
    HAL_Init                                 0x08001a95   Thumb Code    36  stm32l0xx_hal.o(i.HAL_Init)
    HAL_InitTick                             0x08001abd   Thumb Code    58  stm32l0xx_hal.o(i.HAL_InitTick)
    HAL_MspInit                              0x08001b01   Thumb Code    38  stm32l0xx_hal_msp.o(i.HAL_MspInit)
    HAL_NVIC_EnableIRQ                       0x08001b2d   Thumb Code    18  stm32l0xx_hal_cortex.o(i.HAL_NVIC_EnableIRQ)
    HAL_NVIC_SetPriority                     0x08001b45   Thumb Code     8  stm32l0xx_hal_cortex.o(i.HAL_NVIC_SetPriority)
    HAL_PWR_EnterSTOPMode                    0x08001b4d   Thumb Code    88  stm32l0xx_hal_pwr.o(i.HAL_PWR_EnterSTOPMode)
    HAL_RCCEx_PeriphCLKConfig                0x08001bb1   Thumb Code   364  stm32l0xx_hal_rcc_ex.o(i.HAL_RCCEx_PeriphCLKConfig)
    HAL_RCC_ClockConfig                      0x08001d29   Thumb Code   386  stm32l0xx_hal_rcc.o(i.HAL_RCC_ClockConfig)
    HAL_RCC_GetSysClockFreq                  0x08001ec5   Thumb Code   110  stm32l0xx_hal_rcc.o(i.HAL_RCC_GetSysClockFreq)
    HAL_RCC_OscConfig                        0x08001f41   Thumb Code  1064  stm32l0xx_hal_rcc.o(i.HAL_RCC_OscConfig)
    HAL_RTCEx_DeactivateWakeUpTimer          0x08002369   Thumb Code   122  stm32l0xx_hal_rtc_ex.o(i.HAL_RTCEx_DeactivateWakeUpTimer)
    HAL_RTCEx_WakeUpTimerEventCallback       0x080023e5   Thumb Code    96  pwr_mngr.o(i.HAL_RTCEx_WakeUpTimerEventCallback)
    HAL_RTCEx_WakeUpTimerIRQHandler          0x0800244d   Thumb Code    52  stm32l0xx_hal_rtc_ex.o(i.HAL_RTCEx_WakeUpTimerIRQHandler)
    HAL_RTC_Init                             0x08002489   Thumb Code   166  stm32l0xx_hal_rtc.o(i.HAL_RTC_Init)
    HAL_RTC_MspInit                          0x08002535   Thumb Code    40  rtc.o(i.HAL_RTC_MspInit)
    HAL_RTC_WaitForSynchro                   0x08002565   Thumb Code    48  stm32l0xx_hal_rtc.o(i.HAL_RTC_WaitForSynchro)
    HAL_SYSTICK_Config                       0x08002599   Thumb Code    38  stm32l0xx_hal_cortex.o(i.HAL_SYSTICK_Config)
    HAL_TIMEx_MasterConfigSynchronization    0x080025c9   Thumb Code    78  stm32l0xx_hal_tim_ex.o(i.HAL_TIMEx_MasterConfigSynchronization)
    HAL_TIM_Base_Init                        0x08002621   Thumb Code    62  stm32l0xx_hal_tim.o(i.HAL_TIM_Base_Init)
    HAL_TIM_Base_MspInit                     0x08002661   Thumb Code    82  tim.o(i.HAL_TIM_Base_MspInit)
    HAL_TIM_Base_Start                       0x080026c5   Thumb Code    60  stm32l0xx_hal_tim.o(i.HAL_TIM_Base_Start)
    HAL_TIM_Base_Start_IT                    0x08002709   Thumb Code    68  stm32l0xx_hal_tim.o(i.HAL_TIM_Base_Start_IT)
    HAL_TIM_Base_Stop                        0x08002755   Thumb Code    28  stm32l0xx_hal_tim.o(i.HAL_TIM_Base_Stop)
    HAL_TIM_IC_CaptureCallback               0x08002775   Thumb Code     2  stm32l0xx_hal_tim.o(i.HAL_TIM_IC_CaptureCallback)
    HAL_TIM_IRQHandler                       0x08002777   Thumb Code   294  stm32l0xx_hal_tim.o(i.HAL_TIM_IRQHandler)
    HAL_TIM_OC_DelayElapsedCallback          0x0800289d   Thumb Code     2  stm32l0xx_hal_tim.o(i.HAL_TIM_OC_DelayElapsedCallback)
    HAL_TIM_PWM_PulseFinishedCallback        0x0800289f   Thumb Code     2  stm32l0xx_hal_tim.o(i.HAL_TIM_PWM_PulseFinishedCallback)
    HAL_TIM_PeriodElapsedCallback            0x080028a1   Thumb Code    78  timer.o(i.HAL_TIM_PeriodElapsedCallback)
    HAL_TIM_SlaveConfigSynchro               0x08002905   Thumb Code    74  stm32l0xx_hal_tim.o(i.HAL_TIM_SlaveConfigSynchro)
    HAL_TIM_TriggerCallback                  0x0800294f   Thumb Code     2  stm32l0xx_hal_tim.o(i.HAL_TIM_TriggerCallback)
    HardFault_Handler                        0x08002951   Thumb Code     2  stm32l0xx_it.o(i.HardFault_Handler)
    I2C1_IRQHandler                          0x08002955   Thumb Code    28  stm32l0xx_it.o(i.I2C1_IRQHandler)
    IIC_Ack                                  0x08003809   Thumb Code    68  simi2c.o(i.IIC_Ack)
    IIC_NAck                                 0x08003851   Thumb Code    56  simi2c.o(i.IIC_NAck)
    IIC_Read_Byte                            0x0800388d   Thumb Code    90  simi2c.o(i.IIC_Read_Byte)
    IIC_Send_Byte                            0x080038ed   Thumb Code    96  simi2c.o(i.IIC_Send_Byte)
    IIC_Start                                0x08003951   Thumb Code    68  simi2c.o(i.IIC_Start)
    IIC_Stop                                 0x08003999   Thumb Code    44  simi2c.o(i.IIC_Stop)
    IIC_Wait_Ack                             0x080039c9   Thumb Code    78  simi2c.o(i.IIC_Wait_Ack)
    MX_DMA_Init                              0x08003a1d   Thumb Code    36  dma.o(i.MX_DMA_Init)
    MX_GPIO_Init                             0x08003a45   Thumb Code   378  gpio.o(i.MX_GPIO_Init)
    MX_I2C1_Init                             0x08003bcd   Thumb Code    84  i2c.o(i.MX_I2C1_Init)
    MX_RTC_Init                              0x08003c2d   Thumb Code    42  rtc.o(i.MX_RTC_Init)
    MX_TIM21_Init                            0x08003c61   Thumb Code   100  tim.o(i.MX_TIM21_Init)
    MX_TIM22_Init                            0x08003ccd   Thumb Code    94  tim.o(i.MX_TIM22_Init)
    MX_TIM6_Init                             0x08003d39   Thumb Code    64  tim.o(i.MX_TIM6_Init)
    MainPage_CallBack                        0x08003d85   Thumb Code    46  wououi_user.o(i.MainPage_CallBack)
    NMI_Handler                              0x08003dd1   Thumb Code     2  stm32l0xx_it.o(i.NMI_Handler)
    OLED_AllBlur                             0x08003dd3   Thumb Code    80  wououi_oled.o(i.OLED_AllBlur)
    OLED_Animation                           0x08003e23   Thumb Code    90  wououi.o(i.OLED_Animation)
    OLED_ClearBuff                           0x08003ebd   Thumb Code    32  wououi_oled.o(i.OLED_ClearBuff)
    OLED_ConWinInit                          0x08003ee5   Thumb Code    90  wououi_win.o(i.OLED_ConWinInit)
    OLED_ConWinReact                         0x08003f49   Thumb Code   136  wououi_win.o(i.OLED_ConWinReact)
    OLED_ConWinShow                          0x08003fd5   Thumb Code   382  wououi_win.o(i.OLED_ConWinShow)
    OLED_DrawSmoothCurve                     0x0800416d   Thumb Code   224  wououi_udp.o(i.OLED_DrawSmoothCurve)
    OLED_EQPageEnterInit                     0x08004251   Thumb Code    48  wououi_udp.o(i.OLED_EQPageEnterInit)
    OLED_EQPageInit                          0x08004285   Thumb Code    70  wououi_udp.o(i.OLED_EQPageInit)
    OLED_EQPageReact                         0x080042d9   Thumb Code   622  wououi_udp.o(i.OLED_EQPageReact)
    OLED_EQPageShow                          0x0800457d   Thumb Code   194  wououi_udp.o(i.OLED_EQPageShow)
    OLED_GetStrHeight                        0x08004679   Thumb Code    42  wououi_oled.o(i.OLED_GetStrHeight)
    OLED_GetStrWidth                         0x080046a3   Thumb Code    18  wououi_oled.o(i.OLED_GetStrWidth)
    OLED_InfoWinInit                         0x080046b5   Thumb Code    86  wououi_win.o(i.OLED_InfoWinInit)
    OLED_InfoWinReact                        0x08004715   Thumb Code    86  wououi_win.o(i.OLED_InfoWinReact)
    OLED_InfoWinShow                         0x08004771   Thumb Code   228  wououi_win.o(i.OLED_InfoWinShow)
    OLED_Init                                0x08004865   Thumb Code   220  oled.o(i.OLED_Init)
    OLED_ListDrawText_CheckBox               0x08004941   Thumb Code   178  wououi_page.o(i.OLED_ListDrawText_CheckBox)
    OLED_ListPageEnterInit                   0x080049fd   Thumb Code    22  wououi_page.o(i.OLED_ListPageEnterInit)
    OLED_ListPageInit                        0x08004a1d   Thumb Code    74  wououi_page.o(i.OLED_ListPageInit)
    OLED_ListPageReact                       0x08004a75   Thumb Code   672  wououi_page.o(i.OLED_ListPageReact)
    OLED_ListPageShow                        0x08004d29   Thumb Code   328  wououi_page.o(i.OLED_ListPageShow)
    OLED_MsgQueClear                         0x08004e81   Thumb Code    14  wououi.o(i.OLED_MsgQueClear)
    OLED_MsgQueRead                          0x08004e95   Thumb Code    36  wououi.o(i.OLED_MsgQueRead)
    OLED_MsgQueSend                          0x08004ebd   Thumb Code    48  wououi.o(i.OLED_MsgQueSend)
    OLED_PageInit                            0x08004ef1   Thumb Code    22  wououi_page.o(i.OLED_PageInit)
    OLED_PageReturn                          0x08004f0d   Thumb Code    52  wououi_page.o(i.OLED_PageReturn)
    OLED_PlayingPageEnterInit                0x08004f45   Thumb Code     2  wououi_udp.o(i.OLED_PlayingPageEnterInit)
    OLED_PlayingPageInit                     0x08004f49   Thumb Code    70  wououi_udp.o(i.OLED_PlayingPageInit)
    OLED_PlayingPageReact                    0x08004f9d   Thumb Code   514  wououi_udp.o(i.OLED_PlayingPageReact)
    OLED_PlayingPageShow                     0x080051b5   Thumb Code   140  wououi_udp.o(i.OLED_PlayingPageShow)
    OLED_RamClear                            0x08005251   Thumb Code    26  oled.o(i.OLED_RamClear)
    OLED_Refresh_FrameBuffer                 0x08005271   Thumb Code   110  oled.o(i.OLED_Refresh_FrameBuffer)
    OLED_Refresh_Gram                        0x080052e5   Thumb Code   110  oled.o(i.OLED_Refresh_Gram)
    OLED_SendBuff                            0x0800535d   Thumb Code    10  wououi_oled.o(i.OLED_SendBuff)
    OLED_SetPointColor                       0x0800536d   Thumb Code    46  wououi_oled.o(i.OLED_SetPointColor)
    OLED_SlideValWinInit                     0x080053a1   Thumb Code   108  wououi_win.o(i.OLED_SlideValWinInit)
    OLED_SlideValWinReact                    0x08005415   Thumb Code   116  wououi_win.o(i.OLED_SlideValWinReact)
    OLED_SlideValWinShow                     0x0800548d   Thumb Code   426  wououi_win.o(i.OLED_SlideValWinShow)
    OLED_SpinWinInit                         0x0800564d   Thumb Code   240  wououi_win.o(i.OLED_SpinWinInit)
    OLED_SpinWinReact                        0x08005769   Thumb Code   240  wououi_win.o(i.OLED_SpinWinReact)
    OLED_SpinWinShow                         0x0800585d   Thumb Code   492  wououi_win.o(i.OLED_SpinWinShow)
    OLED_TitlePageEnterInit                  0x08005a71   Thumb Code    54  wououi_page.o(i.OLED_TitlePageEnterInit)
    OLED_TitlePageInit                       0x08005ab9   Thumb Code    66  wououi_page.o(i.OLED_TitlePageInit)
    OLED_TitlePageReact                      0x08005b09   Thumb Code   300  wououi_page.o(i.OLED_TitlePageReact)
    OLED_TitlePageShow                       0x08005c41   Thumb Code   412  wououi_page.o(i.OLED_TitlePageShow)
    OLED_UIBeginDynamicRefresh               0x08005df1   Thumb Code    12  wououi.o(i.OLED_UIBeginDynamicRefresh)
    OLED_UIBlurProc                          0x08005e01   Thumb Code   192  wououi.o(i.OLED_UIBlurProc)
    OLED_UIFadeInInit                        0x08005ec5   Thumb Code    28  wououi.o(i.OLED_UIFadeInInit)
    OLED_UIFadeOutInit                       0x08005ee5   Thumb Code    34  wououi.o(i.OLED_UIFadeOutInit)
    OLED_UIIndicatorProc                     0x08005f0d   Thumb Code   420  wououi.o(i.OLED_UIIndicatorProc)
    OLED_UIJumpToPage                        0x080060b5   Thumb Code    54  wououi.o(i.OLED_UIJumpToPage)
    OLED_UILayerInProc                       0x080060f1   Thumb Code    22  wououi.o(i.OLED_UILayerInProc)
    OLED_UILayerOutProc                      0x0800610d   Thumb Code    40  wououi.o(i.OLED_UILayerOutProc)
    OLED_UIPageProc                          0x08006139   Thumb Code   196  wououi.o(i.OLED_UIPageProc)
    OLED_UIProc                              0x08006201   Thumb Code   220  wououi.o(i.OLED_UIProc)
    OLED_UIScrollBarProc                     0x080062e9   Thumb Code   102  wououi.o(i.OLED_UIScrollBarProc)
    OLED_WinDrawASCII                        0x08006385   Thumb Code   456  wououi_oled.o(i.OLED_WinDrawASCII)
    OLED_WinDrawBMP                          0x0800654d   Thumb Code   230  wououi_oled.o(i.OLED_WinDrawBMP)
    OLED_WinDrawBoxRightAngle                0x08006633   Thumb Code   184  wououi_oled.o(i.OLED_WinDrawBoxRightAngle)
    OLED_WinDrawHLine                        0x080066eb   Thumb Code    92  wououi_oled.o(i.OLED_WinDrawHLine)
    OLED_WinDrawLine                         0x08006747   Thumb Code   238  wououi_oled.o(i.OLED_WinDrawLine)
    OLED_WinDrawPoint                        0x08006835   Thumb Code    10  wououi_oled.o(i.OLED_WinDrawPoint)
    OLED_WinDrawRBox                         0x0800683f   Thumb Code   118  wououi_oled.o(i.OLED_WinDrawRBox)
    OLED_WinDrawRBoxEmpty                    0x080068b5   Thumb Code   184  wououi_oled.o(i.OLED_WinDrawRBoxEmpty)
    OLED_WinDrawStr                          0x0800696d   Thumb Code   108  wououi_oled.o(i.OLED_WinDrawStr)
    OLED_WinDrawVLine                        0x080069d9   Thumb Code   152  wououi_oled.o(i.OLED_WinDrawVLine)
    OLED_WinFSM                              0x08006a71   Thumb Code    54  wououi_win.o(i.OLED_WinFSM)
    OLED_displayON                           0x08006b35   Thumb Code    12  oled.o(i.OLED_displayON)
    PendSV_Handler                           0x08006b41   Thumb Code     2  stm32l0xx_it.o(i.PendSV_Handler)
    PlayingPage_CallBack                     0x08006b45   Thumb Code   128  wououi_user.o(i.PlayingPage_CallBack)
    RTC_EnterInitMode                        0x08006bfd   Thumb Code    70  stm32l0xx_hal_rtc.o(i.RTC_EnterInitMode)
    RTC_ExitInitMode                         0x08006c43   Thumb Code    46  stm32l0xx_hal_rtc.o(i.RTC_ExitInitMode)
    RTC_IRQHandler                           0x08006c71   Thumb Code    10  stm32l0xx_it.o(i.RTC_IRQHandler)
    SVC_Handler                              0x08006ccd   Thumb Code     2  stm32l0xx_it.o(i.SVC_Handler)
    SettingPage_CallBack                     0x08006cd1   Thumb Code    30  wououi_user.o(i.SettingPage_CallBack)
    Setting_EQPage_CallBack                  0x08006cf5   Thumb Code    26  wououi_user.o(i.Setting_EQPage_CallBack)
    Setting_EQPresetPage_CallBack            0x08006d1d   Thumb Code    14  wououi_user.o(i.Setting_EQPresetPage_CallBack)
    SysTick_Handler                          0x08006d31   Thumb Code     8  stm32l0xx_it.o(i.SysTick_Handler)
    SystemClock_Config                       0x08006d39   Thumb Code   148  main.o(i.SystemClock_Config)
    SystemInit                               0x08006dd1   Thumb Code     2  system_stm32l0xx.o(i.SystemInit)
    TIM21_IRQHandler                         0x08006dd5   Thumb Code    10  stm32l0xx_it.o(i.TIM21_IRQHandler)
    TIM6_IRQHandler                          0x08006de5   Thumb Code    10  stm32l0xx_it.o(i.TIM6_IRQHandler)
    TestUI_Init                              0x08006f39   Thumb Code   110  wououi_user.o(i.TestUI_Init)
    WouoUI_port_SendBuff                     0x08006fd1   Thumb Code     8  wououi_port.o(i.WouoUI_port_SendBuff)
    __0sprintf                               0x08006fd9   Thumb Code    36  printfa.o(i.__0sprintf)
    __1sprintf                               0x08006fd9   Thumb Code     0  printfa.o(i.__0sprintf)
    __2sprintf                               0x08006fd9   Thumb Code     0  printfa.o(i.__0sprintf)
    __c89sprintf                             0x08006fd9   Thumb Code     0  printfa.o(i.__0sprintf)
    sprintf                                  0x08006fd9   Thumb Code     0  printfa.o(i.__0sprintf)
    __ARM_clz                                0x08007001   Thumb Code    46  depilogue.o(i.__ARM_clz)
    __ARM_common_ll_muluu                    0x0800702f   Thumb Code    48  stm32l0xx_hal_rcc.o(i.__ARM_common_ll_muluu)
    __ARM_common_switch8                     0x0800705f   Thumb Code    26  stm32l0xx_hal_dma.o(i.__ARM_common_switch8)
    __ARM_fpclassify                         0x08007079   Thumb Code    40  fpclassify.o(i.__ARM_fpclassify)
    __ieee754_rem_pio2                       0x080070e9   Thumb Code   838  rred.o(i.__ieee754_rem_pio2)
    __kernel_cos                             0x08007485   Thumb Code   224  cos_i.o(i.__kernel_cos)
    __kernel_poly                            0x08007579   Thumb Code   172  poly.o(i.__kernel_poly)
    __kernel_sin                             0x08007625   Thumb Code   222  sin_i.o(i.__kernel_sin)
    __mathlib_dbl_divzero                    0x08007711   Thumb Code    16  dunder.o(i.__mathlib_dbl_divzero)
    __mathlib_dbl_infnan                     0x08007725   Thumb Code    10  dunder.o(i.__mathlib_dbl_infnan)
    __mathlib_dbl_infnan2                    0x0800772f   Thumb Code     8  dunder.o(i.__mathlib_dbl_infnan2)
    __mathlib_dbl_invalid                    0x08007737   Thumb Code    16  dunder.o(i.__mathlib_dbl_invalid)
    __mathlib_dbl_overflow                   0x08007749   Thumb Code    16  dunder.o(i.__mathlib_dbl_overflow)
    __mathlib_dbl_underflow                  0x0800775d   Thumb Code    14  dunder.o(i.__mathlib_dbl_underflow)
    __scatterload_copy                       0x08007771   Thumb Code    14  handlers.o(i.__scatterload_copy)
    __scatterload_null                       0x0800777f   Thumb Code     2  handlers.o(i.__scatterload_null)
    __scatterload_zeroinit                   0x08007781   Thumb Code    14  handlers.o(i.__scatterload_zeroinit)
    __set_errno                              0x08007791   Thumb Code     6  errno.o(i.__set_errno)
    audio_enable_proc                        0x08008039   Thumb Code   110  audio.o(i.audio_enable_proc)
    audio_param_init                         0x080080b5   Thumb Code   148  audio.o(i.audio_param_init)
    audio_read_configs_from_eeprom           0x08008155   Thumb Code    14  audio.o(i.audio_read_configs_from_eeprom)
    audio_save_configs_to_eeprom             0x08008163   Thumb Code    14  audio.o(i.audio_save_configs_to_eeprom)
    bsp_43131_init                           0x08008171   Thumb Code   430  cs43131.o(i.bsp_43131_init)
    bsp_43131_set_volume                     0x0800833d   Thumb Code    34  cs43131.o(i.bsp_43131_set_volume)
    bsp_adau1761_eq_download                 0x080084d1   Thumb Code   454  adau1761.o(i.bsp_adau1761_eq_download)
    bsp_btn_scan_init                        0x08008699   Thumb Code   192  key.o(i.bsp_btn_scan_init)
    bsp_cw2015_init                          0x0800877d   Thumb Code    16  cw2015.o(i.bsp_cw2015_init)
    bsp_cw2015_set_alrt                      0x0800878d   Thumb Code    20  cw2015.o(i.bsp_cw2015_set_alrt)
    bsp_cw2015_slp                           0x080087a1   Thumb Code    20  cw2015.o(i.bsp_cw2015_slp)
    bsp_tim22_delay_us                       0x080087b5   Thumb Code    52  timer.o(i.bsp_tim22_delay_us)
    button_attach                            0x080087f1   Thumb Code     8  multi_button.o(i.button_attach)
    button_init                              0x080089bb   Thumb Code    60  multi_button.o(i.button_init)
    button_start                             0x080089f9   Thumb Code    32  multi_button.o(i.button_start)
    button_ticks                             0x08008a1d   Thumb Code    22  multi_button.o(i.button_ticks)
    cos                                      0x08008a4d   Thumb Code   142  cos.o(i.cos)
    default_download_IC_2                    0x08008ae5   Thumb Code   584  adau1761.o(i.default_download_IC_2)
    free                                     0x08008d3d   Thumb Code    80  malloc.o(i.free)
    main                                     0x08008d91   Thumb Code    54  main.o(i.main)
    main_FSM                                 0x08008dd1   Thumb Code    48  tasks.o(i.main_FSM)
    malloc                                   0x08008e01   Thumb Code    92  malloc.o(i.malloc)
    pow                                      0x08008ea1   Thumb Code  2428  pow.o(i.pow)
    qcc5125_btn_press                        0x08009821   Thumb Code    22  qcc5125.o(i.qcc5125_btn_press)
    qcc5125_status_proc                      0x08009891   Thumb Code   126  qcc5125.o(i.qcc5125_status_proc)
    read_btn_level                           0x0800991d   Thumb Code    66  key.o(i.read_btn_level)
    sin                                      0x08009969   Thumb Code   146  sin.o(i.sin)
    sqrt                                     0x08009a05   Thumb Code    66  sqrt.o(i.sqrt)
    sys_ctrl_status_switch                   0x08009a4d   Thumb Code     2  pwr_mngr.o(i.sys_ctrl_status_switch)
    sys_pwrctrl_power_up                     0x08009a51   Thumb Code   110  pwr_mngr.o(i.sys_pwrctrl_power_up)
    system_init                              0x08009ac5   Thumb Code   160  sys_init.o(i.system_init)
    ui_ftoa_str                              0x08009b7d   Thumb Code    98  wououi.o(i.ui_ftoa_str)
    ui_itoa                                  0x08009bf5   Thumb Code    26  wououi.o(i.ui_itoa)
    ui_itoa_str                              0x08009c19   Thumb Code    28  wououi.o(i.ui_itoa_str)
    AHBPrescTable                            0x08009c38   Data          16  system_stm32l0xx.o(.constdata)
    PLLMulTable                              0x08009c48   Data           9  system_stm32l0xx.o(.constdata)
    R0_SAMPLE_RATE_SETTING_IC_2_Default      0x08009c51   Data           1  adau1761.o(.constdata)
    R1_DSP_RUN_REGISTER_IC_2_Default         0x08009c52   Data           1  adau1761.o(.constdata)
    R2_CLKCTRLREGISTER_IC_2_Default          0x08009c53   Data           1  adau1761.o(.constdata)
    R7_MICCTRLREGISTER_IC_2_Default          0x08009c54   Data           1  adau1761.o(.constdata)
    R13_SERIAL_PORT_PAD_CONTROL_REGISTERS_IC_2_Default 0x08009c55   Data           1  adau1761.o(.constdata)
    R15_JACKREGISTER_IC_2_Default            0x08009c56   Data           1  adau1761.o(.constdata)
    R21_DSP_ENABLE_REGISTER_IC_2_Default     0x08009c57   Data           1  adau1761.o(.constdata)
    R26_SAMPLE_RATE_SETTING_IC_2_Default     0x08009c58   Data           1  adau1761.o(.constdata)
    R27_ROUTING_MATRIX_INPUTS_IC_2_Default   0x08009c59   Data           1  adau1761.o(.constdata)
    R28_ROUTING_MATRIX_OUTPUTS_IC_2_Default  0x08009c5a   Data           1  adau1761.o(.constdata)
    R29_SERIAL_DATAGPIO_PIN_CONFIG_IC_2_Default 0x08009c5b   Data           1  adau1761.o(.constdata)
    R30_DSP_SLEW_MODES_IC_2_Default          0x08009c5c   Data           1  adau1761.o(.constdata)
    R31_SERIAL_PORT_SAMPLE_RATE_SETTING_IC_2_Default 0x08009c5d   Data           1  adau1761.o(.constdata)
    R35_SAMPLE_RATE_SETTING_IC_2_Default     0x08009c5e   Data           1  adau1761.o(.constdata)
    R36_DSP_RUN_REGISTER_IC_2_Default        0x08009c5f   Data           1  adau1761.o(.constdata)
    R37_DEJITTER_REGISTER_CONTROL_IC_2_Default 0x08009c60   Data           1  adau1761.o(.constdata)
    R38_DEJITTER_REGISTER_CONTROL_IC_2_Default 0x08009c61   Data           1  adau1761.o(.constdata)
    R5_SERIAL_PORT_CONTROL_REGISTERS_IC_2_Default 0x08009c62   Data           2  adau1761.o(.constdata)
    R11_CONVERTER_CONTROL_REGISTERS_IC_2_Default 0x08009c64   Data           2  adau1761.o(.constdata)
    R14_COMMUNICATION_PORT_PAD_CONTROL_REGISTERS_IC_2_Default 0x08009c66   Data           2  adau1761.o(.constdata)
    R24_NON_MODULO_REGISTERS_IC_2_Default    0x08009c68   Data           2  adau1761.o(.constdata)
    R32_CLOCK_ENABLE_REGISTERS_IC_2_Default  0x08009c6a   Data           2  adau1761.o(.constdata)
    R9_ADC_CONTROL_REGISTERS_IC_2_Default    0x08009c6c   Data           3  adau1761.o(.constdata)
    R12_DAC_CONTROL_REGISTERS_IC_2_Default   0x08009c6f   Data           3  adau1761.o(.constdata)
    R6_ALC_CONTROL_REGISTERS_IC_2_Default    0x08009c72   Data           4  adau1761.o(.constdata)
    R23_GPIO_REGISTERS_IC_2_Default          0x08009c76   Data           4  adau1761.o(.constdata)
    R22_CRC_REGISTERS_IC_2_Default           0x08009c7a   Data           5  adau1761.o(.constdata)
    R25_WATCHDOG_REGISTERS_IC_2_Default      0x08009c7f   Data           5  adau1761.o(.constdata)
    R3_PLLCRLREGISTER_IC_2_Default           0x08009c84   Data           6  adau1761.o(.constdata)
    R8_RECORD_INPUT_SIGNAL_PATH_REGISTERS_IC_2_Default 0x08009c8a   Data           8  adau1761.o(.constdata)
    Program_Data_IC_2                        0x08009c92   Data        1165  adau1761.o(.constdata)
    Param_Data_IC_2                          0x0800a11f   Data         240  adau1761.o(.constdata)
    R10_PLAYBACK_OUTPUT_SIGNAL_PATH_REGISTERS_IC_2_Default 0x0800a20f   Data          14  adau1761.o(.constdata)
    F6x8                                     0x0800a21d   Data         570  wououi_font.o(.constdata)
    F7x12                                    0x0800a457   Data        1330  wououi_font.o(.constdata)
    F12X24                                   0x0800a989   Data        3420  wououi_font.o(.constdata)
    main_icon_array                          0x0800b6e8   Data         360  wououi_user.o(.constdata)
    mian_option_array                        0x0800b850   Data          96  wououi_user.o(.constdata)
    play_option_array                        0x0800b8b0   Data         192  wououi_user.o(.constdata)
    icon_play_checked_16_16                  0x0800b970   Data          32  wououi_udp.o(.constdata)
    icon_play_unchecked_16_16                0x0800b990   Data          32  wououi_udp.o(.constdata)
    icon_next_checked_16_16                  0x0800b9b0   Data          32  wououi_udp.o(.constdata)
    icon_next_unchecked_16_16                0x0800b9d0   Data          32  wououi_udp.o(.constdata)
    icon_prev_checked_16_16                  0x0800b9f0   Data          32  wououi_udp.o(.constdata)
    icon_prev_unchecked_16_16                0x0800ba10   Data          32  wououi_udp.o(.constdata)
    icon_bl_disconn_16_16                    0x0800ba30   Data          32  wououi_udp.o(.constdata)
    icon_bl_conn_16_16                       0x0800ba50   Data          32  wououi_udp.o(.constdata)
    icon_vol3_16_16                          0x0800ba70   Data          32  wououi_udp.o(.constdata)
    icon_vol2_16_16                          0x0800ba90   Data          32  wououi_udp.o(.constdata)
    icon_vol1_16_16                          0x0800bab0   Data          32  wououi_udp.o(.constdata)
    icon_vol0_16_16                          0x0800bad0   Data          32  wououi_udp.o(.constdata)
    icon_pause_unchecked_16_16               0x0800baf0   Data          32  wououi_udp.o(.constdata)
    icon_pause_checked_16_16                 0x0800bb10   Data          32  wououi_udp.o(.constdata)
    __mathlib_zero                           0x0800bbe8   Data           8  qnan.o(.constdata)
    Region$$Table$$Base                      0x0800be6c   Number         0  anon$$obj.o(Region$$Table)
    Region$$Table$$Limit                     0x0800be8c   Number         0  anon$$obj.o(Region$$Table)
    uwTickFreq                               0x20000000   Data           1  stm32l0xx_hal.o(.data)
    uwTickPrio                               0x20000004   Data           4  stm32l0xx_hal.o(.data)
    uwTick                                   0x20000008   Data           4  stm32l0xx_hal.o(.data)
    SystemCoreClock                          0x2000000c   Data           4  system_stm32l0xx.o(.data)
    auto_pwroff_timeout                      0x20000018   Data           2  pwr_mngr.o(.data)
    sys_ctrl                                 0x2000001a   Data           2  pwr_mngr.o(.data)
    audio_init_flag                          0x2000001c   Data           1  audio.o(.data)
    device_last_state                        0x2000001d   Data           1  tasks.o(.data)
    device_current_state                     0x2000001e   Data           1  tasks.o(.data)
    qcc5125_status                           0x2000001f   Data           4  qcc5125.o(.data)
    p_cur_ui                                 0x20000024   Data           4  wououi.o(.data)
    w_all                                    0x20000028   Data           8  wououi.o(.data)
    default_ui                               0x20000030   Data         552  wououi.o(.data)
    g_default_ui_para                        0x20000258   Data          20  wououi.o(.data)
    Font_6_8                                 0x2000026c   Data          12  wououi_font.o(.data)
    Font_7_12                                0x20000278   Data          12  wououi_font.o(.data)
    Font_12_24                               0x20000284   Data          12  wououi_font.o(.data)
    OLED_revColor                            0x20000290   Data           1  wououi_oled.o(.data)
    OLED_penColor                            0x20000291   Data           1  wououi_oled.o(.data)
    OLED_bgColor                             0x20000292   Data           1  wououi_oled.o(.data)
    oled_buff_dynamic                        0x20000294   Data        1024  wououi_oled.o(.data)
    setting_option_array                     0x20000698   Data         224  wououi_user.o(.data)
    setting_preset_option_array              0x20000778   Data         160  wououi_user.o(.data)
    setting_eq_option_array                  0x20000818   Data         352  wououi_user.o(.data)
    __microlib_freelist                      0x20000980   Data           4  mvars.o(.data)
    __microlib_freelist_initialised          0x20000984   Data           4  mvars.o(.data)
    hi2c1                                    0x2000098c   Data          84  i2c.o(.bss)
    hdma_i2c1_tx                             0x200009e0   Data          72  i2c.o(.bss)
    hrtc                                     0x20000a28   Data          36  rtc.o(.bss)
    htim6                                    0x20000a4c   Data          64  tim.o(.bss)
    htim21                                   0x20000a8c   Data          64  tim.o(.bss)
    htim22                                   0x20000acc   Data          64  tim.o(.bss)
    pFlash                                   0x20000b0c   Data          24  stm32l0xx_hal_flash.o(.bss)
    btn_up                                   0x20000b24   Data          44  key.o(.bss)
    btn_down                                 0x20000b50   Data          44  key.o(.bss)
    btn_prev                                 0x20000b7c   Data          44  key.o(.bss)
    btn_next                                 0x20000ba8   Data          44  key.o(.bss)
    btn_mid                                  0x20000bd4   Data          44  key.o(.bss)
    configures                               0x20000c00   Data          42  audio.o(.bss)
    OLED_GRAM                                0x20000c5c   Data        1024  oled.o(.bss)
    qcc5125_btn                              0x2000105c   Data          40  qcc5125.o(.bss)
    eq_channel                               0x20001084   Data         440  adau1761.o(.bss)
    oled_buff                                0x2000125c   Data        1024  wououi_oled.o(.bss)
    playing_page                             0x2000165c   Data          40  wououi_user.o(.bss)
    main_page                                0x20001684   Data          40  wououi_user.o(.bss)
    setting_page                             0x200016ac   Data          40  wououi_user.o(.bss)
    setting_eqpreset_page                    0x200016d4   Data          40  wououi_user.o(.bss)
    setting_eq_page                          0x200016fc   Data         156  wououi_user.o(.bss)
    __heap_base                              0x20001798   Data           0  startup_stm32l051xx.o(HEAP)
    __heap_limit                             0x20001998   Data           0  startup_stm32l051xx.o(HEAP)
    __initial_sp                             0x20001d98   Data           0  startup_stm32l051xx.o(STACK)



==============================================================================

Memory Map of the image

  Image Entry point : 0x080000c1

  Load Region LR_IROM1 (Base: 0x08000000, Size: 0x0000c818, Max: 0x00010000, ABSOLUTE, COMPRESSED[0x0000bf98])

    Execution Region ER_IROM1 (Exec base: 0x08000000, Load base: 0x08000000, Size: 0x0000be8c, Max: 0x00010000, ABSOLUTE)

    Exec Addr    Load Addr    Size         Type   Attr      Idx    E Section Name        Object

    0x08000000   0x08000000   0x000000c0   Data   RO            3    RESET               startup_stm32l051xx.o
    0x080000c0   0x080000c0   0x00000000   Code   RO         4935  * .ARM.Collect$$$$00000000  mc_p.l(entry.o)
    0x080000c0   0x080000c0   0x00000004   Code   RO         5328    .ARM.Collect$$$$00000001  mc_p.l(entry2.o)
    0x080000c4   0x080000c4   0x00000004   Code   RO         5331    .ARM.Collect$$$$00000004  mc_p.l(entry5.o)
    0x080000c8   0x080000c8   0x00000000   Code   RO         5333    .ARM.Collect$$$$00000008  mc_p.l(entry7b.o)
    0x080000c8   0x080000c8   0x00000000   Code   RO         5335    .ARM.Collect$$$$0000000A  mc_p.l(entry8b.o)
    0x080000c8   0x080000c8   0x00000008   Code   RO         5336    .ARM.Collect$$$$0000000B  mc_p.l(entry9a.o)
    0x080000d0   0x080000d0   0x00000000   Code   RO         5338    .ARM.Collect$$$$0000000D  mc_p.l(entry10a.o)
    0x080000d0   0x080000d0   0x00000000   Code   RO         5340    .ARM.Collect$$$$0000000F  mc_p.l(entry11a.o)
    0x080000d0   0x080000d0   0x00000004   Code   RO         5329    .ARM.Collect$$$$00002712  mc_p.l(entry2.o)
    0x080000d4   0x080000d4   0x0000001c   Code   RO            4    .text               startup_stm32l051xx.o
    0x080000f0   0x080000f0   0x0000002c   Code   RO         4938    .text               mc_p.l(uidiv.o)
    0x0800011c   0x0800011c   0x00000028   Code   RO         4940    .text               mc_p.l(idiv.o)
    0x08000144   0x08000144   0x00000060   Code   RO         4942    .text               mc_p.l(uldiv.o)
    0x080001a4   0x080001a4   0x00000024   Code   RO         4944    .text               mc_p.l(memcpya.o)
    0x080001c8   0x080001c8   0x00000024   Code   RO         4946    .text               mc_p.l(memseta.o)
    0x080001ec   0x080001ec   0x0000000e   Code   RO         4948    .text               mc_p.l(strlen.o)
    0x080001fa   0x080001fa   0x0000001c   Code   RO         4950    .text               mc_p.l(strcmp.o)
    0x08000216   0x08000216   0x0000001a   Code   RO         4952    .text               mc_p.l(memcmp.o)
    0x08000230   0x08000230   0x000000b2   Code   RO         5245    .text               mf_p.l(fadd.o)
    0x080002e2   0x080002e2   0x0000007a   Code   RO         5247    .text               mf_p.l(fmul.o)
    0x0800035c   0x0800035c   0x0000007c   Code   RO         5249    .text               mf_p.l(fdiv.o)
    0x080003d8   0x080003d8   0x00000018   Code   RO         5251    .text               mf_p.l(fscalb.o)
    0x080003f0   0x080003f0   0x00000164   Code   RO         5253    .text               mf_p.l(dadd.o)
    0x08000554   0x08000554   0x000000d0   Code   RO         5255    .text               mf_p.l(dmul.o)
    0x08000624   0x08000624   0x000000f0   Code   RO         5257    .text               mf_p.l(ddiv.o)
    0x08000714   0x08000714   0x0000002c   Code   RO         5259    .text               mf_p.l(dscalb.o)
    0x08000740   0x08000740   0x00000016   Code   RO         5261    .text               mf_p.l(fflti.o)
    0x08000756   0x08000756   0x0000000e   Code   RO         5263    .text               mf_p.l(ffltui.o)
    0x08000764   0x08000764   0x00000028   Code   RO         5265    .text               mf_p.l(dflti.o)
    0x0800078c   0x0800078c   0x0000001c   Code   RO         5267    .text               mf_p.l(dfltui.o)
    0x080007a8   0x080007a8   0x0000002c   Code   RO         5269    .text               mf_p.l(dfltl.o)
    0x080007d4   0x080007d4   0x00000032   Code   RO         5271    .text               mf_p.l(ffixi.o)
    0x08000806   0x08000806   0x00000040   Code   RO         5273    .text               mf_p.l(ffixl.o)
    0x08000846   0x08000846   0x00000002   PAD
    0x08000848   0x08000848   0x00000048   Code   RO         5275    .text               mf_p.l(dfixi.o)
    0x08000890   0x08000890   0x00000028   Code   RO         5279    .text               mf_p.l(f2d.o)
    0x080008b8   0x080008b8   0x00000038   Code   RO         5281    .text               mf_p.l(d2f.o)
    0x080008f0   0x080008f0   0x00000014   Code   RO         5283    .text               mf_p.l(cfcmple.o)
    0x08000904   0x08000904   0x00000014   Code   RO         5285    .text               mf_p.l(cfrcmple.o)
    0x08000918   0x08000918   0x00000020   Code   RO         5345    .text               mc_p.l(llshl.o)
    0x08000938   0x08000938   0x00000022   Code   RO         5347    .text               mc_p.l(llushr.o)
    0x0800095a   0x0800095a   0x00000026   Code   RO         5349    .text               mc_p.l(llsshr.o)
    0x08000980   0x08000980   0x00000000   Code   RO         5360    .text               mc_p.l(iusefp.o)
    0x08000980   0x08000980   0x00000082   Code   RO         5361    .text               mf_p.l(fepilogue.o)
    0x08000a02   0x08000a02   0x000000be   Code   RO         5363    .text               mf_p.l(depilogue.o)
    0x08000ac0   0x08000ac0   0x00000040   Code   RO         5367    .text               mf_p.l(dfixul.o)
    0x08000b00   0x08000b00   0x00000028   Code   RO         5369    .text               mf_p.l(cdrcmple.o)
    0x08000b28   0x08000b28   0x00000024   Code   RO         5371    .text               mc_p.l(init.o)
    0x08000b4c   0x08000b4c   0x000000a2   Code   RO         5375    .text               mf_p.l(dsqrt.o)
    0x08000bee   0x08000bee   0x00000056   Code   RO         5387    .text               mc_p.l(__dczerorl2.o)
    0x08000c44   0x08000c44   0x0000000a   Code   RO         3448    i.BTNDOWN_SINGLE_Click_Handler  key.o
    0x08000c4e   0x08000c4e   0x00000002   Code   RO         3449    i.BTNMID_LONG_PRESS_START_Handler  key.o
    0x08000c50   0x08000c50   0x0000000a   Code   RO         3450    i.BTNMID_SINGLE_Click_Handler  key.o
    0x08000c5a   0x08000c5a   0x0000000a   Code   RO         3451    i.BTNNEXT_SINGLE_Click_Handler  key.o
    0x08000c64   0x08000c64   0x0000000a   Code   RO         3452    i.BTNPREV_LONG_PRESS_START_Handler  key.o
    0x08000c6e   0x08000c6e   0x0000000a   Code   RO         3453    i.BTNPREV_SINGLE_Click_Handler  key.o
    0x08000c78   0x08000c78   0x0000000a   Code   RO         3454    i.BTNUP_SINGLE_Click_Handler  key.o
    0x08000c82   0x08000c82   0x00000028   Code   RO         3909    i.CS43131_ReadReg   cs43131.o
    0x08000caa   0x08000caa   0x0000004a   Code   RO         3910    i.CS43131_WriteReg  cs43131.o
    0x08000cf4   0x08000cf4   0x00000076   Code   RO         3911    i.CS_I2C_ReadPayload  cs43131.o
    0x08000d6a   0x08000d6a   0x00000040   Code   RO         3830    i.CW2015_WriteOneByte  cw2015.o
    0x08000daa   0x08000daa   0x00000002   PAD
    0x08000dac   0x08000dac   0x00000010   Code   RO          342    i.DMA1_Channel2_3_IRQHandler  stm32l0xx_it.o
    0x08000dbc   0x08000dbc   0x0000002c   Code   RO         1663    i.DMA_SetConfig     stm32l0xx_hal_dma.o
    0x08000de8   0x08000de8   0x00000020   Code   RO         3538    i.EEPROM_Read       eeprom.o
    0x08000e08   0x08000e08   0x00000070   Code   RO         3539    i.EEPROM_ReadWithCheck  eeprom.o
    0x08000e78   0x08000e78   0x00000078   Code   RO         3540    i.EEPROM_WriteWithCheck  eeprom.o
    0x08000ef0   0x08000ef0   0x00000010   Code   RO          343    i.EXTI0_1_IRQHandler  stm32l0xx_it.o
    0x08000f00   0x08000f00   0x00000010   Code   RO          344    i.EXTI2_3_IRQHandler  stm32l0xx_it.o
    0x08000f10   0x08000f10   0x00000012   Code   RO          345    i.EXTI4_15_IRQHandler  stm32l0xx_it.o
    0x08000f22   0x08000f22   0x00000004   Code   RO           12    i.Error_Handler     main.o
    0x08000f26   0x08000f26   0x00000008   Code   RO          346    i.FLASH_IRQHandler  stm32l0xx_it.o
    0x08000f2e   0x08000f2e   0x00000002   PAD
    0x08000f30   0x08000f30   0x0000002c   Code   RO         1493    i.FLASH_PageErase   stm32l0xx_hal_flash_ex.o
    0x08000f5c   0x08000f5c   0x00000090   Code   RO         1392    i.FLASH_SetErrorCode  stm32l0xx_hal_flash.o
    0x08000fec   0x08000fec   0x00000070   Code   RO         1393    i.FLASH_WaitForLastOperation  stm32l0xx_hal_flash.o
    0x0800105c   0x0800105c   0x0000004c   Code   RO         1665    i.HAL_DMA_Abort_IT  stm32l0xx_hal_dma.o
    0x080010a8   0x080010a8   0x00000006   Code   RO         1668    i.HAL_DMA_GetState  stm32l0xx_hal_dma.o
    0x080010ae   0x080010ae   0x000000a8   Code   RO         1669    i.HAL_DMA_IRQHandler  stm32l0xx_hal_dma.o
    0x08001156   0x08001156   0x00000002   PAD
    0x08001158   0x08001158   0x00000090   Code   RO         1670    i.HAL_DMA_Init      stm32l0xx_hal_dma.o
    0x080011e8   0x080011e8   0x00000068   Code   RO         1674    i.HAL_DMA_Start_IT  stm32l0xx_hal_dma.o
    0x08001250   0x08001250   0x00000024   Code   RO          991    i.HAL_Delay         stm32l0xx_hal.o
    0x08001274   0x08001274   0x00000014   Code   RO         1499    i.HAL_FLASHEx_DATAEEPROM_Lock  stm32l0xx_hal_flash_ex.o
    0x08001288   0x08001288   0x00000058   Code   RO         1500    i.HAL_FLASHEx_DATAEEPROM_Program  stm32l0xx_hal_flash_ex.o
    0x080012e0   0x080012e0   0x00000034   Code   RO         1501    i.HAL_FLASHEx_DATAEEPROM_Unlock  stm32l0xx_hal_flash_ex.o
    0x08001314   0x08001314   0x00000002   Code   RO         1394    i.HAL_FLASH_EndOfOperationCallback  stm32l0xx_hal_flash.o
    0x08001316   0x08001316   0x00000002   PAD
    0x08001318   0x08001318   0x000000dc   Code   RO         1396    i.HAL_FLASH_IRQHandler  stm32l0xx_hal_flash.o
    0x080013f4   0x080013f4   0x00000002   Code   RO         1401    i.HAL_FLASH_OperationErrorCallback  stm32l0xx_hal_flash.o
    0x080013f6   0x080013f6   0x00000002   Code   RO         1602    i.HAL_GPIO_EXTI_Callback  stm32l0xx_hal_gpio.o
    0x080013f8   0x080013f8   0x00000018   Code   RO         1603    i.HAL_GPIO_EXTI_IRQHandler  stm32l0xx_hal_gpio.o
    0x08001410   0x08001410   0x0000015c   Code   RO         1604    i.HAL_GPIO_Init     stm32l0xx_hal_gpio.o
    0x0800156c   0x0800156c   0x0000000a   Code   RO         1606    i.HAL_GPIO_ReadPin  stm32l0xx_hal_gpio.o
    0x08001576   0x08001576   0x0000000c   Code   RO         1608    i.HAL_GPIO_WritePin  stm32l0xx_hal_gpio.o
    0x08001582   0x08001582   0x00000002   PAD
    0x08001584   0x08001584   0x0000000c   Code   RO          995    i.HAL_GetTick       stm32l0xx_hal.o
    0x08001590   0x08001590   0x0000004a   Code   RO          932    i.HAL_I2CEx_ConfigAnalogFilter  stm32l0xx_hal_i2c_ex.o
    0x080015da   0x080015da   0x00000048   Code   RO          933    i.HAL_I2CEx_ConfigDigitalFilter  stm32l0xx_hal_i2c_ex.o
    0x08001622   0x08001622   0x00000002   PAD
    0x08001624   0x08001624   0x0000001c   Code   RO          936    i.HAL_I2CEx_EnableFastModePlus  stm32l0xx_hal_i2c_ex.o
    0x08001640   0x08001640   0x00000002   Code   RO          464    i.HAL_I2C_AbortCpltCallback  stm32l0xx_hal_i2c.o
    0x08001642   0x08001642   0x00000002   Code   RO          465    i.HAL_I2C_AddrCallback  stm32l0xx_hal_i2c.o
    0x08001644   0x08001644   0x0000005e   Code   RO          468    i.HAL_I2C_ER_IRQHandler  stm32l0xx_hal_i2c.o
    0x080016a2   0x080016a2   0x00000010   Code   RO          469    i.HAL_I2C_EV_IRQHandler  stm32l0xx_hal_i2c.o
    0x080016b2   0x080016b2   0x00000002   Code   RO          471    i.HAL_I2C_ErrorCallback  stm32l0xx_hal_i2c.o
    0x080016b4   0x080016b4   0x000000b4   Code   RO          475    i.HAL_I2C_Init      stm32l0xx_hal_i2c.o
    0x08001768   0x08001768   0x00000002   Code   RO          477    i.HAL_I2C_ListenCpltCallback  stm32l0xx_hal_i2c.o
    0x0800176a   0x0800176a   0x00000002   Code   RO          478    i.HAL_I2C_MasterRxCpltCallback  stm32l0xx_hal_i2c.o
    0x0800176c   0x0800176c   0x00000002   Code   RO          479    i.HAL_I2C_MasterTxCpltCallback  stm32l0xx_hal_i2c.o
    0x0800176e   0x0800176e   0x00000002   PAD
    0x08001770   0x08001770   0x0000011c   Code   RO          489    i.HAL_I2C_Master_Transmit_DMA  stm32l0xx_hal_i2c.o
    0x0800188c   0x0800188c   0x00000002   Code   RO          491    i.HAL_I2C_MemRxCpltCallback  stm32l0xx_hal_i2c.o
    0x0800188e   0x0800188e   0x00000002   Code   RO          492    i.HAL_I2C_MemTxCpltCallback  stm32l0xx_hal_i2c.o
    0x08001890   0x08001890   0x0000014c   Code   RO          496    i.HAL_I2C_Mem_Write  stm32l0xx_hal_i2c.o
    0x080019dc   0x080019dc   0x000000a4   Code   RO          217    i.HAL_I2C_MspInit   i2c.o
    0x08001a80   0x08001a80   0x00000002   Code   RO          501    i.HAL_I2C_SlaveRxCpltCallback  stm32l0xx_hal_i2c.o
    0x08001a82   0x08001a82   0x00000002   Code   RO          502    i.HAL_I2C_SlaveTxCpltCallback  stm32l0xx_hal_i2c.o
    0x08001a84   0x08001a84   0x00000010   Code   RO         1001    i.HAL_IncTick       stm32l0xx_hal.o
    0x08001a94   0x08001a94   0x00000028   Code   RO         1002    i.HAL_Init          stm32l0xx_hal.o
    0x08001abc   0x08001abc   0x00000044   Code   RO         1003    i.HAL_InitTick      stm32l0xx_hal.o
    0x08001b00   0x08001b00   0x0000002c   Code   RO          444    i.HAL_MspInit       stm32l0xx_hal_msp.o
    0x08001b2c   0x08001b2c   0x00000018   Code   RO         1933    i.HAL_NVIC_EnableIRQ  stm32l0xx_hal_cortex.o
    0x08001b44   0x08001b44   0x00000008   Code   RO         1937    i.HAL_NVIC_SetPriority  stm32l0xx_hal_cortex.o
    0x08001b4c   0x08001b4c   0x00000064   Code   RO         1770    i.HAL_PWR_EnterSTOPMode  stm32l0xx_hal_pwr.o
    0x08001bb0   0x08001bb0   0x00000178   Code   RO         1289    i.HAL_RCCEx_PeriphCLKConfig  stm32l0xx_hal_rcc_ex.o
    0x08001d28   0x08001d28   0x0000019c   Code   RO         1189    i.HAL_RCC_ClockConfig  stm32l0xx_hal_rcc.o
    0x08001ec4   0x08001ec4   0x0000007c   Code   RO         1197    i.HAL_RCC_GetSysClockFreq  stm32l0xx_hal_rcc.o
    0x08001f40   0x08001f40   0x00000428   Code   RO         1200    i.HAL_RCC_OscConfig  stm32l0xx_hal_rcc.o
    0x08002368   0x08002368   0x0000007a   Code   RO         2284    i.HAL_RTCEx_DeactivateWakeUpTimer  stm32l0xx_hal_rtc_ex.o
    0x080023e2   0x080023e2   0x00000002   PAD
    0x080023e4   0x080023e4   0x00000068   Code   RO         3625    i.HAL_RTCEx_WakeUpTimerEventCallback  pwr_mngr.o
    0x0800244c   0x0800244c   0x0000003c   Code   RO         2309    i.HAL_RTCEx_WakeUpTimerIRQHandler  stm32l0xx_hal_rtc_ex.o
    0x08002488   0x08002488   0x000000ac   Code   RO         2121    i.HAL_RTC_Init      stm32l0xx_hal_rtc.o
    0x08002534   0x08002534   0x00000030   Code   RO          255    i.HAL_RTC_MspInit   rtc.o
    0x08002564   0x08002564   0x00000034   Code   RO         2129    i.HAL_RTC_WaitForSynchro  stm32l0xx_hal_rtc.o
    0x08002598   0x08002598   0x00000030   Code   RO         1941    i.HAL_SYSTICK_Config  stm32l0xx_hal_cortex.o
    0x080025c8   0x080025c8   0x00000058   Code   RO         3186    i.HAL_TIMEx_MasterConfigSynchronization  stm32l0xx_hal_tim_ex.o
    0x08002620   0x08002620   0x0000003e   Code   RO         2491    i.HAL_TIM_Base_Init  stm32l0xx_hal_tim.o
    0x0800265e   0x0800265e   0x00000002   PAD
    0x08002660   0x08002660   0x00000064   Code   RO          293    i.HAL_TIM_Base_MspInit  tim.o
    0x080026c4   0x080026c4   0x00000044   Code   RO         2494    i.HAL_TIM_Base_Start  stm32l0xx_hal_tim.o
    0x08002708   0x08002708   0x0000004c   Code   RO         2496    i.HAL_TIM_Base_Start_IT  stm32l0xx_hal_tim.o
    0x08002754   0x08002754   0x00000020   Code   RO         2497    i.HAL_TIM_Base_Stop  stm32l0xx_hal_tim.o
    0x08002774   0x08002774   0x00000002   Code   RO         2525    i.HAL_TIM_IC_CaptureCallback  stm32l0xx_hal_tim.o
    0x08002776   0x08002776   0x00000126   Code   RO         2539    i.HAL_TIM_IRQHandler  stm32l0xx_hal_tim.o
    0x0800289c   0x0800289c   0x00000002   Code   RO         2542    i.HAL_TIM_OC_DelayElapsedCallback  stm32l0xx_hal_tim.o
    0x0800289e   0x0800289e   0x00000002   Code   RO         2569    i.HAL_TIM_PWM_PulseFinishedCallback  stm32l0xx_hal_tim.o
    0x080028a0   0x080028a0   0x00000064   Code   RO         3338    i.HAL_TIM_PeriodElapsedCallback  timer.o
    0x08002904   0x08002904   0x0000004a   Code   RO         2580    i.HAL_TIM_SlaveConfigSynchro  stm32l0xx_hal_tim.o
    0x0800294e   0x0800294e   0x00000002   Code   RO         2582    i.HAL_TIM_TriggerCallback  stm32l0xx_hal_tim.o
    0x08002950   0x08002950   0x00000002   Code   RO          347    i.HardFault_Handler  stm32l0xx_it.o
    0x08002952   0x08002952   0x00000002   PAD
    0x08002954   0x08002954   0x00000020   Code   RO          348    i.I2C1_IRQHandler   stm32l0xx_it.o
    0x08002974   0x08002974   0x0000001c   Code   RO          514    i.I2C_DMAAbort      stm32l0xx_hal_i2c.o
    0x08002990   0x08002990   0x00000018   Code   RO          515    i.I2C_DMAError      stm32l0xx_hal_i2c.o
    0x080029a8   0x080029a8   0x00000054   Code   RO          517    i.I2C_DMAMasterTransmitCplt  stm32l0xx_hal_i2c.o
    0x080029fc   0x080029fc   0x00000052   Code   RO          520    i.I2C_Disable_IRQ   stm32l0xx_hal_i2c.o
    0x08002a4e   0x08002a4e   0x00000002   PAD
    0x08002a50   0x08002a50   0x00000080   Code   RO          521    i.I2C_Enable_IRQ    stm32l0xx_hal_i2c.o
    0x08002ad0   0x08002ad0   0x00000022   Code   RO          522    i.I2C_Flush_TXDR    stm32l0xx_hal_i2c.o
    0x08002af2   0x08002af2   0x0000007c   Code   RO          523    i.I2C_ITAddrCplt    stm32l0xx_hal_i2c.o
    0x08002b6e   0x08002b6e   0x00000002   PAD
    0x08002b70   0x08002b70   0x00000114   Code   RO          524    i.I2C_ITError       stm32l0xx_hal_i2c.o
    0x08002c84   0x08002c84   0x00000064   Code   RO          525    i.I2C_ITListenCplt  stm32l0xx_hal_i2c.o
    0x08002ce8   0x08002ce8   0x000000d8   Code   RO          526    i.I2C_ITMasterCplt  stm32l0xx_hal_i2c.o
    0x08002dc0   0x08002dc0   0x00000046   Code   RO          527    i.I2C_ITMasterSeqCplt  stm32l0xx_hal_i2c.o
    0x08002e06   0x08002e06   0x00000002   PAD
    0x08002e08   0x08002e08   0x0000013c   Code   RO          528    i.I2C_ITSlaveCplt   stm32l0xx_hal_i2c.o
    0x08002f44   0x08002f44   0x0000006a   Code   RO          529    i.I2C_ITSlaveSeqCplt  stm32l0xx_hal_i2c.o
    0x08002fae   0x08002fae   0x00000002   PAD
    0x08002fb0   0x08002fb0   0x00000104   Code   RO          530    i.I2C_IsErrorOccurred  stm32l0xx_hal_i2c.o
    0x080030b4   0x080030b4   0x0000010c   Code   RO          531    i.I2C_Master_ISR_DMA  stm32l0xx_hal_i2c.o
    0x080031c0   0x080031c0   0x00000130   Code   RO          532    i.I2C_Master_ISR_IT  stm32l0xx_hal_i2c.o
    0x080032f0   0x080032f0   0x00000110   Code   RO          533    i.I2C_Mem_ISR_DMA   stm32l0xx_hal_i2c.o
    0x08003400   0x08003400   0x00000060   Code   RO          536    i.I2C_RequestMemoryWrite  stm32l0xx_hal_i2c.o
    0x08003460   0x08003460   0x00000112   Code   RO          537    i.I2C_Slave_ISR_DMA  stm32l0xx_hal_i2c.o
    0x08003572   0x08003572   0x00000002   PAD
    0x08003574   0x08003574   0x00000130   Code   RO          538    i.I2C_Slave_ISR_IT  stm32l0xx_hal_i2c.o
    0x080036a4   0x080036a4   0x0000002c   Code   RO          539    i.I2C_TransferConfig  stm32l0xx_hal_i2c.o
    0x080036d0   0x080036d0   0x00000026   Code   RO          540    i.I2C_TreatErrorCallback  stm32l0xx_hal_i2c.o
    0x080036f6   0x080036f6   0x00000062   Code   RO          541    i.I2C_WaitOnFlagUntilTimeout  stm32l0xx_hal_i2c.o
    0x08003758   0x08003758   0x00000056   Code   RO          543    i.I2C_WaitOnSTOPFlagUntilTimeout  stm32l0xx_hal_i2c.o
    0x080037ae   0x080037ae   0x0000005a   Code   RO          544    i.I2C_WaitOnTXISFlagUntilTimeout  stm32l0xx_hal_i2c.o
    0x08003808   0x08003808   0x00000048   Code   RO         3246    i.IIC_Ack           simi2c.o
    0x08003850   0x08003850   0x0000003c   Code   RO         3248    i.IIC_NAck          simi2c.o
    0x0800388c   0x0800388c   0x00000060   Code   RO         3249    i.IIC_Read_Byte     simi2c.o
    0x080038ec   0x080038ec   0x00000064   Code   RO         3250    i.IIC_Send_Byte     simi2c.o
    0x08003950   0x08003950   0x00000048   Code   RO         3251    i.IIC_Start         simi2c.o
    0x08003998   0x08003998   0x00000030   Code   RO         3252    i.IIC_Stop          simi2c.o
    0x080039c8   0x080039c8   0x00000054   Code   RO         3253    i.IIC_Wait_Ack      simi2c.o
    0x08003a1c   0x08003a1c   0x00000028   Code   RO          196    i.MX_DMA_Init       dma.o
    0x08003a44   0x08003a44   0x00000188   Code   RO          176    i.MX_GPIO_Init      gpio.o
    0x08003bcc   0x08003bcc   0x00000060   Code   RO          218    i.MX_I2C1_Init      i2c.o
    0x08003c2c   0x08003c2c   0x00000034   Code   RO          256    i.MX_RTC_Init       rtc.o
    0x08003c60   0x08003c60   0x0000006c   Code   RO          294    i.MX_TIM21_Init     tim.o
    0x08003ccc   0x08003ccc   0x0000006c   Code   RO          295    i.MX_TIM22_Init     tim.o
    0x08003d38   0x08003d38   0x0000004c   Code   RO          296    i.MX_TIM6_Init      tim.o
    0x08003d84   0x08003d84   0x0000004c   Code   RO         4676    i.MainPage_CallBack  wououi_user.o
    0x08003dd0   0x08003dd0   0x00000002   Code   RO          349    i.NMI_Handler       stm32l0xx_it.o
    0x08003dd2   0x08003dd2   0x00000050   Code   RO         4428    i.OLED_AllBlur      wououi_oled.o
    0x08003e22   0x08003e22   0x0000005a   Code   RO         4212    i.OLED_Animation    wououi.o
    0x08003e7c   0x08003e7c   0x00000040   Code   RO         4429    i.OLED_BuffWriteByte  wououi_oled.o
    0x08003ebc   0x08003ebc   0x00000028   Code   RO         4430    i.OLED_ClearBuff    wououi_oled.o
    0x08003ee4   0x08003ee4   0x00000064   Code   RO         4746    i.OLED_ConWinInit   wououi_win.o
    0x08003f48   0x08003f48   0x0000008c   Code   RO         4747    i.OLED_ConWinReact  wououi_win.o
    0x08003fd4   0x08003fd4   0x00000198   Code   RO         4748    i.OLED_ConWinShow   wououi_win.o
    0x0800416c   0x0800416c   0x000000e4   Code   RO         4832    i.OLED_DrawSmoothCurve  wououi_udp.o
    0x08004250   0x08004250   0x00000034   Code   RO         4833    i.OLED_EQPageEnterInit  wououi_udp.o
    0x08004284   0x08004284   0x00000054   Code   RO         4834    i.OLED_EQPageInit   wououi_udp.o
    0x080042d8   0x080042d8   0x000002a4   Code   RO         4835    i.OLED_EQPageReact  wououi_udp.o
    0x0800457c   0x0800457c   0x000000fc   Code   RO         4836    i.OLED_EQPageShow   wououi_udp.o
    0x08004678   0x08004678   0x0000002a   Code   RO         4431    i.OLED_GetStrHeight  wououi_oled.o
    0x080046a2   0x080046a2   0x00000012   Code   RO         4432    i.OLED_GetStrWidth  wououi_oled.o
    0x080046b4   0x080046b4   0x00000060   Code   RO         4749    i.OLED_InfoWinInit  wououi_win.o
    0x08004714   0x08004714   0x0000005c   Code   RO         4750    i.OLED_InfoWinReact  wououi_win.o
    0x08004770   0x08004770   0x000000f4   Code   RO         4751    i.OLED_InfoWinShow  wououi_win.o
    0x08004864   0x08004864   0x000000dc   Code   RO         3958    i.OLED_Init         oled.o
    0x08004940   0x08004940   0x000000bc   Code   RO         4565    i.OLED_ListDrawText_CheckBox  wououi_page.o
    0x080049fc   0x080049fc   0x00000020   Code   RO         4566    i.OLED_ListPageEnterInit  wououi_page.o
    0x08004a1c   0x08004a1c   0x00000058   Code   RO         4567    i.OLED_ListPageInit  wououi_page.o
    0x08004a74   0x08004a74   0x000002b4   Code   RO         4568    i.OLED_ListPageReact  wououi_page.o
    0x08004d28   0x08004d28   0x00000158   Code   RO         4569    i.OLED_ListPageShow  wououi_page.o
    0x08004e80   0x08004e80   0x00000014   Code   RO         4215    i.OLED_MsgQueClear  wououi.o
    0x08004e94   0x08004e94   0x00000028   Code   RO         4216    i.OLED_MsgQueRead   wououi.o
    0x08004ebc   0x08004ebc   0x00000034   Code   RO         4217    i.OLED_MsgQueSend   wououi.o
    0x08004ef0   0x08004ef0   0x0000001c   Code   RO         4570    i.OLED_PageInit     wououi_page.o
    0x08004f0c   0x08004f0c   0x00000038   Code   RO         4571    i.OLED_PageReturn   wououi_page.o
    0x08004f44   0x08004f44   0x00000002   Code   RO         4837    i.OLED_PlayingPageEnterInit  wououi_udp.o
    0x08004f46   0x08004f46   0x00000002   PAD
    0x08004f48   0x08004f48   0x00000054   Code   RO         4838    i.OLED_PlayingPageInit  wououi_udp.o
    0x08004f9c   0x08004f9c   0x00000218   Code   RO         4839    i.OLED_PlayingPageReact  wououi_udp.o
    0x080051b4   0x080051b4   0x0000009c   Code   RO         4840    i.OLED_PlayingPageShow  wououi_udp.o
    0x08005250   0x08005250   0x00000020   Code   RO         3959    i.OLED_RamClear     oled.o
    0x08005270   0x08005270   0x00000074   Code   RO         3960    i.OLED_Refresh_FrameBuffer  oled.o
    0x080052e4   0x080052e4   0x00000078   Code   RO         3961    i.OLED_Refresh_Gram  oled.o
    0x0800535c   0x0800535c   0x00000010   Code   RO         4434    i.OLED_SendBuff     wououi_oled.o
    0x0800536c   0x0800536c   0x00000034   Code   RO         4436    i.OLED_SetPointColor  wououi_oled.o
    0x080053a0   0x080053a0   0x00000074   Code   RO         4752    i.OLED_SlideValWinInit  wououi_win.o
    0x08005414   0x08005414   0x00000078   Code   RO         4753    i.OLED_SlideValWinReact  wououi_win.o
    0x0800548c   0x0800548c   0x000001c0   Code   RO         4754    i.OLED_SlideValWinShow  wououi_win.o
    0x0800564c   0x0800564c   0x0000011c   Code   RO         4755    i.OLED_SpinWinInit  wououi_win.o
    0x08005768   0x08005768   0x000000f4   Code   RO         4756    i.OLED_SpinWinReact  wououi_win.o
    0x0800585c   0x0800585c   0x00000214   Code   RO         4757    i.OLED_SpinWinShow  wououi_win.o
    0x08005a70   0x08005a70   0x00000048   Code   RO         4572    i.OLED_TitlePageEnterInit  wououi_page.o
    0x08005ab8   0x08005ab8   0x00000050   Code   RO         4573    i.OLED_TitlePageInit  wououi_page.o
    0x08005b08   0x08005b08   0x00000138   Code   RO         4574    i.OLED_TitlePageReact  wououi_page.o
    0x08005c40   0x08005c40   0x000001b0   Code   RO         4575    i.OLED_TitlePageShow  wououi_page.o
    0x08005df0   0x08005df0   0x00000010   Code   RO         4221    i.OLED_UIBeginDynamicRefresh  wououi.o
    0x08005e00   0x08005e00   0x000000c4   Code   RO         4222    i.OLED_UIBlurProc   wououi.o
    0x08005ec4   0x08005ec4   0x00000020   Code   RO         4224    i.OLED_UIFadeInInit  wououi.o
    0x08005ee4   0x08005ee4   0x00000028   Code   RO         4225    i.OLED_UIFadeOutInit  wououi.o
    0x08005f0c   0x08005f0c   0x000001a8   Code   RO         4226    i.OLED_UIIndicatorProc  wououi.o
    0x080060b4   0x080060b4   0x0000003c   Code   RO         4227    i.OLED_UIJumpToPage  wououi.o
    0x080060f0   0x080060f0   0x0000001c   Code   RO         4228    i.OLED_UILayerInProc  wououi.o
    0x0800610c   0x0800610c   0x0000002c   Code   RO         4229    i.OLED_UILayerOutProc  wououi.o
    0x08006138   0x08006138   0x000000c8   Code   RO         4230    i.OLED_UIPageProc   wououi.o
    0x08006200   0x08006200   0x000000e8   Code   RO         4231    i.OLED_UIProc       wououi.o
    0x080062e8   0x080062e8   0x0000006c   Code   RO         4232    i.OLED_UIScrollBarProc  wououi.o
    0x08006354   0x08006354   0x00000030   Code   RO         3969    i.OLED_WR_Byte      oled.o
    0x08006384   0x08006384   0x000001c8   Code   RO         4437    i.OLED_WinDrawASCII  wououi_oled.o
    0x0800654c   0x0800654c   0x000000e6   Code   RO         4438    i.OLED_WinDrawBMP   wououi_oled.o
    0x08006632   0x08006632   0x000000b8   Code   RO         4439    i.OLED_WinDrawBoxRightAngle  wououi_oled.o
    0x080066ea   0x080066ea   0x0000005c   Code   RO         4440    i.OLED_WinDrawHLine  wououi_oled.o
    0x08006746   0x08006746   0x000000ee   Code   RO         4441    i.OLED_WinDrawLine  wououi_oled.o
    0x08006834   0x08006834   0x0000000a   Code   RO         4442    i.OLED_WinDrawPoint  wououi_oled.o
    0x0800683e   0x0800683e   0x00000076   Code   RO         4443    i.OLED_WinDrawRBox  wououi_oled.o
    0x080068b4   0x080068b4   0x000000b8   Code   RO         4444    i.OLED_WinDrawRBoxEmpty  wououi_oled.o
    0x0800696c   0x0800696c   0x0000006c   Code   RO         4446    i.OLED_WinDrawStr   wououi_oled.o
    0x080069d8   0x080069d8   0x00000098   Code   RO         4447    i.OLED_WinDrawVLine  wououi_oled.o
    0x08006a70   0x08006a70   0x00000036   Code   RO         4758    i.OLED_WinFSM       wououi_win.o
    0x08006aa6   0x08006aa6   0x0000008e   Code   RO         4448    i.OLED_WinWriteByte  wououi_oled.o
    0x08006b34   0x08006b34   0x0000000c   Code   RO         3971    i.OLED_displayON    oled.o
    0x08006b40   0x08006b40   0x00000002   Code   RO          350    i.PendSV_Handler    stm32l0xx_it.o
    0x08006b42   0x08006b42   0x00000002   PAD
    0x08006b44   0x08006b44   0x000000b8   Code   RO         4677    i.PlayingPage_CallBack  wououi_user.o
    0x08006bfc   0x08006bfc   0x00000046   Code   RO         2132    i.RTC_EnterInitMode  stm32l0xx_hal_rtc.o
    0x08006c42   0x08006c42   0x0000002e   Code   RO         2133    i.RTC_ExitInitMode  stm32l0xx_hal_rtc.o
    0x08006c70   0x08006c70   0x00000010   Code   RO          351    i.RTC_IRQHandler    stm32l0xx_it.o
    0x08006c80   0x08006c80   0x0000004c   Code   RO         4162    i.SIGMA_WRITE_REGISTER_BLOCK  adau1761.o
    0x08006ccc   0x08006ccc   0x00000002   Code   RO          352    i.SVC_Handler       stm32l0xx_it.o
    0x08006cce   0x08006cce   0x00000002   PAD
    0x08006cd0   0x08006cd0   0x00000024   Code   RO         4678    i.SettingPage_CallBack  wououi_user.o
    0x08006cf4   0x08006cf4   0x00000028   Code   RO         4679    i.Setting_EQPage_CallBack  wououi_user.o
    0x08006d1c   0x08006d1c   0x00000014   Code   RO         4680    i.Setting_EQPresetPage_CallBack  wououi_user.o
    0x08006d30   0x08006d30   0x00000008   Code   RO          353    i.SysTick_Handler   stm32l0xx_it.o
    0x08006d38   0x08006d38   0x00000098   Code   RO           13    i.SystemClock_Config  main.o
    0x08006dd0   0x08006dd0   0x00000002   Code   RO         3213    i.SystemInit        system_stm32l0xx.o
    0x08006dd2   0x08006dd2   0x00000002   PAD
    0x08006dd4   0x08006dd4   0x00000010   Code   RO          354    i.TIM21_IRQHandler  stm32l0xx_it.o
    0x08006de4   0x08006de4   0x00000010   Code   RO          355    i.TIM6_IRQHandler   stm32l0xx_it.o
    0x08006df4   0x08006df4   0x00000058   Code   RO         2584    i.TIM_Base_SetConfig  stm32l0xx_hal_tim.o
    0x08006e4c   0x08006e4c   0x00000016   Code   RO         2595    i.TIM_ETR_SetConfig  stm32l0xx_hal_tim.o
    0x08006e62   0x08006e62   0x0000008c   Code   RO         2601    i.TIM_SlaveTimer_SetConfig  stm32l0xx_hal_tim.o
    0x08006eee   0x08006eee   0x00000022   Code   RO         2602    i.TIM_TI1_ConfigInputStage  stm32l0xx_hal_tim.o
    0x08006f10   0x08006f10   0x00000026   Code   RO         2604    i.TIM_TI2_ConfigInputStage  stm32l0xx_hal_tim.o
    0x08006f36   0x08006f36   0x00000002   PAD
    0x08006f38   0x08006f38   0x00000098   Code   RO         4681    i.TestUI_Init       wououi_user.o
    0x08006fd0   0x08006fd0   0x00000008   Code   RO         4645    i.WouoUI_port_SendBuff  wououi_port.o
    0x08006fd8   0x08006fd8   0x00000028   Code   RO         5191    i.__0sprintf        mc_p.l(printfa.o)
    0x08007000   0x08007000   0x0000002e   Code   RO         5365    i.__ARM_clz         mf_p.l(depilogue.o)
    0x0800702e   0x0800702e   0x00000030   Code   RO         1274    i.__ARM_common_ll_muluu  stm32l0xx_hal_rcc.o
    0x0800705e   0x0800705e   0x0000001a   Code   RO         1749    i.__ARM_common_switch8  stm32l0xx_hal_dma.o
    0x08007078   0x08007078   0x0000002c   Code   RO         5304    i.__ARM_fpclassify  m_ps.l(fpclassify.o)
    0x080070a4   0x080070a4   0x00000044   Code   RO         1943    i.__NVIC_SetPriority  stm32l0xx_hal_cortex.o
    0x080070e8   0x080070e8   0x0000039c   Code   RO         5309    i.__ieee754_rem_pio2  m_ps.l(rred.o)
    0x08007484   0x08007484   0x000000f4   Code   RO         5287    i.__kernel_cos      m_ps.l(cos_i.o)
    0x08007578   0x08007578   0x000000ac   Code   RO         5306    i.__kernel_poly     m_ps.l(poly.o)
    0x08007624   0x08007624   0x000000ec   Code   RO         5314    i.__kernel_sin      m_ps.l(sin_i.o)
    0x08007710   0x08007710   0x00000014   Code   RO         5290    i.__mathlib_dbl_divzero  m_ps.l(dunder.o)
    0x08007724   0x08007724   0x0000000a   Code   RO         5291    i.__mathlib_dbl_infnan  m_ps.l(dunder.o)
    0x0800772e   0x0800772e   0x00000008   Code   RO         5292    i.__mathlib_dbl_infnan2  m_ps.l(dunder.o)
    0x08007736   0x08007736   0x00000010   Code   RO         5293    i.__mathlib_dbl_invalid  m_ps.l(dunder.o)
    0x08007746   0x08007746   0x00000002   PAD
    0x08007748   0x08007748   0x00000014   Code   RO         5294    i.__mathlib_dbl_overflow  m_ps.l(dunder.o)
    0x0800775c   0x0800775c   0x00000014   Code   RO         5296    i.__mathlib_dbl_underflow  m_ps.l(dunder.o)
    0x08007770   0x08007770   0x0000000e   Code   RO         5381    i.__scatterload_copy  mc_p.l(handlers.o)
    0x0800777e   0x0800777e   0x00000002   Code   RO         5382    i.__scatterload_null  mc_p.l(handlers.o)
    0x08007780   0x08007780   0x0000000e   Code   RO         5383    i.__scatterload_zeroinit  mc_p.l(handlers.o)
    0x0800778e   0x0800778e   0x00000002   PAD
    0x08007790   0x08007790   0x0000000c   Code   RO         5355    i.__set_errno       mc_p.l(errno.o)
    0x0800779c   0x0800779c   0x00000158   Code   RO         5196    i._fp_digits        mc_p.l(printfa.o)
    0x080078f4   0x080078f4   0x000006ec   Code   RO         5197    i._printf_core      mc_p.l(printfa.o)
    0x08007fe0   0x08007fe0   0x00000020   Code   RO         5198    i._printf_post_padding  mc_p.l(printfa.o)
    0x08008000   0x08008000   0x0000002c   Code   RO         5199    i._printf_pre_padding  mc_p.l(printfa.o)
    0x0800802c   0x0800802c   0x0000000a   Code   RO         5201    i._sputc            mc_p.l(printfa.o)
    0x08008036   0x08008036   0x00000002   PAD
    0x08008038   0x08008038   0x0000007c   Code   RO         3755    i.audio_enable_proc  audio.o
    0x080080b4   0x080080b4   0x000000a0   Code   RO         3756    i.audio_param_init  audio.o
    0x08008154   0x08008154   0x0000000e   Code   RO         3757    i.audio_read_configs_from_eeprom  audio.o
    0x08008162   0x08008162   0x0000000e   Code   RO         3758    i.audio_save_configs_to_eeprom  audio.o
    0x08008170   0x08008170   0x000001cc   Code   RO         3912    i.bsp_43131_init    cs43131.o
    0x0800833c   0x0800833c   0x00000028   Code   RO         3913    i.bsp_43131_set_volume  cs43131.o
    0x08008364   0x08008364   0x0000016c   Code   RO         4163    i.bsp_adau1761_eq_data_conv  adau1761.o
    0x080084d0   0x080084d0   0x000001c6   Code   RO         4164    i.bsp_adau1761_eq_download  adau1761.o
    0x08008696   0x08008696   0x00000002   PAD
    0x08008698   0x08008698   0x000000e4   Code   RO         3455    i.bsp_btn_scan_init  key.o
    0x0800877c   0x0800877c   0x00000010   Code   RO         3833    i.bsp_cw2015_init   cw2015.o
    0x0800878c   0x0800878c   0x00000014   Code   RO         3837    i.bsp_cw2015_set_alrt  cw2015.o
    0x080087a0   0x080087a0   0x00000014   Code   RO         3838    i.bsp_cw2015_slp    cw2015.o
    0x080087b4   0x080087b4   0x0000003c   Code   RO         3339    i.bsp_tim22_delay_us  timer.o
    0x080087f0   0x080087f0   0x00000008   Code   RO         3570    i.button_attach     multi_button.o
    0x080087f8   0x080087f8   0x000001c2   Code   RO         3571    i.button_handler    multi_button.o
    0x080089ba   0x080089ba   0x0000003c   Code   RO         3572    i.button_init       multi_button.o
    0x080089f6   0x080089f6   0x00000002   PAD
    0x080089f8   0x080089f8   0x00000024   Code   RO         3573    i.button_start      multi_button.o
    0x08008a1c   0x08008a1c   0x0000001c   Code   RO         3575    i.button_ticks      multi_button.o
    0x08008a38   0x08008a38   0x00000014   Code   RO         4841    i.calc_ycoor_from_boost  wououi_udp.o
    0x08008a4c   0x08008a4c   0x00000098   Code   RO         4910    i.cos               m_ps.l(cos.o)
    0x08008ae4   0x08008ae4   0x00000258   Code   RO         4165    i.default_download_IC_2  adau1761.o
    0x08008d3c   0x08008d3c   0x00000054   Code   RO         5217    i.free              mc_p.l(malloc.o)
    0x08008d90   0x08008d90   0x00000040   Code   RO           14    i.main              main.o
    0x08008dd0   0x08008dd0   0x00000030   Code   RO         3802    i.main_FSM          tasks.o
    0x08008e00   0x08008e00   0x0000006c   Code   RO         5218    i.malloc            mc_p.l(malloc.o)
    0x08008e6c   0x08008e6c   0x00000032   Code   RO         4166    i.point_to_int32    adau1761.o
    0x08008e9e   0x08008e9e   0x00000002   PAD
    0x08008ea0   0x08008ea0   0x00000980   Code   RO         4918    i.pow               m_ps.l(pow.o)
    0x08009820   0x08009820   0x0000001c   Code   RO         4095    i.qcc5125_btn_press  qcc5125.o
    0x0800983c   0x0800983c   0x00000054   Code   RO         4096    i.qcc5125_ioctl     qcc5125.o
    0x08009890   0x08009890   0x0000008c   Code   RO         4097    i.qcc5125_status_proc  qcc5125.o
    0x0800991c   0x0800991c   0x0000004c   Code   RO         3456    i.read_btn_level    key.o
    0x08009968   0x08009968   0x0000009c   Code   RO         4928    i.sin               m_ps.l(sin.o)
    0x08009a04   0x08009a04   0x00000048   Code   RO         5321    i.sqrt              m_ps.l(sqrt.o)
    0x08009a4c   0x08009a4c   0x00000002   Code   RO         3628    i.sys_ctrl_status_switch  pwr_mngr.o
    0x08009a4e   0x08009a4e   0x00000002   PAD
    0x08009a50   0x08009a50   0x00000074   Code   RO         3630    i.sys_pwrctrl_power_up  pwr_mngr.o
    0x08009ac4   0x08009ac4   0x000000b8   Code   RO         3727    i.system_init       sys_init.o
    0x08009b7c   0x08009b7c   0x00000078   Code   RO         4234    i.ui_ftoa_str       wououi.o
    0x08009bf4   0x08009bf4   0x00000024   Code   RO         4235    i.ui_itoa           wououi.o
    0x08009c18   0x08009c18   0x00000020   Code   RO         4236    i.ui_itoa_str       wououi.o
    0x08009c38   0x08009c38   0x00000019   Data   RO         3214    .constdata          system_stm32l0xx.o
    0x08009c51   0x08009c51   0x000005cc   Data   RO         4168    .constdata          adau1761.o
    0x0800a21d   0x0800a21d   0x0000023a   Data   RO         4406    .constdata          wououi_font.o
    0x0800a457   0x0800a457   0x00000532   Data   RO         4408    .constdata          wououi_font.o
    0x0800a989   0x0800a989   0x00000d5c   Data   RO         4410    .constdata          wououi_font.o
    0x0800b6e5   0x0800b6e5   0x00000003   PAD
    0x0800b6e8   0x0800b6e8   0x00000288   Data   RO         4683    .constdata          wououi_user.o
    0x0800b970   0x0800b970   0x000001c0   Data   RO         4842    .constdata          wououi_udp.o
    0x0800bb30   0x0800bb30   0x00000088   Data   RO         4919    .constdata          m_ps.l(pow.o)
    0x0800bbb8   0x0800bbb8   0x00000030   Data   RO         5288    .constdata          m_ps.l(cos_i.o)
    0x0800bbe8   0x0800bbe8   0x00000008   Data   RO         5308    .constdata          m_ps.l(qnan.o)
    0x0800bbf0   0x0800bbf0   0x000000c8   Data   RO         5311    .constdata          m_ps.l(rred.o)
    0x0800bcb8   0x0800bcb8   0x00000028   Data   RO         5315    .constdata          m_ps.l(sin_i.o)
    0x0800bce0   0x0800bce0   0x00000189   Data   RO         4684    .conststring        wououi_user.o
    0x0800be69   0x0800be69   0x00000003   PAD
    0x0800be6c   0x0800be6c   0x00000020   Data   RO         5379    Region$$Table       anon$$obj.o


    Execution Region RW_IRAM1 (Exec base: 0x20000000, Load base: 0x0800be8c, Size: 0x00001d98, Max: 0x00002000, ABSOLUTE, COMPRESSED[0x0000010c])

    Exec Addr    Load Addr    Size         Type   Attr      Idx    E Section Name        Object

    0x20000000   COMPRESSED   0x0000000c   Data   RW         1013    .data               stm32l0xx_hal.o
    0x2000000c   COMPRESSED   0x00000004   Data   RW         3216    .data               system_stm32l0xx.o
    0x20000010   COMPRESSED   0x00000001   Data   RW         3340    .data               timer.o
    0x20000011   COMPRESSED   0x00000003   PAD
    0x20000014   COMPRESSED   0x00000004   Data   RW         3577    .data               multi_button.o
    0x20000018   COMPRESSED   0x00000004   Data   RW         3632    .data               pwr_mngr.o
    0x2000001c   COMPRESSED   0x00000001   Data   RW         3760    .data               audio.o
    0x2000001d   COMPRESSED   0x00000001   Data   RW         3803    .data               tasks.o
    0x2000001e   COMPRESSED   0x00000001   Data   RW         3804    .data               tasks.o
    0x2000001f   COMPRESSED   0x00000004   Data   RW         4099    .data               qcc5125.o
    0x20000023   COMPRESSED   0x00000001   PAD
    0x20000024   COMPRESSED   0x00000234   Data   RW         4238    .data               wououi.o
    0x20000258   COMPRESSED   0x00000014   Data   RW         4239    .data               wououi.o
    0x2000026c   COMPRESSED   0x0000000c   Data   RW         4411    .data               wououi_font.o
    0x20000278   COMPRESSED   0x0000000c   Data   RW         4413    .data               wououi_font.o
    0x20000284   COMPRESSED   0x0000000c   Data   RW         4415    .data               wououi_font.o
    0x20000290   COMPRESSED   0x00000404   Data   RW         4450    .data               wououi_oled.o
    0x20000694   COMPRESSED   0x00000002   Data   RW         4576    .data               wououi_page.o
    0x20000696   COMPRESSED   0x00000002   PAD
    0x20000698   COMPRESSED   0x000002e0   Data   RW         4685    .data               wououi_user.o
    0x20000978   COMPRESSED   0x00000008   Data   RW         4844    .data               wououi_udp.o
    0x20000980   COMPRESSED   0x00000004   Data   RW         5351    .data               mc_p.l(mvars.o)
    0x20000984   COMPRESSED   0x00000004   Data   RW         5352    .data               mc_p.l(mvars.o)
    0x20000988   COMPRESSED   0x00000004   Data   RW         5356    .data               mc_p.l(errno.o)
    0x2000098c        -       0x0000009c   Zero   RW          219    .bss                i2c.o
    0x20000a28        -       0x00000024   Zero   RW          257    .bss                rtc.o
    0x20000a4c        -       0x000000c0   Zero   RW          297    .bss                tim.o
    0x20000b0c        -       0x00000018   Zero   RW         1405    .bss                stm32l0xx_hal_flash.o
    0x20000b24        -       0x000000dc   Zero   RW         3457    .bss                key.o
    0x20000c00        -       0x0000002a   Zero   RW         3759    .bss                audio.o
    0x20000c2a        -       0x00000432   Zero   RW         3973    .bss                oled.o
    0x2000105c        -       0x00000028   Zero   RW         4098    .bss                qcc5125.o
    0x20001084        -       0x000001b8   Zero   RW         4167    .bss                adau1761.o
    0x2000123c        -       0x00000020   Zero   RW         4237    .bss                wououi.o
    0x2000125c        -       0x00000400   Zero   RW         4449    .bss                wououi_oled.o
    0x2000165c        -       0x0000013c   Zero   RW         4682    .bss                wououi_user.o
    0x20001798        -       0x00000200   Zero   RW            2    HEAP                startup_stm32l051xx.o
    0x20001998        -       0x00000400   Zero   RW            1    STACK               startup_stm32l051xx.o


==============================================================================

Image component sizes


      Code (inc. data)   RO Data    RW Data    ZI Data      Debug   Object Name

      1544         36       1484          0        440       8951   adau1761.o
       312         26          0          1         42       3019   audio.o
       732         36          0          0          0       3284   cs43131.o
       120          0          0          0          0       2179   cw2015.o
        40          4          0          0          0        710   dma.o
       264         12          0          0          0       2399   eeprom.o
       392         14          0          0          0       1019   gpio.o
         0          0          0          0          0       1232   gui.o
       260         34          0          0        156       1598   i2c.o
       366         54          0          0        220       5103   key.o
       220         14          0          0          0     338684   main.o
       582         18          0          4          0       2916   multi_button.o
       548         30          0          0       1074       4676   oled.o
       222         14          0          4          0       3049   pwr_mngr.o
       252         24          0          4         40       3619   qcc5125.o
       100         18          0          0         36       1351   rtc.o
       532         32          0          0          0       3663   simi2c.o
        28          8        192          0       1536        616   startup_stm32l051xx.o
       172         28          0         12          0       8417   stm32l0xx_hal.o
       148         24          0          0          0      11869   stm32l0xx_hal_cortex.o
       568         12          0          0          0       4265   stm32l0xx_hal_dma.o
       480         26          0          0         24       8211   stm32l0xx_hal_flash.o
       204         38          0          0          0       3693   stm32l0xx_hal_flash_ex.o
       396         34          0          0          0       3355   stm32l0xx_hal_gpio.o
      4648        144          0          0          0      28395   stm32l0xx_hal_i2c.o
       174          8          0          0          0       2274   stm32l0xx_hal_i2c_ex.o
        44          6          0          0          0        454   stm32l0xx_hal_msp.o
       100         12          0          0          0        680   stm32l0xx_hal_pwr.o
      1648         68          0          0          0       4178   stm32l0xx_hal_rcc.o
       376         12          0          0          0       1352   stm32l0xx_hal_rcc_ex.o
       340         10          0          0          0       3199   stm32l0xx_hal_rtc.o
       182          8          0          0          0       1720   stm32l0xx_hal_rtc_ex.o
       936         40          0          0          0       9944   stm32l0xx_hal_tim.o
        88         10          0          0          0       1128   stm32l0xx_hal_tim_ex.o
       170         28          0          0          0       6087   stm32l0xx_it.o
       184         24          0          0          0        562   sys_init.o
         2          0         25          4          0       1123   system_stm32l0xx.o
        48          8          0          2          0       1676   tasks.o
       392         52          0          0        192       2668   tim.o
       160         30          0          1          0       5302   timer.o
      1770        118          0        584         32      18723   wououi.o
         0          0       5320         36          0       1606   wououi_font.o
      2226         28          0       1028       1024      13545   wououi_oled.o
      2324        164          0          2          0       9650   wououi_page.o
         8          0          0          0          0        471   wououi_port.o
      2090        198        448          8          0       8974   wououi_udp.o
       508        154       1041        736        316       5240   wououi_user.o
      2878        234          0          0          0       8255   wououi_win.o

    ----------------------------------------------------------------------
     29826       1892       8548       2432       5132     565084   Object Totals
         0          0         32          0          0          0   (incl. Generated)
        48          0          6          6          0          0   (incl. Padding)

    ----------------------------------------------------------------------

      Code (inc. data)   RO Data    RW Data    ZI Data      Debug   Library Member Name

       152         10          0          0          0        104   cos.o
       244         20         48          0          0         92   cos_i.o
        94         14          0          0          0        408   dunder.o
        44          4          0          0          0         60   fpclassify.o
       172          0          0          0          0         76   poly.o
      2432        202        136          0          0        208   pow.o
         0          0          8          0          0          0   qnan.o
       924         86        200          0          0        120   rred.o
       156         10          0          0          0        104   sin.o
       236         14         40          0          0        100   sin_i.o
        72          6          0          0          0         76   sqrt.o
        86          0          0          0          0          0   __dczerorl2.o
         0          0          0          0          0          0   entry.o
         0          0          0          0          0          0   entry10a.o
         0          0          0          0          0          0   entry11a.o
         8          4          0          0          0          0   entry2.o
         4          0          0          0          0          0   entry5.o
         0          0          0          0          0          0   entry7b.o
         0          0          0          0          0          0   entry8b.o
         8          4          0          0          0          0   entry9a.o
        12          6          0          4          0         60   errno.o
        30          0          0          0          0          0   handlers.o
        40          0          0          0          0         72   idiv.o
        36          8          0          0          0         68   init.o
         0          0          0          0          0          0   iusefp.o
        32          0          0          0          0         68   llshl.o
        38          0          0          0          0         68   llsshr.o
        34          0          0          0          0         68   llushr.o
       192         20          0          0          0        144   malloc.o
        26          0          0          0          0         72   memcmp.o
        36          0          0          0          0         60   memcpya.o
        36          0          0          0          0        100   memseta.o
         0          0          0          8          0          0   mvars.o
      2242         94          0          0          0        472   printfa.o
        28          0          0          0          0         68   strcmp.o
        14          0          0          0          0         60   strlen.o
        44          0          0          0          0         72   uidiv.o
        96          0          0          0          0         84   uldiv.o
        40          2          0          0          0         68   cdrcmple.o
        20          0          0          0          0         68   cfcmple.o
        20          0          0          0          0         68   cfrcmple.o
        56          0          0          0          0         68   d2f.o
       356          4          0          0          0        140   dadd.o
       240          6          0          0          0         84   ddiv.o
       236          0          0          0          0        216   depilogue.o
        72         10          0          0          0         72   dfixi.o
        64         10          0          0          0         68   dfixul.o
        40          6          0          0          0         68   dflti.o
        44          6          0          0          0         72   dfltl.o
        28          4          0          0          0         68   dfltui.o
       208          6          0          0          0         88   dmul.o
        44          0          0          0          0         72   dscalb.o
       162          0          0          0          0         80   dsqrt.o
        40          0          0          0          0         60   f2d.o
       178          0          0          0          0        108   fadd.o
       124          0          0          0          0         72   fdiv.o
       130          0          0          0          0        144   fepilogue.o
        50          0          0          0          0         60   ffixi.o
        64          0          0          0          0         68   ffixl.o
        22          0          0          0          0         68   fflti.o
        14          0          0          0          0         68   ffltui.o
       122          0          0          0          0         72   fmul.o
        24          0          0          0          0         60   fscalb.o

    ----------------------------------------------------------------------
      9974        556        432         12          0       4964   Library Totals
         8          0          0          0          0          0   (incl. Padding)

    ----------------------------------------------------------------------

      Code (inc. data)   RO Data    RW Data    ZI Data      Debug   Library Name

      4526        366        432          0          0       1348   m_ps.l
      3042        136          0         12          0       1536   mc_p.l
      2398         54          0          0          0       2080   mf_p.l

    ----------------------------------------------------------------------
      9974        556        432         12          0       4964   Library Totals

    ----------------------------------------------------------------------

==============================================================================


      Code (inc. data)   RO Data    RW Data    ZI Data      Debug   

     39800       2448       8980       2444       5132     556080   Grand Totals
     39800       2448       8980        268       5132     556080   ELF Image Totals (compressed)
     39800       2448       8980        268          0          0   ROM Totals

==============================================================================

    Total RO  Size (Code + RO Data)                48780 (  47.64kB)
    Total RW  Size (RW Data + ZI Data)              7576 (   7.40kB)
    Total ROM Size (Code + RO Data + RW Data)      49048 (  47.90kB)

==============================================================================

