Component: ARM Compiler 5.05 update 1 (build 106) Tool: armlink [4d0efa]

==============================================================================

Section Cross References

    startup_stm32l051xx.o(RESET) refers to startup_stm32l051xx.o(STACK) for __initial_sp
    startup_stm32l051xx.o(RESET) refers to startup_stm32l051xx.o(.text) for Reset_Handler
    startup_stm32l051xx.o(RESET) refers to stm32l0xx_it.o(i.NMI_Handler) for NMI_Handler
    startup_stm32l051xx.o(RESET) refers to stm32l0xx_it.o(i.HardFault_Handler) for HardFault_Handler
    startup_stm32l051xx.o(RESET) refers to stm32l0xx_it.o(i.SVC_Handler) for SVC_Handler
    startup_stm32l051xx.o(RESET) refers to stm32l0xx_it.o(i.PendSV_Handler) for PendSV_Handler
    startup_stm32l051xx.o(RESET) refers to stm32l0xx_it.o(i.SysTick_Handler) for SysTick_Handler
    startup_stm32l051xx.o(RESET) refers to stm32l0xx_it.o(i.RTC_IRQHandler) for RTC_IRQHandler
    startup_stm32l051xx.o(RESET) refers to stm32l0xx_it.o(i.FLASH_IRQHandler) for FLASH_IRQHandler
    startup_stm32l051xx.o(RESET) refers to stm32l0xx_it.o(i.EXTI0_1_IRQHandler) for EXTI0_1_IRQHandler
    startup_stm32l051xx.o(RESET) refers to stm32l0xx_it.o(i.EXTI2_3_IRQHandler) for EXTI2_3_IRQHandler
    startup_stm32l051xx.o(RESET) refers to stm32l0xx_it.o(i.EXTI4_15_IRQHandler) for EXTI4_15_IRQHandler
    startup_stm32l051xx.o(RESET) refers to stm32l0xx_it.o(i.DMA1_Channel2_3_IRQHandler) for DMA1_Channel2_3_IRQHandler
    startup_stm32l051xx.o(RESET) refers to stm32l0xx_it.o(i.TIM6_IRQHandler) for TIM6_IRQHandler
    startup_stm32l051xx.o(RESET) refers to stm32l0xx_it.o(i.TIM21_IRQHandler) for TIM21_IRQHandler
    startup_stm32l051xx.o(RESET) refers to stm32l0xx_it.o(i.I2C1_IRQHandler) for I2C1_IRQHandler
    startup_stm32l051xx.o(.text) refers to system_stm32l0xx.o(i.SystemInit) for SystemInit
    startup_stm32l051xx.o(.text) refers to entry.o(.ARM.Collect$$$$00000000) for __main
    main.o(i.SystemClock_Config) refers to memseta.o(.text) for __aeabi_memclr4
    main.o(i.SystemClock_Config) refers to stm32l0xx_hal_rcc.o(i.HAL_RCC_OscConfig) for HAL_RCC_OscConfig
    main.o(i.SystemClock_Config) refers to stm32l0xx_hal_rcc.o(i.HAL_RCC_ClockConfig) for HAL_RCC_ClockConfig
    main.o(i.SystemClock_Config) refers to stm32l0xx_hal_rcc_ex.o(i.HAL_RCCEx_PeriphCLKConfig) for HAL_RCCEx_PeriphCLKConfig
    main.o(i.main) refers to stm32l0xx_hal.o(i.HAL_Init) for HAL_Init
    main.o(i.main) refers to main.o(i.SystemClock_Config) for SystemClock_Config
    main.o(i.main) refers to gpio.o(i.MX_GPIO_Init) for MX_GPIO_Init
    main.o(i.main) refers to dma.o(i.MX_DMA_Init) for MX_DMA_Init
    main.o(i.main) refers to tim.o(i.MX_TIM22_Init) for MX_TIM22_Init
    main.o(i.main) refers to tim.o(i.MX_TIM21_Init) for MX_TIM21_Init
    main.o(i.main) refers to tim.o(i.MX_TIM6_Init) for MX_TIM6_Init
    main.o(i.main) refers to i2c.o(i.MX_I2C1_Init) for MX_I2C1_Init
    main.o(i.main) refers to rtc.o(i.MX_RTC_Init) for MX_RTC_Init
    main.o(i.main) refers to tasks.o(i.main_FSM) for main_FSM
    main.o(i.main) refers to stm32l0xx_hal.o(i.HAL_Delay) for HAL_Delay
    main.o(i.main) refers to tasks.o(.data) for device_last_state
    main.o(i.main) refers to tasks.o(.data) for device_current_state
    gpio.o(i.MX_GPIO_Init) refers to memseta.o(.text) for __aeabi_memclr4
    gpio.o(i.MX_GPIO_Init) refers to stm32l0xx_hal_gpio.o(i.HAL_GPIO_WritePin) for HAL_GPIO_WritePin
    gpio.o(i.MX_GPIO_Init) refers to stm32l0xx_hal_gpio.o(i.HAL_GPIO_Init) for HAL_GPIO_Init
    gpio.o(i.MX_GPIO_Init) refers to stm32l0xx_hal_cortex.o(i.HAL_NVIC_SetPriority) for HAL_NVIC_SetPriority
    gpio.o(i.MX_GPIO_Init) refers to stm32l0xx_hal_cortex.o(i.HAL_NVIC_EnableIRQ) for HAL_NVIC_EnableIRQ
    dma.o(i.MX_DMA_Init) refers to stm32l0xx_hal_cortex.o(i.HAL_NVIC_SetPriority) for HAL_NVIC_SetPriority
    dma.o(i.MX_DMA_Init) refers to stm32l0xx_hal_cortex.o(i.HAL_NVIC_EnableIRQ) for HAL_NVIC_EnableIRQ
    i2c.o(i.HAL_I2C_MspDeInit) refers to stm32l0xx_hal_gpio.o(i.HAL_GPIO_DeInit) for HAL_GPIO_DeInit
    i2c.o(i.HAL_I2C_MspDeInit) refers to stm32l0xx_hal_dma.o(i.HAL_DMA_DeInit) for HAL_DMA_DeInit
    i2c.o(i.HAL_I2C_MspDeInit) refers to stm32l0xx_hal_cortex.o(i.HAL_NVIC_DisableIRQ) for HAL_NVIC_DisableIRQ
    i2c.o(i.HAL_I2C_MspInit) refers to memseta.o(.text) for __aeabi_memclr4
    i2c.o(i.HAL_I2C_MspInit) refers to stm32l0xx_hal_gpio.o(i.HAL_GPIO_Init) for HAL_GPIO_Init
    i2c.o(i.HAL_I2C_MspInit) refers to stm32l0xx_hal_dma.o(i.HAL_DMA_Init) for HAL_DMA_Init
    i2c.o(i.HAL_I2C_MspInit) refers to main.o(i.Error_Handler) for Error_Handler
    i2c.o(i.HAL_I2C_MspInit) refers to stm32l0xx_hal_cortex.o(i.HAL_NVIC_SetPriority) for HAL_NVIC_SetPriority
    i2c.o(i.HAL_I2C_MspInit) refers to stm32l0xx_hal_cortex.o(i.HAL_NVIC_EnableIRQ) for HAL_NVIC_EnableIRQ
    i2c.o(i.HAL_I2C_MspInit) refers to i2c.o(.bss) for .bss
    i2c.o(i.MX_I2C1_Init) refers to stm32l0xx_hal_i2c.o(i.HAL_I2C_Init) for HAL_I2C_Init
[...]
    i.SettingPage_CallBack                   0x08005b22   Section        0  wououi_user.o(i.SettingPage_CallBack)
    i.SysTick_Handler                        0x08005b24   Section        0  stm32l0xx_it.o(i.SysTick_Handler)
    i.SystemClock_Config                     0x08005b2c   Section        0  main.o(i.SystemClock_Config)
    i.SystemInit                             0x08005bc4   Section        0  system_stm32l0xx.o(i.SystemInit)
    i.TIM21_IRQHandler                       0x08005bc8   Section        0  stm32l0xx_it.o(i.TIM21_IRQHandler)
    i.TIM6_IRQHandler                        0x08005bd8   Section        0  stm32l0xx_it.o(i.TIM6_IRQHandler)
    i.TIM_Base_SetConfig                     0x08005be8   Section        0  stm32l0xx_hal_tim.o(i.TIM_Base_SetConfig)
    TIM_Base_SetConfig                       0x08005be9   Thumb Code    78  stm32l0xx_hal_tim.o(i.TIM_Base_SetConfig)
    i.TIM_ETR_SetConfig                      0x08005c40   Section        0  stm32l0xx_hal_tim.o(i.TIM_ETR_SetConfig)
    TIM_ETR_SetConfig                        0x08005c41   Thumb Code    22  stm32l0xx_hal_tim.o(i.TIM_ETR_SetConfig)
    i.TIM_SlaveTimer_SetConfig               0x08005c56   Section        0  stm32l0xx_hal_tim.o(i.TIM_SlaveTimer_SetConfig)
    TIM_SlaveTimer_SetConfig                 0x08005c57   Thumb Code   140  stm32l0xx_hal_tim.o(i.TIM_SlaveTimer_SetConfig)
    i.TIM_TI1_ConfigInputStage               0x08005ce2   Section        0  stm32l0xx_hal_tim.o(i.TIM_TI1_ConfigInputStage)
    TIM_TI1_ConfigInputStage                 0x08005ce3   Thumb Code    34  stm32l0xx_hal_tim.o(i.TIM_TI1_ConfigInputStage)
    i.TIM_TI2_ConfigInputStage               0x08005d04   Section        0  stm32l0xx_hal_tim.o(i.TIM_TI2_ConfigInputStage)
    TIM_TI2_ConfigInputStage                 0x08005d05   Thumb Code    38  stm32l0xx_hal_tim.o(i.TIM_TI2_ConfigInputStage)
    i.TestUI_Init                            0x08005d2c   Section        0  wououi_user.o(i.TestUI_Init)
    i.WouoUI_port_SendBuff                   0x08005dcc   Section        0  wououi_port.o(i.WouoUI_port_SendBuff)
    i.__0sprintf                             0x08005dd4   Section        0  printfa.o(i.__0sprintf)
    i.__ARM_clz                              0x08005dfc   Section        0  depilogue.o(i.__ARM_clz)
    i.__ARM_common_ll_muluu                  0x08005e2a   Section        0  stm32l0xx_hal_rcc.o(i.__ARM_common_ll_muluu)
    i.__ARM_common_switch8                   0x08005e5a   Section        0  stm32l0xx_hal_dma.o(i.__ARM_common_switch8)
    i.__NVIC_SetPriority                     0x08005e74   Section        0  stm32l0xx_hal_cortex.o(i.__NVIC_SetPriority)
    __NVIC_SetPriority                       0x08005e75   Thumb Code    60  stm32l0xx_hal_cortex.o(i.__NVIC_SetPriority)
    i.__scatterload_copy                     0x08005eb8   Section       14  handlers.o(i.__scatterload_copy)
    i.__scatterload_null                     0x08005ec6   Section        2  handlers.o(i.__scatterload_null)
    i.__scatterload_zeroinit                 0x08005ec8   Section       14  handlers.o(i.__scatterload_zeroinit)
    i._fp_digits                             0x08005ed8   Section        0  printfa.o(i._fp_digits)
    _fp_digits                               0x08005ed9   Thumb Code   316  printfa.o(i._fp_digits)
    i._printf_core                           0x08006030   Section        0  printfa.o(i._printf_core)
    _printf_core                             0x08006031   Thumb Code  1754  printfa.o(i._printf_core)
    i._printf_post_padding                   0x0800671c   Section        0  printfa.o(i._printf_post_padding)
    _printf_post_padding                     0x0800671d   Thumb Code    32  printfa.o(i._printf_post_padding)
    i._printf_pre_padding                    0x0800673c   Section        0  printfa.o(i._printf_pre_padding)
    _printf_pre_padding                      0x0800673d   Thumb Code    44  printfa.o(i._printf_pre_padding)
    i._sputc                                 0x08006768   Section        0  printfa.o(i._sputc)
    _sputc                                   0x08006769   Thumb Code    10  printfa.o(i._sputc)
    i.bsp_adau1761_eq_init                   0x08006774   Section        0  adau1761.o(i.bsp_adau1761_eq_init)
    i.bsp_btn_scan_init                      0x08006818   Section        0  key.o(i.bsp_btn_scan_init)
    i.bsp_read_eqs_from_eeprom               0x080068fc   Section        0  eeprom.o(i.bsp_read_eqs_from_eeprom)
    i.button_attach                          0x08006916   Section        0  multi_button.o(i.button_attach)
    i.button_handler                         0x0800691e   Section        0  multi_button.o(i.button_handler)
    button_handler                           0x0800691f   Thumb Code   450  multi_button.o(i.button_handler)
    i.button_init                            0x08006ae0   Section        0  multi_button.o(i.button_init)
    i.button_start                           0x08006b1c   Section        0  multi_button.o(i.button_start)
    i.button_ticks                           0x08006b40   Section        0  multi_button.o(i.button_ticks)
    i.free                                   0x08006b5c   Section        0  malloc.o(i.free)
    i.main                                   0x08006bb0   Section        0  main.o(i.main)
    i.main_FSM                               0x08006bf0   Section        0  tasks.o(i.main_FSM)
    i.malloc                                 0x08006c44   Section        0  malloc.o(i.malloc)
    i.qcc5125_btn_press                      0x08006cb0   Section        0  qcc5125.o(i.qcc5125_btn_press)
    i.read_btn_level                         0x08006ccc   Section        0  key.o(i.read_btn_level)
    i.sys_chg_info_init                      0x08006d18   Section        0  pwr_mngr.o(i.sys_chg_info_init)
    i.sys_ctrl_status_switch                 0x08006d22   Section        0  pwr_mngr.o(i.sys_ctrl_status_switch)
    i.sys_pwrctrl_power_up                   0x08006d24   Section        0  pwr_mngr.o(i.sys_pwrctrl_power_up)
    i.system_init                            0x08006d98   Section        0  sys_init.o(i.system_init)
    i.ui_ftoa_str                            0x08006e38   Section        0  wououi.o(i.ui_ftoa_str)
    i.ui_itoa                                0x08006eb0   Section        0  wououi.o(i.ui_itoa)
    i.ui_itoa_str                            0x08006ed4   Section        0  wououi.o(i.ui_itoa_str)
    .constdata                               0x08006ef4   Section       25  system_stm32l0xx.o(.constdata)
    .constdata                               0x08006f0d   Section      570  wououi_font.o(.constdata)
    .constdata                               0x08007147   Section     1330  wououi_font.o(.constdata)
    .constdata                               0x08007679   Section     3420  wououi_font.o(.constdata)
    .constdata                               0x080083d5   Section      360  wououi_user.o(.constdata)
    .conststring                             0x08008540   Section      716  wououi_user.o(.conststring)
    .data                                    0x20000000   Section       12  stm32l0xx_hal.o(.data)
    .data                                    0x2000000c   Section        4  system_stm32l0xx.o(.data)
    .data                                    0x20000010   Section        1  timer.o(.data)
    time_cnt_20ms                            0x20000010   Data           1  timer.o(.data)
    .data                                    0x20000014   Section        4  multi_button.o(.data)
    head_handle                              0x20000014   Data           4  multi_button.o(.data)
    .data                                    0x20000018   Section        4  pwr_mngr.o(.data)
    .data                                    0x2000001c   Section        1  tasks.o(.data)
    .data                                    0x2000001d   Section        1  tasks.o(.data)
    .data                                    0x20000020   Section      564  wououi.o(.data)
    .data                                    0x20000254   Section       20  wououi.o(.data)
    .data                                    0x20000268   Section       12  wououi_font.o(.data)
    .data                                    0x20000274   Section       12  wououi_font.o(.data)
    .data                                    0x20000280   Section       12  wououi_font.o(.data)
    .data                                    0x2000028c   Section     1028  wououi_oled.o(.data)
    OLED_colorMode                           0x2000028f   Data           1  wououi_oled.o(.data)
    .data                                    0x20000690   Section        2  wououi_page.o(.data)
    temp                                     0x20000690   Data           2  wououi_page.o(.data)
    .data                                    0x20000694   Section     1344  wououi_user.o(.data)
    .data                                    0x20000bd4   Section        4  mvars.o(.data)
    .data                                    0x20000bd8   Section        4  mvars.o(.data)
    .bss                                     0x20000bdc   Section      156  i2c.o(.bss)
    .bss                                     0x20000c78   Section       36  rtc.o(.bss)
    .bss                                     0x20000c9c   Section      192  tim.o(.bss)
    .bss                                     0x20000d5c   Section       24  stm32l0xx_hal_flash.o(.bss)
    .bss                                     0x20000d74   Section      220  key.o(.bss)
    .bss                                     0x20000e50   Section       12  pwr_mngr.o(.bss)
    .bss                                     0x20000e5c   Section     1074  oled.o(.bss)
    s                                        0x20000e5c   Data          50  oled.o(.bss)
    .bss                                     0x2000128e   Section       28  qcc5125.o(.bss)
    .bss                                     0x200012ac   Section      480  adau1761.o(.bss)
    .bss                                     0x2000148c   Section       10  adau1761.o(.bss)
    .bss                                     0x20001496   Section       10  adau1761.o(.bss)
    .bss                                     0x200014a0   Section       32  wououi.o(.bss)
    str                                      0x200014a0   Data          16  wououi.o(.bss)
    str                                      0x200014b0   Data          16  wououi.o(.bss)
    .bss                                     0x200014c0   Section     1024  wououi_oled.o(.bss)
    .bss                                     0x200018c0   Section      240  wououi_user.o(.bss)
    HEAP                                     0x200019b0   Section      512  startup_stm32l051xx.o(HEAP)
    STACK                                    0x20001bb0   Section     1024  startup_stm32l051xx.o(STACK)

    Global Symbols

    Symbol Name                              Value     Ov Type        Size  Object(Section)

    BuildAttributes$$THM_ISAv3M$S$PE$A:L22$X:L11$S22$IEEE1$IW$USESV6$~STKCKD$USESV7$~SHL$OTIME$ROPI$IEEEX$EBA8$MICROLIB$REQ8$PRES8$EABIv2 0x00000000   Number         0  anon$$obj.o ABSOLUTE
    __ARM_use_no_argv                        0x00000000   Number         0  main.o ABSOLUTE
    _printf_a                                0x00000000   Number         0  stubs.o ABSOLUTE
    _printf_c                                0x00000000   Number         0  stubs.o ABSOLUTE
    _printf_charcount                        0x00000000   Number         0  stubs.o ABSOLUTE
    _printf_d                                0x00000000   Number         0  stubs.o ABSOLUTE
    _printf_e                                0x00000000   Number         0  stubs.o ABSOLUTE
    _printf_f                                0x00000000   Number         0  stubs.o ABSOLUTE
    _printf_flags                            0x00000000   Number         0  stubs.o ABSOLUTE
    _printf_fp_dec                           0x00000000   Number         0  stubs.o ABSOLUTE
    _printf_fp_hex                           0x00000000   Number         0  stubs.o ABSOLUTE
    _printf_g                                0x00000000   Number         0  stubs.o ABSOLUTE
    _printf_i                                0x00000000   Number         0  stubs.o ABSOLUTE
    _printf_int_dec                          0x00000000   Number         0  stubs.o ABSOLUTE
    _printf_l                                0x00000000   Number         0  stubs.o ABSOLUTE
    _printf_lc                               0x00000000   Number         0  stubs.o ABSOLUTE
    _printf_ll                               0x00000000   Number         0  stubs.o ABSOLUTE
    _printf_lld                              0x00000000   Number         0  stubs.o ABSOLUTE
    _printf_lli                              0x00000000   Number         0  stubs.o ABSOLUTE
    _printf_llo                              0x00000000   Number         0  stubs.o ABSOLUTE
    _printf_llu                              0x00000000   Number         0  stubs.o ABSOLUTE
    _printf_llx                              0x00000000   Number         0  stubs.o ABSOLUTE
    _printf_longlong_dec                     0x00000000   Number         0  stubs.o ABSOLUTE
    _printf_longlong_hex                     0x00000000   Number         0  stubs.o ABSOLUTE
    _printf_longlong_oct                     0x00000000   Number         0  stubs.o ABSOLUTE
    _printf_ls                               0x00000000   Number         0  stubs.o ABSOLUTE
    _printf_mbtowc                           0x00000000   Number         0  stubs.o ABSOLUTE
    _printf_n                                0x00000000   Number         0  stubs.o ABSOLUTE
    _printf_o                                0x00000000   Number         0  stubs.o ABSOLUTE
    _printf_p                                0x00000000   Number         0  stubs.o ABSOLUTE
    _printf_percent                          0x00000000   Number         0  stubs.o ABSOLUTE
    _printf_pre_padding                      0x00000000   Number         0  stubs.o ABSOLUTE
    _printf_return_value                     0x00000000   Number         0  stubs.o ABSOLUTE
    _printf_s                                0x00000000   Number         0  stubs.o ABSOLUTE
    _printf_sizespec                         0x00000000   Number         0  stubs.o ABSOLUTE
    _printf_str                              0x00000000   Number         0  stubs.o ABSOLUTE
    _printf_truncate_signed                  0x00000000   Number         0  stubs.o ABSOLUTE
    _printf_truncate_unsigned                0x00000000   Number         0  stubs.o ABSOLUTE
    _printf_u                                0x00000000   Number         0  stubs.o ABSOLUTE
    _printf_wc                               0x00000000   Number         0  stubs.o ABSOLUTE
    _printf_wctomb                           0x00000000   Number         0  stubs.o ABSOLUTE
    _printf_widthprec                        0x00000000   Number         0  stubs.o ABSOLUTE
    _printf_x                                0x00000000   Number         0  stubs.o ABSOLUTE
    __cpp_initialize__aeabi_                  - Undefined Weak Reference
    __cxa_finalize                            - Undefined Weak Reference
    _clock_init                               - Undefined Weak Reference
    _microlib_exit                            - Undefined Weak Reference
    __Vectors_Size                           0x000000c0   Number         0  startup_stm32l051xx.o ABSOLUTE
    __Vectors                                0x08000000   Data           4  startup_stm32l051xx.o(RESET)
    __Vectors_End                            0x080000c0   Data           0  startup_stm32l051xx.o(RESET)
    __main                                   0x080000c1   Thumb Code     0  entry.o(.ARM.Collect$$$$00000000)
    _main_stk                                0x080000c1   Thumb Code     0  entry2.o(.ARM.Collect$$$$00000001)
    _main_scatterload                        0x080000c5   Thumb Code     0  entry5.o(.ARM.Collect$$$$00000004)
    __main_after_scatterload                 0x080000c9   Thumb Code     0  entry5.o(.ARM.Collect$$$$00000004)
    _main_clock                              0x080000c9   Thumb Code     0  entry7b.o(.ARM.Collect$$$$00000008)
    _main_cpp_init                           0x080000c9   Thumb Code     0  entry8b.o(.ARM.Collect$$$$0000000A)
    _main_init                               0x080000c9   Thumb Code     0  entry9a.o(.ARM.Collect$$$$0000000B)
    __rt_final_cpp                           0x080000d1   Thumb Code     0  entry10a.o(.ARM.Collect$$$$0000000D)
    __rt_final_exit                          0x080000d1   Thumb Code     0  entry11a.o(.ARM.Collect$$$$0000000F)
    Reset_Handler                            0x080000d5   Thumb Code     8  startup_stm32l051xx.o(.text)
    ADC1_COMP_IRQHandler                     0x080000e7   Thumb Code     0  startup_stm32l051xx.o(.text)
    DMA1_Channel1_IRQHandler                 0x080000e7   Thumb Code     0  startup_stm32l051xx.o(.text)
    DMA1_Channel4_5_6_7_IRQHandler           0x080000e7   Thumb Code     0  startup_stm32l051xx.o(.text)
    I2C2_IRQHandler                          0x080000e7   Thumb Code     0  startup_stm32l051xx.o(.text)
    LPTIM1_IRQHandler                        0x080000e7   Thumb Code     0  startup_stm32l051xx.o(.text)
    LPUART1_IRQHandler                       0x080000e7   Thumb Code     0  startup_stm32l051xx.o(.text)
    PVD_IRQHandler                           0x080000e7   Thumb Code     0  startup_stm32l051xx.o(.text)
    RCC_IRQHandler                           0x080000e7   Thumb Code     0  startup_stm32l051xx.o(.text)
    SPI1_IRQHandler                          0x080000e7   Thumb Code     0  startup_stm32l051xx.o(.text)
    SPI2_IRQHandler                          0x080000e7   Thumb Code     0  startup_stm32l051xx.o(.text)
    TIM22_IRQHandler                         0x080000e7   Thumb Code     0  startup_stm32l051xx.o(.text)
    TIM2_IRQHandler                          0x080000e7   Thumb Code     0  startup_stm32l051xx.o(.text)
    USART1_IRQHandler                        0x080000e7   Thumb Code     0  startup_stm32l051xx.o(.text)
    USART2_IRQHandler                        0x080000e7   Thumb Code     0  startup_stm32l051xx.o(.text)
    WWDG_IRQHandler                          0x080000e7   Thumb Code     0  startup_stm32l051xx.o(.text)
    __aeabi_uidiv                            0x080000f1   Thumb Code     0  uidiv.o(.text)
    __aeabi_uidivmod                         0x080000f1   Thumb Code    44  uidiv.o(.text)
    __aeabi_idiv                             0x0800011d   Thumb Code     0  idiv.o(.text)
    __aeabi_idivmod                          0x0800011d   Thumb Code    40  idiv.o(.text)
    __aeabi_uldivmod                         0x08000145   Thumb Code    96  uldiv.o(.text)
    __aeabi_memcpy                           0x080001a5   Thumb Code    36  memcpya.o(.text)
    __aeabi_memcpy4                          0x080001a5   Thumb Code     0  memcpya.o(.text)
    __aeabi_memcpy8                          0x080001a5   Thumb Code     0  memcpya.o(.text)
    __aeabi_memset                           0x080001c9   Thumb Code    14  memseta.o(.text)
    __aeabi_memset4                          0x080001c9   Thumb Code     0  memseta.o(.text)
    __aeabi_memset8                          0x080001c9   Thumb Code     0  memseta.o(.text)
    __aeabi_memclr                           0x080001d7   Thumb Code     4  memseta.o(.text)
    __aeabi_memclr4                          0x080001d7   Thumb Code     0  memseta.o(.text)
    __aeabi_memclr8                          0x080001d7   Thumb Code     0  memseta.o(.text)
    _memset$wrapper                          0x080001db   Thumb Code    18  memseta.o(.text)
    strlen                                   0x080001ed   Thumb Code    14  strlen.o(.text)
    strcmp                                   0x080001fb   Thumb Code    28  strcmp.o(.text)
    memcmp                                   0x08000217   Thumb Code    26  memcmp.o(.text)
    __aeabi_fadd                             0x08000231   Thumb Code   162  fadd.o(.text)
    __aeabi_fsub                             0x080002d3   Thumb Code     8  fadd.o(.text)
    __aeabi_frsub                            0x080002db   Thumb Code     8  fadd.o(.text)
    __aeabi_fmul                             0x080002e3   Thumb Code   122  fmul.o(.text)
    __aeabi_fdiv                             0x0800035d   Thumb Code   124  fdiv.o(.text)
    __aeabi_dadd                             0x080003d9   Thumb Code   328  dadd.o(.text)
    __aeabi_dsub                             0x08000521   Thumb Code    12  dadd.o(.text)
    __aeabi_drsub                            0x0800052d   Thumb Code    12  dadd.o(.text)
    __aeabi_dmul                             0x0800053d   Thumb Code   202  dmul.o(.text)
    __aeabi_ddiv                             0x0800060d   Thumb Code   234  ddiv.o(.text)
    __aeabi_i2f                              0x080006fd   Thumb Code    22  fflti.o(.text)
    __aeabi_ui2f                             0x08000713   Thumb Code    14  ffltui.o(.text)
    __aeabi_f2iz                             0x08000721   Thumb Code    50  ffixi.o(.text)
    __aeabi_f2d                              0x08000753   Thumb Code    40  f2d.o(.text)
    __aeabi_cfcmpeq                          0x0800077d   Thumb Code     0  cfcmple.o(.text)
    __aeabi_cfcmple                          0x0800077d   Thumb Code    20  cfcmple.o(.text)
    __aeabi_cfrcmple                         0x08000791   Thumb Code    20  cfrcmple.o(.text)
    __aeabi_llsl                             0x080007a5   Thumb Code    32  llshl.o(.text)
    _ll_shift_l                              0x080007a5   Thumb Code     0  llshl.o(.text)
    __aeabi_llsr                             0x080007c5   Thumb Code    34  llushr.o(.text)
    _ll_ushift_r                             0x080007c5   Thumb Code     0  llushr.o(.text)
    __aeabi_lasr                             0x080007e7   Thumb Code    38  llsshr.o(.text)
    _ll_sshift_r                             0x080007e7   Thumb Code     0  llsshr.o(.text)
    __I$use$fp                               0x0800080d   Thumb Code     0  iusefp.o(.text)
    _float_round                             0x0800080d   Thumb Code    16  fepilogue.o(.text)
    _float_epilogue                          0x0800081d   Thumb Code   114  fepilogue.o(.text)
    _double_round                            0x0800088f   Thumb Code    26  depilogue.o(.text)
    _double_epilogue                         0x080008a9   Thumb Code   164  depilogue.o(.text)
    __aeabi_d2ulz                            0x0800094d   Thumb Code    54  dfixul.o(.text)
    __aeabi_cdrcmple                         0x0800098d   Thumb Code    38  cdrcmple.o(.text)
    __scatterload                            0x080009b5   Thumb Code    28  init.o(.text)
    __scatterload_rt2                        0x080009b5   Thumb Code     0  init.o(.text)
    __decompress                             0x080009d9   Thumb Code     0  __dczerorl2.o(.text)
    __decompress1                            0x080009d9   Thumb Code    86  __dczerorl2.o(.text)
    About_CallBack                           0x08000a31   Thumb Code    36  wououi_user.o(i.About_CallBack)
    BTNDOWN_SINGLE_Click_Handler             0x08000a59   Thumb Code    10  key.o(i.BTNDOWN_SINGLE_Click_Handler)
    BTNMID_LONG_PRESS_START_Handler          0x08000a63   Thumb Code     2  key.o(i.BTNMID_LONG_PRESS_START_Handler)
    BTNMID_SINGLE_Click_Handler              0x08000a65   Thumb Code    10  key.o(i.BTNMID_SINGLE_Click_Handler)
    BTNNEXT_SINGLE_Click_Handler             0x08000a6f   Thumb Code    10  key.o(i.BTNNEXT_SINGLE_Click_Handler)
    BTNPREV_LONG_PRESS_START_Handler         0x08000a79   Thumb Code    10  key.o(i.BTNPREV_LONG_PRESS_START_Handler)
    BTNPREV_SINGLE_Click_Handler             0x08000a83   Thumb Code    10  key.o(i.BTNPREV_SINGLE_Click_Handler)
    BTNUP_SINGLE_Click_Handler               0x08000a8d   Thumb Code    10  key.o(i.BTNUP_SINGLE_Click_Handler)
    DMA1_Channel2_3_IRQHandler               0x08000a99   Thumb Code    10  stm32l0xx_it.o(i.DMA1_Channel2_3_IRQHandler)
    EEPROM_Read_W_CHECK                      0x08000af5   Thumb Code   112  eeprom.o(i.EEPROM_Read_W_CHECK)
    EXTI0_1_IRQHandler                       0x08000b65   Thumb Code    16  stm32l0xx_it.o(i.EXTI0_1_IRQHandler)
    EXTI2_3_IRQHandler                       0x08000b75   Thumb Code    16  stm32l0xx_it.o(i.EXTI2_3_IRQHandler)
    EXTI4_15_IRQHandler                      0x08000b85   Thumb Code    18  stm32l0xx_it.o(i.EXTI4_15_IRQHandler)
    Error_Handler                            0x08000b97   Thumb Code     4  main.o(i.Error_Handler)
    FLASH_IRQHandler                         0x08000b9b   Thumb Code     8  stm32l0xx_it.o(i.FLASH_IRQHandler)
    FLASH_PageErase                          0x08000ba5   Thumb Code    34  stm32l0xx_hal_flash_ex.o(i.FLASH_PageErase)
    HAL_DMA_Abort_IT                         0x08000c61   Thumb Code    76  stm32l0xx_hal_dma.o(i.HAL_DMA_Abort_IT)
    HAL_DMA_GetState                         0x08000cad   Thumb Code     6  stm32l0xx_hal_dma.o(i.HAL_DMA_GetState)
    HAL_DMA_IRQHandler                       0x08000cb3   Thumb Code   168  stm32l0xx_hal_dma.o(i.HAL_DMA_IRQHandler)
    HAL_DMA_Init                             0x08000d5d   Thumb Code   132  stm32l0xx_hal_dma.o(i.HAL_DMA_Init)
    HAL_DMA_Start_IT                         0x08000ded   Thumb Code   104  stm32l0xx_hal_dma.o(i.HAL_DMA_Start_IT)
    HAL_Delay                                0x08000e55   Thumb Code    32  stm32l0xx_hal.o(i.HAL_Delay)
    HAL_FLASH_EndOfOperationCallback         0x08000e79   Thumb Code     2  stm32l0xx_hal_flash.o(i.HAL_FLASH_EndOfOperationCallback)
    HAL_FLASH_IRQHandler                     0x08000e7d   Thumb Code   210  stm32l0xx_hal_flash.o(i.HAL_FLASH_IRQHandler)
    HAL_FLASH_OperationErrorCallback         0x08000f59   Thumb Code     2  stm32l0xx_hal_flash.o(i.HAL_FLASH_OperationErrorCallback)
    HAL_GPIO_EXTI_Callback                   0x08000f5b   Thumb Code     2  stm32l0xx_hal_gpio.o(i.HAL_GPIO_EXTI_Callback)
    HAL_GPIO_EXTI_IRQHandler                 0x08000f5d   Thumb Code    18  stm32l0xx_hal_gpio.o(i.HAL_GPIO_EXTI_IRQHandler)
    HAL_GPIO_Init                            0x08000f75   Thumb Code   320  stm32l0xx_hal_gpio.o(i.HAL_GPIO_Init)
    HAL_GPIO_ReadPin                         0x080010d1   Thumb Code    10  stm32l0xx_hal_gpio.o(i.HAL_GPIO_ReadPin)
    HAL_GPIO_WritePin                        0x080010db   Thumb Code    12  stm32l0xx_hal_gpio.o(i.HAL_GPIO_WritePin)
    HAL_GetTick                              0x080010e9   Thumb Code     6  stm32l0xx_hal.o(i.HAL_GetTick)
    HAL_I2CEx_ConfigAnalogFilter             0x080010f5   Thumb Code    74  stm32l0xx_hal_i2c_ex.o(i.HAL_I2CEx_ConfigAnalogFilter)
    HAL_I2CEx_ConfigDigitalFilter            0x0800113f   Thumb Code    72  stm32l0xx_hal_i2c_ex.o(i.HAL_I2CEx_ConfigDigitalFilter)
    HAL_I2CEx_EnableFastModePlus             0x08001189   Thumb Code    20  stm32l0xx_hal_i2c_ex.o(i.HAL_I2CEx_EnableFastModePlus)
    HAL_I2C_AbortCpltCallback                0x080011a5   Thumb Code     2  stm32l0xx_hal_i2c.o(i.HAL_I2C_AbortCpltCallback)
    HAL_I2C_AddrCallback                     0x080011a7   Thumb Code     2  stm32l0xx_hal_i2c.o(i.HAL_I2C_AddrCallback)
    HAL_I2C_ER_IRQHandler                    0x080011a9   Thumb Code    94  stm32l0xx_hal_i2c.o(i.HAL_I2C_ER_IRQHandler)
    HAL_I2C_EV_IRQHandler                    0x08001207   Thumb Code    16  stm32l0xx_hal_i2c.o(i.HAL_I2C_EV_IRQHandler)
    HAL_I2C_ErrorCallback                    0x08001217   Thumb Code     2  stm32l0xx_hal_i2c.o(i.HAL_I2C_ErrorCallback)
    HAL_I2C_Init                             0x08001219   Thumb Code   176  stm32l0xx_hal_i2c.o(i.HAL_I2C_Init)
    HAL_I2C_ListenCpltCallback               0x080012cd   Thumb Code     2  stm32l0xx_hal_i2c.o(i.HAL_I2C_ListenCpltCallback)
    HAL_I2C_MasterRxCpltCallback             0x080012cf   Thumb Code     2  stm32l0xx_hal_i2c.o(i.HAL_I2C_MasterRxCpltCallback)
    HAL_I2C_MasterTxCpltCallback             0x080012d1   Thumb Code     2  stm32l0xx_hal_i2c.o(i.HAL_I2C_MasterTxCpltCallback)
    HAL_I2C_Master_Transmit_DMA              0x080012d5   Thumb Code   258  stm32l0xx_hal_i2c.o(i.HAL_I2C_Master_Transmit_DMA)
    HAL_I2C_MemRxCpltCallback                0x080013f1   Thumb Code     2  stm32l0xx_hal_i2c.o(i.HAL_I2C_MemRxCpltCallback)
    HAL_I2C_MemTxCpltCallback                0x080013f3   Thumb Code     2  stm32l0xx_hal_i2c.o(i.HAL_I2C_MemTxCpltCallback)
    HAL_I2C_Mem_Write                        0x080013f5   Thumb Code   326  stm32l0xx_hal_i2c.o(i.HAL_I2C_Mem_Write)
    HAL_I2C_MspInit                          0x08001541   Thumb Code   142  i2c.o(i.HAL_I2C_MspInit)
    HAL_I2C_SlaveRxCpltCallback              0x080015e5   Thumb Code     2  stm32l0xx_hal_i2c.o(i.HAL_I2C_SlaveRxCpltCallback)
    HAL_I2C_SlaveTxCpltCallback              0x080015e7   Thumb Code     2  stm32l0xx_hal_i2c.o(i.HAL_I2C_SlaveTxCpltCallback)
    HAL_IncTick                              0x080015e9   Thumb Code    12  stm32l0xx_hal.o(i.HAL_IncTick)
    HAL_Init                                 0x080015f9   Thumb Code    36  stm32l0xx_hal.o(i.HAL_Init)
    HAL_InitTick                             0x08001621   Thumb Code    58  stm32l0xx_hal.o(i.HAL_InitTick)
    HAL_MspInit                              0x08001665   Thumb Code    38  stm32l0xx_hal_msp.o(i.HAL_MspInit)
    HAL_NVIC_EnableIRQ                       0x08001691   Thumb Code    18  stm32l0xx_hal_cortex.o(i.HAL_NVIC_EnableIRQ)
    HAL_NVIC_SetPriority                     0x080016a9   Thumb Code     8  stm32l0xx_hal_cortex.o(i.HAL_NVIC_SetPriority)
    HAL_PWR_EnterSTOPMode                    0x080016b1   Thumb Code    88  stm32l0xx_hal_pwr.o(i.HAL_PWR_EnterSTOPMode)
    HAL_RCCEx_PeriphCLKConfig                0x08001715   Thumb Code   364  stm32l0xx_hal_rcc_ex.o(i.HAL_RCCEx_PeriphCLKConfig)
    HAL_RCC_ClockConfig                      0x0800188d   Thumb Code   386  stm32l0xx_hal_rcc.o(i.HAL_RCC_ClockConfig)
    HAL_RCC_GetSysClockFreq                  0x08001a29   Thumb Code   110  stm32l0xx_hal_rcc.o(i.HAL_RCC_GetSysClockFreq)
    HAL_RCC_OscConfig                        0x08001aa5   Thumb Code  1064  stm32l0xx_hal_rcc.o(i.HAL_RCC_OscConfig)
    HAL_RTCEx_DeactivateWakeUpTimer          0x08001ecd   Thumb Code   122  stm32l0xx_hal_rtc_ex.o(i.HAL_RTCEx_DeactivateWakeUpTimer)
    HAL_RTCEx_WakeUpTimerEventCallback       0x08001f49   Thumb Code    96  pwr_mngr.o(i.HAL_RTCEx_WakeUpTimerEventCallback)
    HAL_RTCEx_WakeUpTimerIRQHandler          0x08001fb1   Thumb Code    52  stm32l0xx_hal_rtc_ex.o(i.HAL_RTCEx_WakeUpTimerIRQHandler)
    HAL_RTC_Init                             0x08001fed   Thumb Code   166  stm32l0xx_hal_rtc.o(i.HAL_RTC_Init)
    HAL_RTC_MspInit                          0x08002099   Thumb Code    40  rtc.o(i.HAL_RTC_MspInit)
    HAL_RTC_WaitForSynchro                   0x080020c9   Thumb Code    48  stm32l0xx_hal_rtc.o(i.HAL_RTC_WaitForSynchro)
    HAL_SYSTICK_Config                       0x080020fd   Thumb Code    38  stm32l0xx_hal_cortex.o(i.HAL_SYSTICK_Config)
    HAL_TIMEx_MasterConfigSynchronization    0x0800212d   Thumb Code    78  stm32l0xx_hal_tim_ex.o(i.HAL_TIMEx_MasterConfigSynchronization)
    HAL_TIM_Base_Init                        0x08002185   Thumb Code    62  stm32l0xx_hal_tim.o(i.HAL_TIM_Base_Init)
    HAL_TIM_Base_MspInit                     0x080021c5   Thumb Code    82  tim.o(i.HAL_TIM_Base_MspInit)
    HAL_TIM_Base_Start_IT                    0x08002229   Thumb Code    68  stm32l0xx_hal_tim.o(i.HAL_TIM_Base_Start_IT)
    HAL_TIM_IC_CaptureCallback               0x08002275   Thumb Code     2  stm32l0xx_hal_tim.o(i.HAL_TIM_IC_CaptureCallback)
    HAL_TIM_IRQHandler                       0x08002277   Thumb Code   294  stm32l0xx_hal_tim.o(i.HAL_TIM_IRQHandler)
    HAL_TIM_OC_DelayElapsedCallback          0x0800239d   Thumb Code     2  stm32l0xx_hal_tim.o(i.HAL_TIM_OC_DelayElapsedCallback)
    HAL_TIM_PWM_PulseFinishedCallback        0x0800239f   Thumb Code     2  stm32l0xx_hal_tim.o(i.HAL_TIM_PWM_PulseFinishedCallback)
    HAL_TIM_PeriodElapsedCallback            0x080023a1   Thumb Code    52  timer.o(i.HAL_TIM_PeriodElapsedCallback)
    HAL_TIM_SlaveConfigSynchro               0x080023e5   Thumb Code    74  stm32l0xx_hal_tim.o(i.HAL_TIM_SlaveConfigSynchro)
    HAL_TIM_TriggerCallback                  0x0800242f   Thumb Code     2  stm32l0xx_hal_tim.o(i.HAL_TIM_TriggerCallback)
    HardFault_Handler                        0x08002431   Thumb Code     2  stm32l0xx_it.o(i.HardFault_Handler)
    I2C1_IRQHandler                          0x08002435   Thumb Code    28  stm32l0xx_it.o(i.I2C1_IRQHandler)
    MX_DMA_Init                              0x080032e9   Thumb Code    36  dma.o(i.MX_DMA_Init)
    MX_GPIO_Init                             0x08003311   Thumb Code   378  gpio.o(i.MX_GPIO_Init)
    MX_I2C1_Init                             0x08003499   Thumb Code    84  i2c.o(i.MX_I2C1_Init)
    MX_RTC_Init                              0x080034f9   Thumb Code    42  rtc.o(i.MX_RTC_Init)
    MX_TIM21_Init                            0x0800352d   Thumb Code   100  tim.o(i.MX_TIM21_Init)
    MX_TIM22_Init                            0x08003599   Thumb Code    94  tim.o(i.MX_TIM22_Init)
    MX_TIM6_Init                             0x08003605   Thumb Code    64  tim.o(i.MX_TIM6_Init)
    MainPage_CallBack                        0x08003651   Thumb Code    46  wououi_user.o(i.MainPage_CallBack)
    NMI_Handler                              0x08003695   Thumb Code     2  stm32l0xx_it.o(i.NMI_Handler)
    OLED_AllBlur                             0x08003697   Thumb Code    80  wououi_oled.o(i.OLED_AllBlur)
    OLED_Animation                           0x080036e7   Thumb Code    90  wououi.o(i.OLED_Animation)
    OLED_ClearBuff                           0x08003781   Thumb Code    32  wououi_oled.o(i.OLED_ClearBuff)
    OLED_ConWinInit                          0x080037a9   Thumb Code    90  wououi_win.o(i.OLED_ConWinInit)
    OLED_ConWinReact                         0x0800380d   Thumb Code   136  wououi_win.o(i.OLED_ConWinReact)
    OLED_ConWinShow                          0x08003899   Thumb Code   382  wououi_win.o(i.OLED_ConWinShow)
    OLED_GetStrHeight                        0x08003a31   Thumb Code    42  wououi_oled.o(i.OLED_GetStrHeight)
    OLED_GetStrWidth                         0x08003a5b   Thumb Code    18  wououi_oled.o(i.OLED_GetStrWidth)
    OLED_InfoWinInit                         0x08003a6d   Thumb Code    86  wououi_win.o(i.OLED_InfoWinInit)
    OLED_InfoWinReact                        0x08003acd   Thumb Code    86  wououi_win.o(i.OLED_InfoWinReact)
    OLED_InfoWinShow                         0x08003b29   Thumb Code   228  wououi_win.o(i.OLED_InfoWinShow)
    OLED_Init                                0x08003c1d   Thumb Code   220  oled.o(i.OLED_Init)
    OLED_ListDrawText_CheckBox               0x08003cf9   Thumb Code   178  wououi_page.o(i.OLED_ListDrawText_CheckBox)
    OLED_ListPageEnterInit                   0x08003db5   Thumb Code    22  wououi_page.o(i.OLED_ListPageEnterInit)
    OLED_ListPageInit                        0x08003dd5   Thumb Code    74  wououi_page.o(i.OLED_ListPageInit)
    OLED_ListPageReact                       0x08003e2d   Thumb Code   672  wououi_page.o(i.OLED_ListPageReact)
    OLED_ListPageShow                        0x080040e1   Thumb Code   328  wououi_page.o(i.OLED_ListPageShow)
    OLED_MsgQueClear                         0x08004239   Thumb Code    14  wououi.o(i.OLED_MsgQueClear)
    OLED_MsgQueRead                          0x0800424d   Thumb Code    36  wououi.o(i.OLED_MsgQueRead)
    OLED_MsgQueSend                          0x08004275   Thumb Code    48  wououi.o(i.OLED_MsgQueSend)
    OLED_PageInit                            0x080042a9   Thumb Code    22  wououi_page.o(i.OLED_PageInit)
    OLED_PageReturn                          0x080042c5   Thumb Code    52  wououi_page.o(i.OLED_PageReturn)
    OLED_RamClear                            0x080042fd   Thumb Code    26  oled.o(i.OLED_RamClear)
    OLED_Refresh_FrameBuffer                 0x0800431d   Thumb Code   110  oled.o(i.OLED_Refresh_FrameBuffer)
    OLED_Refresh_Gram                        0x08004391   Thumb Code   110  oled.o(i.OLED_Refresh_Gram)
    OLED_SendBuff                            0x08004409   Thumb Code    10  wououi_oled.o(i.OLED_SendBuff)
    OLED_SetPointColor                       0x08004419   Thumb Code    46  wououi_oled.o(i.OLED_SetPointColor)
    OLED_SlideValWinInit                     0x0800444d   Thumb Code   108  wououi_win.o(i.OLED_SlideValWinInit)
    OLED_SlideValWinReact                    0x080044c1   Thumb Code   116  wououi_win.o(i.OLED_SlideValWinReact)
    OLED_SlideValWinShow                     0x08004539   Thumb Code   426  wououi_win.o(i.OLED_SlideValWinShow)
    OLED_SpinWinInit                         0x080046f9   Thumb Code   240  wououi_win.o(i.OLED_SpinWinInit)
    OLED_SpinWinReact                        0x08004815   Thumb Code   240  wououi_win.o(i.OLED_SpinWinReact)
    OLED_SpinWinShow                         0x08004909   Thumb Code   492  wououi_win.o(i.OLED_SpinWinShow)
    OLED_TitlePageEnterInit                  0x08004b1d   Thumb Code    54  wououi_page.o(i.OLED_TitlePageEnterInit)
    OLED_TitlePageInit                       0x08004b65   Thumb Code    66  wououi_page.o(i.OLED_TitlePageInit)
    OLED_TitlePageReact                      0x08004bb5   Thumb Code   300  wououi_page.o(i.OLED_TitlePageReact)
    OLED_TitlePageShow                       0x08004ced   Thumb Code   412  wououi_page.o(i.OLED_TitlePageShow)
    OLED_UIBeginDynamicRefresh               0x08004e9d   Thumb Code    12  wououi.o(i.OLED_UIBeginDynamicRefresh)
    OLED_UIBlurProc                          0x08004ead   Thumb Code   192  wououi.o(i.OLED_UIBlurProc)
    OLED_UIFadeInInit                        0x08004f71   Thumb Code    28  wououi.o(i.OLED_UIFadeInInit)
    OLED_UIFadeOutInit                       0x08004f91   Thumb Code    34  wououi.o(i.OLED_UIFadeOutInit)
    OLED_UIIndicatorProc                     0x08004fb9   Thumb Code   420  wououi.o(i.OLED_UIIndicatorProc)
    OLED_UIJumpToPage                        0x08005161   Thumb Code    54  wououi.o(i.OLED_UIJumpToPage)
    OLED_UILayerInProc                       0x0800519d   Thumb Code    22  wououi.o(i.OLED_UILayerInProc)
    OLED_UILayerOutProc                      0x080051b9   Thumb Code    40  wououi.o(i.OLED_UILayerOutProc)
    OLED_UIPageProc                          0x080051e5   Thumb Code   196  wououi.o(i.OLED_UIPageProc)
    OLED_UIProc                              0x080052ad   Thumb Code   126  wououi.o(i.OLED_UIProc)
    OLED_UIScrollBarProc                     0x08005339   Thumb Code   102  wououi.o(i.OLED_UIScrollBarProc)
    OLED_WinDrawASCII                        0x080053d5   Thumb Code   456  wououi_oled.o(i.OLED_WinDrawASCII)
    OLED_WinDrawBMP                          0x0800559d   Thumb Code   230  wououi_oled.o(i.OLED_WinDrawBMP)
    OLED_WinDrawBoxRightAngle                0x08005683   Thumb Code   184  wououi_oled.o(i.OLED_WinDrawBoxRightAngle)
    OLED_WinDrawHLine                        0x0800573b   Thumb Code    92  wououi_oled.o(i.OLED_WinDrawHLine)
    OLED_WinDrawRBox                         0x08005797   Thumb Code   118  wououi_oled.o(i.OLED_WinDrawRBox)
    OLED_WinDrawRBoxEmpty                    0x0800580d   Thumb Code   184  wououi_oled.o(i.OLED_WinDrawRBoxEmpty)
    OLED_WinDrawStr                          0x080058c5   Thumb Code   108  wououi_oled.o(i.OLED_WinDrawStr)
    OLED_WinDrawVLine                        0x08005931   Thumb Code   152  wououi_oled.o(i.OLED_WinDrawVLine)
    OLED_WinFSM                              0x080059c9   Thumb Code    54  wououi_win.o(i.OLED_WinFSM)
    OLED_displayON                           0x08005a8d   Thumb Code    12  oled.o(i.OLED_displayON)
    PendSV_Handler                           0x08005a99   Thumb Code     2  stm32l0xx_it.o(i.PendSV_Handler)
    RTC_EnterInitMode                        0x08005a9b   Thumb Code    70  stm32l0xx_hal_rtc.o(i.RTC_EnterInitMode)
    RTC_ExitInitMode                         0x08005ae1   Thumb Code    46  stm32l0xx_hal_rtc.o(i.RTC_ExitInitMode)
    RTC_IRQHandler                           0x08005b11   Thumb Code    10  stm32l0xx_it.o(i.RTC_IRQHandler)
    SVC_Handler                              0x08005b21   Thumb Code     2  stm32l0xx_it.o(i.SVC_Handler)
    SettingPage_CallBack                     0x08005b23   Thumb Code     2  wououi_user.o(i.SettingPage_CallBack)
    SysTick_Handler                          0x08005b25   Thumb Code     8  stm32l0xx_it.o(i.SysTick_Handler)
    SystemClock_Config                       0x08005b2d   Thumb Code   148  main.o(i.SystemClock_Config)
    SystemInit                               0x08005bc5   Thumb Code     2  system_stm32l0xx.o(i.SystemInit)
    TIM21_IRQHandler                         0x08005bc9   Thumb Code    10  stm32l0xx_it.o(i.TIM21_IRQHandler)
    TIM6_IRQHandler                          0x08005bd9   Thumb Code    10  stm32l0xx_it.o(i.TIM6_IRQHandler)
    TestUI_Init                              0x08005d2d   Thumb Code   124  wououi_user.o(i.TestUI_Init)
    WouoUI_port_SendBuff                     0x08005dcd   Thumb Code     8  wououi_port.o(i.WouoUI_port_SendBuff)
    __0sprintf                               0x08005dd5   Thumb Code    36  printfa.o(i.__0sprintf)
    __1sprintf                               0x08005dd5   Thumb Code     0  printfa.o(i.__0sprintf)
    __2sprintf                               0x08005dd5   Thumb Code     0  printfa.o(i.__0sprintf)
    __c89sprintf                             0x08005dd5   Thumb Code     0  printfa.o(i.__0sprintf)
    sprintf                                  0x08005dd5   Thumb Code     0  printfa.o(i.__0sprintf)
    __ARM_clz                                0x08005dfd   Thumb Code    46  depilogue.o(i.__ARM_clz)
    __ARM_common_ll_muluu                    0x08005e2b   Thumb Code    48  stm32l0xx_hal_rcc.o(i.__ARM_common_ll_muluu)
    __ARM_common_switch8                     0x08005e5b   Thumb Code    26  stm32l0xx_hal_dma.o(i.__ARM_common_switch8)
    __scatterload_copy                       0x08005eb9   Thumb Code    14  handlers.o(i.__scatterload_copy)
    __scatterload_null                       0x08005ec7   Thumb Code     2  handlers.o(i.__scatterload_null)
    __scatterload_zeroinit                   0x08005ec9   Thumb Code    14  handlers.o(i.__scatterload_zeroinit)
    bsp_adau1761_eq_init                     0x08006775   Thumb Code   146  adau1761.o(i.bsp_adau1761_eq_init)
    bsp_btn_scan_init                        0x08006819   Thumb Code   192  key.o(i.bsp_btn_scan_init)
    bsp_read_eqs_from_eeprom                 0x080068fd   Thumb Code    26  eeprom.o(i.bsp_read_eqs_from_eeprom)
    button_attach                            0x08006917   Thumb Code     8  multi_button.o(i.button_attach)
    button_init                              0x08006ae1   Thumb Code    60  multi_button.o(i.button_init)
    button_start                             0x08006b1d   Thumb Code    32  multi_button.o(i.button_start)
    button_ticks                             0x08006b41   Thumb Code    22  multi_button.o(i.button_ticks)
    free                                     0x08006b5d   Thumb Code    80  malloc.o(i.free)
    main                                     0x08006bb1   Thumb Code    54  main.o(i.main)
    main_FSM                                 0x08006bf1   Thumb Code    76  tasks.o(i.main_FSM)
    malloc                                   0x08006c45   Thumb Code    92  malloc.o(i.malloc)
    qcc5125_btn_press                        0x08006cb1   Thumb Code    22  qcc5125.o(i.qcc5125_btn_press)
    read_btn_level                           0x08006ccd   Thumb Code    66  key.o(i.read_btn_level)
    sys_chg_info_init                        0x08006d19   Thumb Code    10  pwr_mngr.o(i.sys_chg_info_init)
    sys_ctrl_status_switch                   0x08006d23   Thumb Code     2  pwr_mngr.o(i.sys_ctrl_status_switch)
    sys_pwrctrl_power_up                     0x08006d25   Thumb Code   110  pwr_mngr.o(i.sys_pwrctrl_power_up)
    system_init                              0x08006d99   Thumb Code   140  sys_init.o(i.system_init)
    ui_ftoa_str                              0x08006e39   Thumb Code    98  wououi.o(i.ui_ftoa_str)
    ui_itoa                                  0x08006eb1   Thumb Code    26  wououi.o(i.ui_itoa)
    ui_itoa_str                              0x08006ed5   Thumb Code    28  wououi.o(i.ui_itoa_str)
    AHBPrescTable                            0x08006ef4   Data          16  system_stm32l0xx.o(.constdata)
    PLLMulTable                              0x08006f04   Data           9  system_stm32l0xx.o(.constdata)
    F6x8                                     0x08006f0d   Data         570  wououi_font.o(.constdata)
    F7x12                                    0x08007147   Data        1330  wououi_font.o(.constdata)
    F12X24                                   0x08007679   Data        3420  wououi_font.o(.constdata)
    main_icon_array                          0x080083d5   Data         360  wououi_user.o(.constdata)
    Region$$Table$$Base                      0x0800880c   Number         0  anon$$obj.o(Region$$Table)
    Region$$Table$$Limit                     0x0800882c   Number         0  anon$$obj.o(Region$$Table)
    uwTickFreq                               0x20000000   Data           1  stm32l0xx_hal.o(.data)
    uwTickPrio                               0x20000004   Data           4  stm32l0xx_hal.o(.data)
    uwTick                                   0x20000008   Data           4  stm32l0xx_hal.o(.data)
    SystemCoreClock                          0x2000000c   Data           4  system_stm32l0xx.o(.data)
    auto_pwroff_timeout                      0x20000018   Data           2  pwr_mngr.o(.data)
    sys_ctrl                                 0x2000001a   Data           2  pwr_mngr.o(.data)
    device_last_state                        0x2000001c   Data           1  tasks.o(.data)
    device_current_state                     0x2000001d   Data           1  tasks.o(.data)
    p_cur_ui                                 0x20000020   Data           4  wououi.o(.data)
    w_all                                    0x20000024   Data           8  wououi.o(.data)
    default_ui                               0x2000002c   Data         552  wououi.o(.data)
    g_default_ui_para                        0x20000254   Data          20  wououi.o(.data)
    Font_6_8                                 0x20000268   Data          12  wououi_font.o(.data)
    Font_7_12                                0x20000274   Data          12  wououi_font.o(.data)
    Font_12_24                               0x20000280   Data          12  wououi_font.o(.data)
    OLED_revColor                            0x2000028c   Data           1  wououi_oled.o(.data)
    OLED_penColor                            0x2000028d   Data           1  wououi_oled.o(.data)
    OLED_bgColor                             0x2000028e   Data           1  wououi_oled.o(.data)
    oled_buff_dynamic                        0x20000290   Data        1024  wououi_oled.o(.data)
    mian_option_array                        0x20000694   Data          96  wououi_user.o(.data)
    setting_option_array                     0x200006f4   Data         416  wououi_user.o(.data)
    about_option_array                       0x20000894   Data          96  wououi_user.o(.data)
    about_origin_array                       0x200008f4   Data         192  wououi_user.o(.data)
    about_wououi_array                       0x200009b4   Data         288  wououi_user.o(.data)
    about_version_array                      0x20000ad4   Data         256  wououi_user.o(.data)
    __microlib_freelist                      0x20000bd4   Data           4  mvars.o(.data)
    __microlib_freelist_initialised          0x20000bd8   Data           4  mvars.o(.data)
    hi2c1                                    0x20000bdc   Data          84  i2c.o(.bss)
    hdma_i2c1_tx                             0x20000c30   Data          72  i2c.o(.bss)
    hrtc                                     0x20000c78   Data          36  rtc.o(.bss)
    htim6                                    0x20000c9c   Data          64  tim.o(.bss)
    htim21                                   0x20000cdc   Data          64  tim.o(.bss)
    htim22                                   0x20000d1c   Data          64  tim.o(.bss)
    pFlash                                   0x20000d5c   Data          24  stm32l0xx_hal_flash.o(.bss)
    btn_up                                   0x20000d74   Data          44  key.o(.bss)
    btn_down                                 0x20000da0   Data          44  key.o(.bss)
    btn_prev                                 0x20000dcc   Data          44  key.o(.bss)
    btn_next                                 0x20000df8   Data          44  key.o(.bss)
    btn_mid                                  0x20000e24   Data          44  key.o(.bss)
    sys_chg_info                             0x20000e50   Data          12  pwr_mngr.o(.bss)
    OLED_GRAM                                0x20000e8e   Data        1024  oled.o(.bss)
    qcc5125_btn                              0x2000128e   Data          28  qcc5125.o(.bss)
    DSP_EQ                                   0x200012ac   Data         480  adau1761.o(.bss)
    eq_setting_boost                         0x2000148c   Data          10  adau1761.o(.bss)
    eq_setting_boost_last                    0x20001496   Data          10  adau1761.o(.bss)
    oled_buff                                0x200014c0   Data        1024  wououi_oled.o(.bss)
    main_page                                0x200018c0   Data          40  wououi_user.o(.bss)
    setting_page                             0x200018e8   Data          40  wououi_user.o(.bss)
    about_page                               0x20001910   Data          40  wououi_user.o(.bss)
    about_origin_page                        0x20001938   Data          40  wououi_user.o(.bss)
    about_wououi_page                        0x20001960   Data          40  wououi_user.o(.bss)
    about_version_page                       0x20001988   Data          40  wououi_user.o(.bss)
    __heap_base                              0x200019b0   Data           0  startup_stm32l051xx.o(HEAP)
    __heap_limit                             0x20001bb0   Data           0  startup_stm32l051xx.o(HEAP)
    __initial_sp                             0x20001fb0   Data           0  startup_stm32l051xx.o(STACK)



==============================================================================

Memory Map of the image

  Image Entry point : 0x080000c1

  Load Region LR_IROM1 (Base: 0x08000000, Size: 0x00009408, Max: 0x00010000, ABSOLUTE, COMPRESSED[0x000089bc])

    Execution Region ER_IROM1 (Exec base: 0x08000000, Load base: 0x08000000, Size: 0x0000882c, Max: 0x00010000, ABSOLUTE)

    Exec Addr    Load Addr    Size         Type   Attr      Idx    E Section Name        Object

    0x08000000   0x08000000   0x000000c0   Data   RO            3    RESET               startup_stm32l051xx.o
    0x080000c0   0x080000c0   0x00000000   Code   RO         4980  * .ARM.Collect$$$$00000000  mc_p.l(entry.o)
    0x080000c0   0x080000c0   0x00000004   Code   RO         5373    .ARM.Collect$$$$00000001  mc_p.l(entry2.o)
    0x080000c4   0x080000c4   0x00000004   Code   RO         5376    .ARM.Collect$$$$00000004  mc_p.l(entry5.o)
    0x080000c8   0x080000c8   0x00000000   Code   RO         5378    .ARM.Collect$$$$00000008  mc_p.l(entry7b.o)
    0x080000c8   0x080000c8   0x00000000   Code   RO         5380    .ARM.Collect$$$$0000000A  mc_p.l(entry8b.o)
    0x080000c8   0x080000c8   0x00000008   Code   RO         5381    .ARM.Collect$$$$0000000B  mc_p.l(entry9a.o)
    0x080000d0   0x080000d0   0x00000000   Code   RO         5383    .ARM.Collect$$$$0000000D  mc_p.l(entry10a.o)
    0x080000d0   0x080000d0   0x00000000   Code   RO         5385    .ARM.Collect$$$$0000000F  mc_p.l(entry11a.o)
    0x080000d0   0x080000d0   0x00000004   Code   RO         5374    .ARM.Collect$$$$00002712  mc_p.l(entry2.o)
    0x080000d4   0x080000d4   0x0000001c   Code   RO            4    .text               startup_stm32l051xx.o
    0x080000f0   0x080000f0   0x0000002c   Code   RO         4983    .text               mc_p.l(uidiv.o)
    0x0800011c   0x0800011c   0x00000028   Code   RO         4985    .text               mc_p.l(idiv.o)
    0x08000144   0x08000144   0x00000060   Code   RO         4987    .text               mc_p.l(uldiv.o)
    0x080001a4   0x080001a4   0x00000024   Code   RO         4989    .text               mc_p.l(memcpya.o)
    0x080001c8   0x080001c8   0x00000024   Code   RO         4991    .text               mc_p.l(memseta.o)
    0x080001ec   0x080001ec   0x0000000e   Code   RO         4993    .text               mc_p.l(strlen.o)
    0x080001fa   0x080001fa   0x0000001c   Code   RO         4995    .text               mc_p.l(strcmp.o)
    0x08000216   0x08000216   0x0000001a   Code   RO         4997    .text               mc_p.l(memcmp.o)
    0x08000230   0x08000230   0x000000b2   Code   RO         5290    .text               mf_p.l(fadd.o)
    0x080002e2   0x080002e2   0x0000007a   Code   RO         5292    .text               mf_p.l(fmul.o)
    0x0800035c   0x0800035c   0x0000007c   Code   RO         5294    .text               mf_p.l(fdiv.o)
    0x080003d8   0x080003d8   0x00000164   Code   RO         5298    .text               mf_p.l(dadd.o)
    0x0800053c   0x0800053c   0x000000d0   Code   RO         5300    .text               mf_p.l(dmul.o)
    0x0800060c   0x0800060c   0x000000f0   Code   RO         5302    .text               mf_p.l(ddiv.o)
    0x080006fc   0x080006fc   0x00000016   Code   RO         5306    .text               mf_p.l(fflti.o)
    0x08000712   0x08000712   0x0000000e   Code   RO         5308    .text               mf_p.l(ffltui.o)
    0x08000720   0x08000720   0x00000032   Code   RO         5316    .text               mf_p.l(ffixi.o)
    0x08000752   0x08000752   0x00000028   Code   RO         5324    .text               mf_p.l(f2d.o)
    0x0800077a   0x0800077a   0x00000002   PAD
    0x0800077c   0x0800077c   0x00000014   Code   RO         5328    .text               mf_p.l(cfcmple.o)
    0x08000790   0x08000790   0x00000014   Code   RO         5330    .text               mf_p.l(cfrcmple.o)
    0x080007a4   0x080007a4   0x00000020   Code   RO         5390    .text               mc_p.l(llshl.o)
    0x080007c4   0x080007c4   0x00000022   Code   RO         5392    .text               mc_p.l(llushr.o)
    0x080007e6   0x080007e6   0x00000026   Code   RO         5394    .text               mc_p.l(llsshr.o)
    0x0800080c   0x0800080c   0x00000000   Code   RO         5405    .text               mc_p.l(iusefp.o)
    0x0800080c   0x0800080c   0x00000082   Code   RO         5406    .text               mf_p.l(fepilogue.o)
    0x0800088e   0x0800088e   0x000000be   Code   RO         5408    .text               mf_p.l(depilogue.o)
    0x0800094c   0x0800094c   0x00000040   Code   RO         5412    .text               mf_p.l(dfixul.o)
    0x0800098c   0x0800098c   0x00000028   Code   RO         5414    .text               mf_p.l(cdrcmple.o)
    0x080009b4   0x080009b4   0x00000024   Code   RO         5416    .text               mc_p.l(init.o)
    0x080009d8   0x080009d8   0x00000056   Code   RO         5432    .text               mc_p.l(__dczerorl2.o)
    0x08000a2e   0x08000a2e   0x00000002   PAD
    0x08000a30   0x08000a30   0x00000028   Code   RO         4825    i.About_CallBack    wououi_user.o
    0x08000a58   0x08000a58   0x0000000a   Code   RO         3452    i.BTNDOWN_SINGLE_Click_Handler  key.o
    0x08000a62   0x08000a62   0x00000002   Code   RO         3453    i.BTNMID_LONG_PRESS_START_Handler  key.o
    0x08000a64   0x08000a64   0x0000000a   Code   RO         3454    i.BTNMID_SINGLE_Click_Handler  key.o
    0x08000a6e   0x08000a6e   0x0000000a   Code   RO         3455    i.BTNNEXT_SINGLE_Click_Handler  key.o
    0x08000a78   0x08000a78   0x0000000a   Code   RO         3456    i.BTNPREV_LONG_PRESS_START_Handler  key.o
    0x08000a82   0x08000a82   0x0000000a   Code   RO         3457    i.BTNPREV_SINGLE_Click_Handler  key.o
    0x08000a8c   0x08000a8c   0x0000000a   Code   RO         3458    i.BTNUP_SINGLE_Click_Handler  key.o
    0x08000a96   0x08000a96   0x00000002   PAD
    0x08000a98   0x08000a98   0x00000010   Code   RO          342    i.DMA1_Channel2_3_IRQHandler  stm32l0xx_it.o
    0x08000aa8   0x08000aa8   0x0000002c   Code   RO         1663    i.DMA_SetConfig     stm32l0xx_hal_dma.o
    0x08000ad4   0x08000ad4   0x00000020   Code   RO         3548    i.EEPROM_READ       eeprom.o
    0x08000af4   0x08000af4   0x00000070   Code   RO         3549    i.EEPROM_Read_W_CHECK  eeprom.o
    0x08000b64   0x08000b64   0x00000010   Code   RO          343    i.EXTI0_1_IRQHandler  stm32l0xx_it.o
    0x08000b74   0x08000b74   0x00000010   Code   RO          344    i.EXTI2_3_IRQHandler  stm32l0xx_it.o
    0x08000b84   0x08000b84   0x00000012   Code   RO          345    i.EXTI4_15_IRQHandler  stm32l0xx_it.o
    0x08000b96   0x08000b96   0x00000004   Code   RO           12    i.Error_Handler     main.o
    0x08000b9a   0x08000b9a   0x00000008   Code   RO          346    i.FLASH_IRQHandler  stm32l0xx_it.o
    0x08000ba2   0x08000ba2   0x00000002   PAD
    0x08000ba4   0x08000ba4   0x0000002c   Code   RO         1493    i.FLASH_PageErase   stm32l0xx_hal_flash_ex.o
    0x08000bd0   0x08000bd0   0x00000090   Code   RO         1392    i.FLASH_SetErrorCode  stm32l0xx_hal_flash.o
    0x08000c60   0x08000c60   0x0000004c   Code   RO         1665    i.HAL_DMA_Abort_IT  stm32l0xx_hal_dma.o
    0x08000cac   0x08000cac   0x00000006   Code   RO         1668    i.HAL_DMA_GetState  stm32l0xx_hal_dma.o
    0x08000cb2   0x08000cb2   0x000000a8   Code   RO         1669    i.HAL_DMA_IRQHandler  stm32l0xx_hal_dma.o
    0x08000d5a   0x08000d5a   0x00000002   PAD
    0x08000d5c   0x08000d5c   0x00000090   Code   RO         1670    i.HAL_DMA_Init      stm32l0xx_hal_dma.o
    0x08000dec   0x08000dec   0x00000068   Code   RO         1674    i.HAL_DMA_Start_IT  stm32l0xx_hal_dma.o
    0x08000e54   0x08000e54   0x00000024   Code   RO          991    i.HAL_Delay         stm32l0xx_hal.o
    0x08000e78   0x08000e78   0x00000002   Code   RO         1394    i.HAL_FLASH_EndOfOperationCallback  stm32l0xx_hal_flash.o
    0x08000e7a   0x08000e7a   0x00000002   PAD
    0x08000e7c   0x08000e7c   0x000000dc   Code   RO         1396    i.HAL_FLASH_IRQHandler  stm32l0xx_hal_flash.o
    0x08000f58   0x08000f58   0x00000002   Code   RO         1401    i.HAL_FLASH_OperationErrorCallback  stm32l0xx_hal_flash.o
    0x08000f5a   0x08000f5a   0x00000002   Code   RO         1602    i.HAL_GPIO_EXTI_Callback  stm32l0xx_hal_gpio.o
    0x08000f5c   0x08000f5c   0x00000018   Code   RO         1603    i.HAL_GPIO_EXTI_IRQHandler  stm32l0xx_hal_gpio.o
    0x08000f74   0x08000f74   0x0000015c   Code   RO         1604    i.HAL_GPIO_Init     stm32l0xx_hal_gpio.o
    0x080010d0   0x080010d0   0x0000000a   Code   RO         1606    i.HAL_GPIO_ReadPin  stm32l0xx_hal_gpio.o
    0x080010da   0x080010da   0x0000000c   Code   RO         1608    i.HAL_GPIO_WritePin  stm32l0xx_hal_gpio.o
    0x080010e6   0x080010e6   0x00000002   PAD
    0x080010e8   0x080010e8   0x0000000c   Code   RO          995    i.HAL_GetTick       stm32l0xx_hal.o
    0x080010f4   0x080010f4   0x0000004a   Code   RO          932    i.HAL_I2CEx_ConfigAnalogFilter  stm32l0xx_hal_i2c_ex.o
    0x0800113e   0x0800113e   0x00000048   Code   RO          933    i.HAL_I2CEx_ConfigDigitalFilter  stm32l0xx_hal_i2c_ex.o
    0x08001186   0x08001186   0x00000002   PAD
    0x08001188   0x08001188   0x0000001c   Code   RO          936    i.HAL_I2CEx_EnableFastModePlus  stm32l0xx_hal_i2c_ex.o
    0x080011a4   0x080011a4   0x00000002   Code   RO          464    i.HAL_I2C_AbortCpltCallback  stm32l0xx_hal_i2c.o
    0x080011a6   0x080011a6   0x00000002   Code   RO          465    i.HAL_I2C_AddrCallback  stm32l0xx_hal_i2c.o
    0x080011a8   0x080011a8   0x0000005e   Code   RO          468    i.HAL_I2C_ER_IRQHandler  stm32l0xx_hal_i2c.o
    0x08001206   0x08001206   0x00000010   Code   RO          469    i.HAL_I2C_EV_IRQHandler  stm32l0xx_hal_i2c.o
    0x08001216   0x08001216   0x00000002   Code   RO          471    i.HAL_I2C_ErrorCallback  stm32l0xx_hal_i2c.o
    0x08001218   0x08001218   0x000000b4   Code   RO          475    i.HAL_I2C_Init      stm32l0xx_hal_i2c.o
    0x080012cc   0x080012cc   0x00000002   Code   RO          477    i.HAL_I2C_ListenCpltCallback  stm32l0xx_hal_i2c.o
    0x080012ce   0x080012ce   0x00000002   Code   RO          478    i.HAL_I2C_MasterRxCpltCallback  stm32l0xx_hal_i2c.o
    0x080012d0   0x080012d0   0x00000002   Code   RO          479    i.HAL_I2C_MasterTxCpltCallback  stm32l0xx_hal_i2c.o
    0x080012d2   0x080012d2   0x00000002   PAD
    0x080012d4   0x080012d4   0x0000011c   Code   RO          489    i.HAL_I2C_Master_Transmit_DMA  stm32l0xx_hal_i2c.o
    0x080013f0   0x080013f0   0x00000002   Code   RO          491    i.HAL_I2C_MemRxCpltCallback  stm32l0xx_hal_i2c.o
    0x080013f2   0x080013f2   0x00000002   Code   RO          492    i.HAL_I2C_MemTxCpltCallback  stm32l0xx_hal_i2c.o
    0x080013f4   0x080013f4   0x0000014c   Code   RO          496    i.HAL_I2C_Mem_Write  stm32l0xx_hal_i2c.o
    0x08001540   0x08001540   0x000000a4   Code   RO          217    i.HAL_I2C_MspInit   i2c.o
    0x080015e4   0x080015e4   0x00000002   Code   RO          501    i.HAL_I2C_SlaveRxCpltCallback  stm32l0xx_hal_i2c.o
    0x080015e6   0x080015e6   0x00000002   Code   RO          502    i.HAL_I2C_SlaveTxCpltCallback  stm32l0xx_hal_i2c.o
    0x080015e8   0x080015e8   0x00000010   Code   RO         1001    i.HAL_IncTick       stm32l0xx_hal.o
    0x080015f8   0x080015f8   0x00000028   Code   RO         1002    i.HAL_Init          stm32l0xx_hal.o
    0x08001620   0x08001620   0x00000044   Code   RO         1003    i.HAL_InitTick      stm32l0xx_hal.o
    0x08001664   0x08001664   0x0000002c   Code   RO          444    i.HAL_MspInit       stm32l0xx_hal_msp.o
    0x08001690   0x08001690   0x00000018   Code   RO         1933    i.HAL_NVIC_EnableIRQ  stm32l0xx_hal_cortex.o
    0x080016a8   0x080016a8   0x00000008   Code   RO         1937    i.HAL_NVIC_SetPriority  stm32l0xx_hal_cortex.o
    0x080016b0   0x080016b0   0x00000064   Code   RO         1770    i.HAL_PWR_EnterSTOPMode  stm32l0xx_hal_pwr.o
    0x08001714   0x08001714   0x00000178   Code   RO         1289    i.HAL_RCCEx_PeriphCLKConfig  stm32l0xx_hal_rcc_ex.o
    0x0800188c   0x0800188c   0x0000019c   Code   RO         1189    i.HAL_RCC_ClockConfig  stm32l0xx_hal_rcc.o
    0x08001a28   0x08001a28   0x0000007c   Code   RO         1197    i.HAL_RCC_GetSysClockFreq  stm32l0xx_hal_rcc.o
    0x08001aa4   0x08001aa4   0x00000428   Code   RO         1200    i.HAL_RCC_OscConfig  stm32l0xx_hal_rcc.o
    0x08001ecc   0x08001ecc   0x0000007a   Code   RO         2284    i.HAL_RTCEx_DeactivateWakeUpTimer  stm32l0xx_hal_rtc_ex.o
    0x08001f46   0x08001f46   0x00000002   PAD
    0x08001f48   0x08001f48   0x00000068   Code   RO         3647    i.HAL_RTCEx_WakeUpTimerEventCallback  pwr_mngr.o
    0x08001fb0   0x08001fb0   0x0000003c   Code   RO         2309    i.HAL_RTCEx_WakeUpTimerIRQHandler  stm32l0xx_hal_rtc_ex.o
    0x08001fec   0x08001fec   0x000000ac   Code   RO         2121    i.HAL_RTC_Init      stm32l0xx_hal_rtc.o
    0x08002098   0x08002098   0x00000030   Code   RO          255    i.HAL_RTC_MspInit   rtc.o
    0x080020c8   0x080020c8   0x00000034   Code   RO         2129    i.HAL_RTC_WaitForSynchro  stm32l0xx_hal_rtc.o
    0x080020fc   0x080020fc   0x00000030   Code   RO         1941    i.HAL_SYSTICK_Config  stm32l0xx_hal_cortex.o
    0x0800212c   0x0800212c   0x00000058   Code   RO         3186    i.HAL_TIMEx_MasterConfigSynchronization  stm32l0xx_hal_tim_ex.o
    0x08002184   0x08002184   0x0000003e   Code   RO         2491    i.HAL_TIM_Base_Init  stm32l0xx_hal_tim.o
    0x080021c2   0x080021c2   0x00000002   PAD
    0x080021c4   0x080021c4   0x00000064   Code   RO          293    i.HAL_TIM_Base_MspInit  tim.o
    0x08002228   0x08002228   0x0000004c   Code   RO         2496    i.HAL_TIM_Base_Start_IT  stm32l0xx_hal_tim.o
    0x08002274   0x08002274   0x00000002   Code   RO         2525    i.HAL_TIM_IC_CaptureCallback  stm32l0xx_hal_tim.o
    0x08002276   0x08002276   0x00000126   Code   RO         2539    i.HAL_TIM_IRQHandler  stm32l0xx_hal_tim.o
    0x0800239c   0x0800239c   0x00000002   Code   RO         2542    i.HAL_TIM_OC_DelayElapsedCallback  stm32l0xx_hal_tim.o
    0x0800239e   0x0800239e   0x00000002   Code   RO         2569    i.HAL_TIM_PWM_PulseFinishedCallback  stm32l0xx_hal_tim.o
    0x080023a0   0x080023a0   0x00000044   Code   RO         3338    i.HAL_TIM_PeriodElapsedCallback  timer.o
    0x080023e4   0x080023e4   0x0000004a   Code   RO         2580    i.HAL_TIM_SlaveConfigSynchro  stm32l0xx_hal_tim.o
    0x0800242e   0x0800242e   0x00000002   Code   RO         2582    i.HAL_TIM_TriggerCallback  stm32l0xx_hal_tim.o
    0x08002430   0x08002430   0x00000002   Code   RO          347    i.HardFault_Handler  stm32l0xx_it.o
    0x08002432   0x08002432   0x00000002   PAD
    0x08002434   0x08002434   0x00000020   Code   RO          348    i.I2C1_IRQHandler   stm32l0xx_it.o
    0x08002454   0x08002454   0x0000001c   Code   RO          514    i.I2C_DMAAbort      stm32l0xx_hal_i2c.o
    0x08002470   0x08002470   0x00000018   Code   RO          515    i.I2C_DMAError      stm32l0xx_hal_i2c.o
    0x08002488   0x08002488   0x00000054   Code   RO          517    i.I2C_DMAMasterTransmitCplt  stm32l0xx_hal_i2c.o
    0x080024dc   0x080024dc   0x00000052   Code   RO          520    i.I2C_Disable_IRQ   stm32l0xx_hal_i2c.o
    0x0800252e   0x0800252e   0x00000002   PAD
    0x08002530   0x08002530   0x00000080   Code   RO          521    i.I2C_Enable_IRQ    stm32l0xx_hal_i2c.o
    0x080025b0   0x080025b0   0x00000022   Code   RO          522    i.I2C_Flush_TXDR    stm32l0xx_hal_i2c.o
    0x080025d2   0x080025d2   0x0000007c   Code   RO          523    i.I2C_ITAddrCplt    stm32l0xx_hal_i2c.o
    0x0800264e   0x0800264e   0x00000002   PAD
    0x08002650   0x08002650   0x00000114   Code   RO          524    i.I2C_ITError       stm32l0xx_hal_i2c.o
    0x08002764   0x08002764   0x00000064   Code   RO          525    i.I2C_ITListenCplt  stm32l0xx_hal_i2c.o
    0x080027c8   0x080027c8   0x000000d8   Code   RO          526    i.I2C_ITMasterCplt  stm32l0xx_hal_i2c.o
    0x080028a0   0x080028a0   0x00000046   Code   RO          527    i.I2C_ITMasterSeqCplt  stm32l0xx_hal_i2c.o
    0x080028e6   0x080028e6   0x00000002   PAD
    0x080028e8   0x080028e8   0x0000013c   Code   RO          528    i.I2C_ITSlaveCplt   stm32l0xx_hal_i2c.o
    0x08002a24   0x08002a24   0x0000006a   Code   RO          529    i.I2C_ITSlaveSeqCplt  stm32l0xx_hal_i2c.o
    0x08002a8e   0x08002a8e   0x00000002   PAD
    0x08002a90   0x08002a90   0x00000104   Code   RO          530    i.I2C_IsErrorOccurred  stm32l0xx_hal_i2c.o
    0x08002b94   0x08002b94   0x0000010c   Code   RO          531    i.I2C_Master_ISR_DMA  stm32l0xx_hal_i2c.o
    0x08002ca0   0x08002ca0   0x00000130   Code   RO          532    i.I2C_Master_ISR_IT  stm32l0xx_hal_i2c.o
    0x08002dd0   0x08002dd0   0x00000110   Code   RO          533    i.I2C_Mem_ISR_DMA   stm32l0xx_hal_i2c.o
    0x08002ee0   0x08002ee0   0x00000060   Code   RO          536    i.I2C_RequestMemoryWrite  stm32l0xx_hal_i2c.o
    0x08002f40   0x08002f40   0x00000112   Code   RO          537    i.I2C_Slave_ISR_DMA  stm32l0xx_hal_i2c.o
    0x08003052   0x08003052   0x00000002   PAD
    0x08003054   0x08003054   0x00000130   Code   RO          538    i.I2C_Slave_ISR_IT  stm32l0xx_hal_i2c.o
    0x08003184   0x08003184   0x0000002c   Code   RO          539    i.I2C_TransferConfig  stm32l0xx_hal_i2c.o
    0x080031b0   0x080031b0   0x00000026   Code   RO          540    i.I2C_TreatErrorCallback  stm32l0xx_hal_i2c.o
    0x080031d6   0x080031d6   0x00000062   Code   RO          541    i.I2C_WaitOnFlagUntilTimeout  stm32l0xx_hal_i2c.o
    0x08003238   0x08003238   0x00000056   Code   RO          543    i.I2C_WaitOnSTOPFlagUntilTimeout  stm32l0xx_hal_i2c.o
    0x0800328e   0x0800328e   0x0000005a   Code   RO          544    i.I2C_WaitOnTXISFlagUntilTimeout  stm32l0xx_hal_i2c.o
    0x080032e8   0x080032e8   0x00000028   Code   RO          196    i.MX_DMA_Init       dma.o
    0x08003310   0x08003310   0x00000188   Code   RO          176    i.MX_GPIO_Init      gpio.o
    0x08003498   0x08003498   0x00000060   Code   RO          218    i.MX_I2C1_Init      i2c.o
    0x080034f8   0x080034f8   0x00000034   Code   RO          256    i.MX_RTC_Init       rtc.o
    0x0800352c   0x0800352c   0x0000006c   Code   RO          294    i.MX_TIM21_Init     tim.o
    0x08003598   0x08003598   0x0000006c   Code   RO          295    i.MX_TIM22_Init     tim.o
    0x08003604   0x08003604   0x0000004c   Code   RO          296    i.MX_TIM6_Init      tim.o
    0x08003650   0x08003650   0x00000044   Code   RO         4826    i.MainPage_CallBack  wououi_user.o
    0x08003694   0x08003694   0x00000002   Code   RO          349    i.NMI_Handler       stm32l0xx_it.o
    0x08003696   0x08003696   0x00000050   Code   RO         4579    i.OLED_AllBlur      wououi_oled.o
    0x080036e6   0x080036e6   0x0000005a   Code   RO         4363    i.OLED_Animation    wououi.o
    0x08003740   0x08003740   0x00000040   Code   RO         4580    i.OLED_BuffWriteByte  wououi_oled.o
    0x08003780   0x08003780   0x00000028   Code   RO         4581    i.OLED_ClearBuff    wououi_oled.o
    0x080037a8   0x080037a8   0x00000064   Code   RO         4870    i.OLED_ConWinInit   wououi_win.o
    0x0800380c   0x0800380c   0x0000008c   Code   RO         4871    i.OLED_ConWinReact  wououi_win.o
    0x08003898   0x08003898   0x00000198   Code   RO         4872    i.OLED_ConWinShow   wououi_win.o
    0x08003a30   0x08003a30   0x0000002a   Code   RO         4582    i.OLED_GetStrHeight  wououi_oled.o
    0x08003a5a   0x08003a5a   0x00000012   Code   RO         4583    i.OLED_GetStrWidth  wououi_oled.o
    0x08003a6c   0x08003a6c   0x00000060   Code   RO         4873    i.OLED_InfoWinInit  wououi_win.o
    0x08003acc   0x08003acc   0x0000005c   Code   RO         4874    i.OLED_InfoWinReact  wououi_win.o
    0x08003b28   0x08003b28   0x000000f4   Code   RO         4875    i.OLED_InfoWinShow  wououi_win.o
    0x08003c1c   0x08003c1c   0x000000dc   Code   RO         4059    i.OLED_Init         oled.o
    0x08003cf8   0x08003cf8   0x000000bc   Code   RO         4716    i.OLED_ListDrawText_CheckBox  wououi_page.o
    0x08003db4   0x08003db4   0x00000020   Code   RO         4717    i.OLED_ListPageEnterInit  wououi_page.o
    0x08003dd4   0x08003dd4   0x00000058   Code   RO         4718    i.OLED_ListPageInit  wououi_page.o
    0x08003e2c   0x08003e2c   0x000002b4   Code   RO         4719    i.OLED_ListPageReact  wououi_page.o
    0x080040e0   0x080040e0   0x00000158   Code   RO         4720    i.OLED_ListPageShow  wououi_page.o
    0x08004238   0x08004238   0x00000014   Code   RO         4366    i.OLED_MsgQueClear  wououi.o
    0x0800424c   0x0800424c   0x00000028   Code   RO         4367    i.OLED_MsgQueRead   wououi.o
    0x08004274   0x08004274   0x00000034   Code   RO         4368    i.OLED_MsgQueSend   wououi.o
    0x080042a8   0x080042a8   0x0000001c   Code   RO         4721    i.OLED_PageInit     wououi_page.o
    0x080042c4   0x080042c4   0x00000038   Code   RO         4722    i.OLED_PageReturn   wououi_page.o
    0x080042fc   0x080042fc   0x00000020   Code   RO         4060    i.OLED_RamClear     oled.o
    0x0800431c   0x0800431c   0x00000074   Code   RO         4061    i.OLED_Refresh_FrameBuffer  oled.o
    0x08004390   0x08004390   0x00000078   Code   RO         4062    i.OLED_Refresh_Gram  oled.o
    0x08004408   0x08004408   0x00000010   Code   RO         4585    i.OLED_SendBuff     wououi_oled.o
    0x08004418   0x08004418   0x00000034   Code   RO         4587    i.OLED_SetPointColor  wououi_oled.o
    0x0800444c   0x0800444c   0x00000074   Code   RO         4876    i.OLED_SlideValWinInit  wououi_win.o
    0x080044c0   0x080044c0   0x00000078   Code   RO         4877    i.OLED_SlideValWinReact  wououi_win.o
    0x08004538   0x08004538   0x000001c0   Code   RO         4878    i.OLED_SlideValWinShow  wououi_win.o
    0x080046f8   0x080046f8   0x0000011c   Code   RO         4879    i.OLED_SpinWinInit  wououi_win.o
    0x08004814   0x08004814   0x000000f4   Code   RO         4880    i.OLED_SpinWinReact  wououi_win.o
    0x08004908   0x08004908   0x00000214   Code   RO         4881    i.OLED_SpinWinShow  wououi_win.o
    0x08004b1c   0x08004b1c   0x00000048   Code   RO         4723    i.OLED_TitlePageEnterInit  wououi_page.o
    0x08004b64   0x08004b64   0x00000050   Code   RO         4724    i.OLED_TitlePageInit  wououi_page.o
    0x08004bb4   0x08004bb4   0x00000138   Code   RO         4725    i.OLED_TitlePageReact  wououi_page.o
    0x08004cec   0x08004cec   0x000001b0   Code   RO         4726    i.OLED_TitlePageShow  wououi_page.o
    0x08004e9c   0x08004e9c   0x00000010   Code   RO         4372    i.OLED_UIBeginDynamicRefresh  wououi.o
    0x08004eac   0x08004eac   0x000000c4   Code   RO         4373    i.OLED_UIBlurProc   wououi.o
    0x08004f70   0x08004f70   0x00000020   Code   RO         4375    i.OLED_UIFadeInInit  wououi.o
    0x08004f90   0x08004f90   0x00000028   Code   RO         4376    i.OLED_UIFadeOutInit  wououi.o
    0x08004fb8   0x08004fb8   0x000001a8   Code   RO         4377    i.OLED_UIIndicatorProc  wououi.o
    0x08005160   0x08005160   0x0000003c   Code   RO         4378    i.OLED_UIJumpToPage  wououi.o
    0x0800519c   0x0800519c   0x0000001c   Code   RO         4379    i.OLED_UILayerInProc  wououi.o
    0x080051b8   0x080051b8   0x0000002c   Code   RO         4380    i.OLED_UILayerOutProc  wououi.o
    0x080051e4   0x080051e4   0x000000c8   Code   RO         4381    i.OLED_UIPageProc   wououi.o
    0x080052ac   0x080052ac   0x0000008c   Code   RO         4382    i.OLED_UIProc       wououi.o
    0x08005338   0x08005338   0x0000006c   Code   RO         4383    i.OLED_UIScrollBarProc  wououi.o
    0x080053a4   0x080053a4   0x00000030   Code   RO         4070    i.OLED_WR_Byte      oled.o
    0x080053d4   0x080053d4   0x000001c8   Code   RO         4588    i.OLED_WinDrawASCII  wououi_oled.o
    0x0800559c   0x0800559c   0x000000e6   Code   RO         4589    i.OLED_WinDrawBMP   wououi_oled.o
    0x08005682   0x08005682   0x000000b8   Code   RO         4590    i.OLED_WinDrawBoxRightAngle  wououi_oled.o
    0x0800573a   0x0800573a   0x0000005c   Code   RO         4591    i.OLED_WinDrawHLine  wououi_oled.o
    0x08005796   0x08005796   0x00000076   Code   RO         4594    i.OLED_WinDrawRBox  wououi_oled.o
    0x0800580c   0x0800580c   0x000000b8   Code   RO         4595    i.OLED_WinDrawRBoxEmpty  wououi_oled.o
    0x080058c4   0x080058c4   0x0000006c   Code   RO         4597    i.OLED_WinDrawStr   wououi_oled.o
    0x08005930   0x08005930   0x00000098   Code   RO         4598    i.OLED_WinDrawVLine  wououi_oled.o
    0x080059c8   0x080059c8   0x00000036   Code   RO         4882    i.OLED_WinFSM       wououi_win.o
    0x080059fe   0x080059fe   0x0000008e   Code   RO         4599    i.OLED_WinWriteByte  wououi_oled.o
    0x08005a8c   0x08005a8c   0x0000000c   Code   RO         4072    i.OLED_displayON    oled.o
    0x08005a98   0x08005a98   0x00000002   Code   RO          350    i.PendSV_Handler    stm32l0xx_it.o
    0x08005a9a   0x08005a9a   0x00000046   Code   RO         2132    i.RTC_EnterInitMode  stm32l0xx_hal_rtc.o
    0x08005ae0   0x08005ae0   0x0000002e   Code   RO         2133    i.RTC_ExitInitMode  stm32l0xx_hal_rtc.o
    0x08005b0e   0x08005b0e   0x00000002   PAD
    0x08005b10   0x08005b10   0x00000010   Code   RO          351    i.RTC_IRQHandler    stm32l0xx_it.o
    0x08005b20   0x08005b20   0x00000002   Code   RO          352    i.SVC_Handler       stm32l0xx_it.o
    0x08005b22   0x08005b22   0x00000002   Code   RO         4827    i.SettingPage_CallBack  wououi_user.o
    0x08005b24   0x08005b24   0x00000008   Code   RO          353    i.SysTick_Handler   stm32l0xx_it.o
    0x08005b2c   0x08005b2c   0x00000098   Code   RO           13    i.SystemClock_Config  main.o
    0x08005bc4   0x08005bc4   0x00000002   Code   RO         3213    i.SystemInit        system_stm32l0xx.o
    0x08005bc6   0x08005bc6   0x00000002   PAD
    0x08005bc8   0x08005bc8   0x00000010   Code   RO          354    i.TIM21_IRQHandler  stm32l0xx_it.o
    0x08005bd8   0x08005bd8   0x00000010   Code   RO          355    i.TIM6_IRQHandler   stm32l0xx_it.o
    0x08005be8   0x08005be8   0x00000058   Code   RO         2584    i.TIM_Base_SetConfig  stm32l0xx_hal_tim.o
    0x08005c40   0x08005c40   0x00000016   Code   RO         2595    i.TIM_ETR_SetConfig  stm32l0xx_hal_tim.o
    0x08005c56   0x08005c56   0x0000008c   Code   RO         2601    i.TIM_SlaveTimer_SetConfig  stm32l0xx_hal_tim.o
    0x08005ce2   0x08005ce2   0x00000022   Code   RO         2602    i.TIM_TI1_ConfigInputStage  stm32l0xx_hal_tim.o
    0x08005d04   0x08005d04   0x00000026   Code   RO         2604    i.TIM_TI2_ConfigInputStage  stm32l0xx_hal_tim.o
    0x08005d2a   0x08005d2a   0x00000002   PAD
    0x08005d2c   0x08005d2c   0x000000a0   Code   RO         4828    i.TestUI_Init       wououi_user.o
    0x08005dcc   0x08005dcc   0x00000008   Code   RO         4796    i.WouoUI_port_SendBuff  wououi_port.o
    0x08005dd4   0x08005dd4   0x00000028   Code   RO         5236    i.__0sprintf        mc_p.l(printfa.o)
    0x08005dfc   0x08005dfc   0x0000002e   Code   RO         5410    i.__ARM_clz         mf_p.l(depilogue.o)
    0x08005e2a   0x08005e2a   0x00000030   Code   RO         1274    i.__ARM_common_ll_muluu  stm32l0xx_hal_rcc.o
    0x08005e5a   0x08005e5a   0x0000001a   Code   RO         1749    i.__ARM_common_switch8  stm32l0xx_hal_dma.o
    0x08005e74   0x08005e74   0x00000044   Code   RO         1943    i.__NVIC_SetPriority  stm32l0xx_hal_cortex.o
    0x08005eb8   0x08005eb8   0x0000000e   Code   RO         5426    i.__scatterload_copy  mc_p.l(handlers.o)
    0x08005ec6   0x08005ec6   0x00000002   Code   RO         5427    i.__scatterload_null  mc_p.l(handlers.o)
    0x08005ec8   0x08005ec8   0x0000000e   Code   RO         5428    i.__scatterload_zeroinit  mc_p.l(handlers.o)
    0x08005ed6   0x08005ed6   0x00000002   PAD
    0x08005ed8   0x08005ed8   0x00000158   Code   RO         5241    i._fp_digits        mc_p.l(printfa.o)
    0x08006030   0x08006030   0x000006ec   Code   RO         5242    i._printf_core      mc_p.l(printfa.o)
    0x0800671c   0x0800671c   0x00000020   Code   RO         5243    i._printf_post_padding  mc_p.l(printfa.o)
    0x0800673c   0x0800673c   0x0000002c   Code   RO         5244    i._printf_pre_padding  mc_p.l(printfa.o)
    0x08006768   0x08006768   0x0000000a   Code   RO         5246    i._sputc            mc_p.l(printfa.o)
    0x08006772   0x08006772   0x00000002   PAD
    0x08006774   0x08006774   0x000000a4   Code   RO         4287    i.bsp_adau1761_eq_init  adau1761.o
    0x08006818   0x08006818   0x000000e4   Code   RO         3459    i.bsp_btn_scan_init  key.o
    0x080068fc   0x080068fc   0x0000001a   Code   RO         3551    i.bsp_read_eqs_from_eeprom  eeprom.o
    0x08006916   0x08006916   0x00000008   Code   RO         3592    i.button_attach     multi_button.o
    0x0800691e   0x0800691e   0x000001c2   Code   RO         3593    i.button_handler    multi_button.o
    0x08006ae0   0x08006ae0   0x0000003c   Code   RO         3594    i.button_init       multi_button.o
    0x08006b1c   0x08006b1c   0x00000024   Code   RO         3595    i.button_start      multi_button.o
    0x08006b40   0x08006b40   0x0000001c   Code   RO         3597    i.button_ticks      multi_button.o
    0x08006b5c   0x08006b5c   0x00000054   Code   RO         5262    i.free              mc_p.l(malloc.o)
    0x08006bb0   0x08006bb0   0x00000040   Code   RO           14    i.main              main.o
    0x08006bf0   0x08006bf0   0x00000054   Code   RO         3893    i.main_FSM          tasks.o
    0x08006c44   0x08006c44   0x0000006c   Code   RO         5263    i.malloc            mc_p.l(malloc.o)
    0x08006cb0   0x08006cb0   0x0000001c   Code   RO         4196    i.qcc5125_btn_press  qcc5125.o
    0x08006ccc   0x08006ccc   0x0000004c   Code   RO         3460    i.read_btn_level    key.o
    0x08006d18   0x08006d18   0x0000000a   Code   RO         3648    i.sys_chg_info_init  pwr_mngr.o
    0x08006d22   0x08006d22   0x00000002   Code   RO         3650    i.sys_ctrl_status_switch  pwr_mngr.o
    0x08006d24   0x08006d24   0x00000074   Code   RO         3652    i.sys_pwrctrl_power_up  pwr_mngr.o
    0x08006d98   0x08006d98   0x000000a0   Code   RO         3826    i.system_init       sys_init.o
    0x08006e38   0x08006e38   0x00000078   Code   RO         4385    i.ui_ftoa_str       wououi.o
    0x08006eb0   0x08006eb0   0x00000024   Code   RO         4386    i.ui_itoa           wououi.o
    0x08006ed4   0x08006ed4   0x00000020   Code   RO         4387    i.ui_itoa_str       wououi.o
    0x08006ef4   0x08006ef4   0x00000019   Data   RO         3214    .constdata          system_stm32l0xx.o
    0x08006f0d   0x08006f0d   0x0000023a   Data   RO         4557    .constdata          wououi_font.o
    0x08007147   0x08007147   0x00000532   Data   RO         4559    .constdata          wououi_font.o
    0x08007679   0x08007679   0x00000d5c   Data   RO         4561    .constdata          wououi_font.o
    0x080083d5   0x080083d5   0x00000168   Data   RO         4830    .constdata          wououi_user.o
    0x0800853d   0x0800853d   0x00000003   PAD
    0x08008540   0x08008540   0x000002cc   Data   RO         4831    .conststring        wououi_user.o
    0x0800880c   0x0800880c   0x00000020   Data   RO         5424    Region$$Table       anon$$obj.o


    Execution Region RW_IRAM1 (Exec base: 0x20000000, Load base: 0x0800882c, Size: 0x00001fb0, Max: 0x00002000, ABSOLUTE, COMPRESSED[0x00000190])

    Exec Addr    Load Addr    Size         Type   Attr      Idx    E Section Name        Object

    0x20000000   COMPRESSED   0x0000000c   Data   RW         1013    .data               stm32l0xx_hal.o
    0x2000000c   COMPRESSED   0x00000004   Data   RW         3216    .data               system_stm32l0xx.o
    0x20000010   COMPRESSED   0x00000001   Data   RW         3340    .data               timer.o
    0x20000011   COMPRESSED   0x00000003   PAD
    0x20000014   COMPRESSED   0x00000004   Data   RW         3599    .data               multi_button.o
    0x20000018   COMPRESSED   0x00000004   Data   RW         3654    .data               pwr_mngr.o
    0x2000001c   COMPRESSED   0x00000001   Data   RW         3894    .data               tasks.o
    0x2000001d   COMPRESSED   0x00000001   Data   RW         3895    .data               tasks.o
    0x2000001e   COMPRESSED   0x00000002   PAD
    0x20000020   COMPRESSED   0x00000234   Data   RW         4389    .data               wououi.o
    0x20000254   COMPRESSED   0x00000014   Data   RW         4390    .data               wououi.o
    0x20000268   COMPRESSED   0x0000000c   Data   RW         4562    .data               wououi_font.o
    0x20000274   COMPRESSED   0x0000000c   Data   RW         4564    .data               wououi_font.o
    0x20000280   COMPRESSED   0x0000000c   Data   RW         4566    .data               wououi_font.o
    0x2000028c   COMPRESSED   0x00000404   Data   RW         4601    .data               wououi_oled.o
    0x20000690   COMPRESSED   0x00000002   Data   RW         4727    .data               wououi_page.o
    0x20000692   COMPRESSED   0x00000002   PAD
    0x20000694   COMPRESSED   0x00000540   Data   RW         4832    .data               wououi_user.o
    0x20000bd4   COMPRESSED   0x00000004   Data   RW         5396    .data               mc_p.l(mvars.o)
    0x20000bd8   COMPRESSED   0x00000004   Data   RW         5397    .data               mc_p.l(mvars.o)
    0x20000bdc        -       0x0000009c   Zero   RW          219    .bss                i2c.o
    0x20000c78        -       0x00000024   Zero   RW          257    .bss                rtc.o
    0x20000c9c        -       0x000000c0   Zero   RW          297    .bss                tim.o
    0x20000d5c        -       0x00000018   Zero   RW         1405    .bss                stm32l0xx_hal_flash.o
    0x20000d74        -       0x000000dc   Zero   RW         3461    .bss                key.o
    0x20000e50        -       0x0000000c   Zero   RW         3653    .bss                pwr_mngr.o
    0x20000e5c        -       0x00000432   Zero   RW         4074    .bss                oled.o
    0x2000128e        -       0x0000001c   Zero   RW         4199    .bss                qcc5125.o
    0x200012aa   COMPRESSED   0x00000002   PAD
    0x200012ac        -       0x000001e0   Zero   RW         4292    .bss                adau1761.o
    0x2000148c        -       0x0000000a   Zero   RW         4295    .bss                adau1761.o
    0x20001496        -       0x0000000a   Zero   RW         4296    .bss                adau1761.o
    0x200014a0        -       0x00000020   Zero   RW         4388    .bss                wououi.o
    0x200014c0        -       0x00000400   Zero   RW         4600    .bss                wououi_oled.o
    0x200018c0        -       0x000000f0   Zero   RW         4829    .bss                wououi_user.o
    0x200019b0        -       0x00000200   Zero   RW            2    HEAP                startup_stm32l051xx.o
    0x20001bb0        -       0x00000400   Zero   RW            1    STACK               startup_stm32l051xx.o


==============================================================================

Image component sizes


      Code (inc. data)   RO Data    RW Data    ZI Data      Debug   Object Name

       164         18          0          0        500       6866   adau1761.o
        40          4          0          0          0        710   dma.o
       170          6          0          0          0       2133   eeprom.o
       392         14          0          0          0       1019   gpio.o
       260         34          0          0        156       1598   i2c.o
       366         54          0          0        220       5103   key.o
       220         14          0          0          0     338684   main.o
       582         18          0          4          0       2916   multi_button.o
       548         30          0          0       1074       4676   oled.o
       232         14          0          4         12       3493   pwr_mngr.o
        28          6          0          0         28       2465   qcc5125.o
       100         18          0          0         36       1351   rtc.o
        28          8        192          0       1536        616   startup_stm32l051xx.o
       172         28          0         12          0       8417   stm32l0xx_hal.o
       148         24          0          0          0      11869   stm32l0xx_hal_cortex.o
       568         12          0          0          0       4265   stm32l0xx_hal_dma.o
       368         20          0          0         24       5030   stm32l0xx_hal_flash.o
        44         10          0          0          0       1646   stm32l0xx_hal_flash_ex.o
       396         34          0          0          0       3355   stm32l0xx_hal_gpio.o
      4648        144          0          0          0      28395   stm32l0xx_hal_i2c.o
       174          8          0          0          0       2274   stm32l0xx_hal_i2c_ex.o
        44          6          0          0          0        454   stm32l0xx_hal_msp.o
       100         12          0          0          0        680   stm32l0xx_hal_pwr.o
      1648         68          0          0          0       4178   stm32l0xx_hal_rcc.o
       376         12          0          0          0       1352   stm32l0xx_hal_rcc_ex.o
       340         10          0          0          0       3199   stm32l0xx_hal_rtc.o
       182          8          0          0          0       1720   stm32l0xx_hal_rtc_ex.o
       836         28          0          0          0       8787   stm32l0xx_hal_tim.o
        88         10          0          0          0       1128   stm32l0xx_hal_tim_ex.o
       170         28          0          0          0       6087   stm32l0xx_it.o
       160         20          0          0          0        546   sys_init.o
         2          0         25          4          0       1123   system_stm32l0xx.o
        84         16          0          2          0       1752   tasks.o
       392         52          0          0        192       2668   tim.o
        68         16          0          1          0       2064   timer.o
      1678        120          0        584         32      18591   wououi.o
         0          0       5320         36          0       1606   wououi_font.o
      1978         28          0       1028       1024      12214   wououi_oled.o
      2324        164          0          2          0       9650   wououi_page.o
         8          0          0          0          0        471   wououi_port.o
       270         62       1076       1344        240       3393   wououi_user.o
      2878        234          0          0          0       8255   wououi_win.o

    ----------------------------------------------------------------------
     23310       1412       6648       3028       5076     526799   Object Totals
         0          0         32          0          0          0   (incl. Generated)
        36          0          3          7          2          0   (incl. Padding)

    ----------------------------------------------------------------------

      Code (inc. data)   RO Data    RW Data    ZI Data      Debug   Library Member Name

        86          0          0          0          0          0   __dczerorl2.o
         0          0          0          0          0          0   entry.o
         0          0          0          0          0          0   entry10a.o
         0          0          0          0          0          0   entry11a.o
         8          4          0          0          0          0   entry2.o
         4          0          0          0          0          0   entry5.o
         0          0          0          0          0          0   entry7b.o
         0          0          0          0          0          0   entry8b.o
         8          4          0          0          0          0   entry9a.o
        30          0          0          0          0          0   handlers.o
        40          0          0          0          0         72   idiv.o
        36          8          0          0          0         68   init.o
         0          0          0          0          0          0   iusefp.o
        32          0          0          0          0         68   llshl.o
        38          0          0          0          0         68   llsshr.o
        34          0          0          0          0         68   llushr.o
       192         20          0          0          0        144   malloc.o
        26          0          0          0          0         72   memcmp.o
        36          0          0          0          0         60   memcpya.o
        36          0          0          0          0        100   memseta.o
         0          0          0          8          0          0   mvars.o
      2242         94          0          0          0        472   printfa.o
        28          0          0          0          0         68   strcmp.o
        14          0          0          0          0         60   strlen.o
        44          0          0          0          0         72   uidiv.o
        96          0          0          0          0         84   uldiv.o
        40          2          0          0          0         68   cdrcmple.o
        20          0          0          0          0         68   cfcmple.o
        20          0          0          0          0         68   cfrcmple.o
       356          4          0          0          0        140   dadd.o
       240          6          0          0          0         84   ddiv.o
       236          0          0          0          0        216   depilogue.o
        64         10          0          0          0         68   dfixul.o
       208          6          0          0          0         88   dmul.o
        40          0          0          0          0         60   f2d.o
       178          0          0          0          0        108   fadd.o
       124          0          0          0          0         72   fdiv.o
       130          0          0          0          0        144   fepilogue.o
        50          0          0          0          0         60   ffixi.o
        22          0          0          0          0         68   fflti.o
        14          0          0          0          0         68   ffltui.o
       122          0          0          0          0         72   fmul.o

    ----------------------------------------------------------------------
      4902        158          0          8          0       2928   Library Totals
         8          0          0          0          0          0   (incl. Padding)

    ----------------------------------------------------------------------

      Code (inc. data)   RO Data    RW Data    ZI Data      Debug   Library Name

      3030        130          0          8          0       1476   mc_p.l
      1864         28          0          0          0       1452   mf_p.l

    ----------------------------------------------------------------------
      4902        158          0          8          0       2928   Library Totals

    ----------------------------------------------------------------------

==============================================================================


      Code (inc. data)   RO Data    RW Data    ZI Data      Debug   

     28212       1570       6648       3036       5076     518883   Grand Totals
     28212       1570       6648        400       5076     518883   ELF Image Totals (compressed)
     28212       1570       6648        400          0          0   ROM Totals

==============================================================================

    Total RO  Size (Code + RO Data)                34860 (  34.04kB)
    Total RW  Size (RW Data + ZI Data)              8112 (   7.92kB)
    Total ROM Size (Code + RO Data + RW Data)      35260 (  34.43kB)

==============================================================================

