<html>
<body>
<pre>
<h1>µVision Build Log</h1>
<h2>Tool Versions:</h2>
IDE-Version: ¦ÌVision V5.38.0.0
Copyright (C) 2022 ARM Ltd and ARM Germany GmbH. All rights reserved.
License Information: hy h, h, LIC=SDA0P-MG6IB-30ANC-7Y4DM-CJLCU-G864L
 
Tool Versions:
Toolchain:       MDK-ARM Plus  Version: 5.38.0.0
Toolchain Path:  D:\Applications\mdk\Keil_v5\ARM\ARMCC\Bin
C Compiler:      Armcc.exe V5.05 update 1 (build 106)
Assembler:       Armasm.exe V5.05 update 1 (build 106)
Linker/Locator:  ArmLink.exe V5.05 update 1 (build 106)
Library Manager: ArmAr.exe V5.05 update 1 (build 106)
Hex Converter:   FromElf.exe V5.05 update 1 (build 106)
CPU DLL:         SARMCM3.DLL V5.38.0.0
Dialog DLL:      DARMCM1.DLL V1.19.6.0
Target DLL:      STLink\ST-LINKIII-KEIL_SWO.dll V3.1.0.0
Dialog DLL:      TARMCM1.DLL V1.14.6.0
 
<h2>Project:</h2>
D:\VDesktop\Projects\ACOMASTER _V2.1.0\MDK-ARM\Acomaster.uvprojx
Project File Date:  04/02/2025

<h2>Output:</h2>
*** Using Compiler 'V5.05 update 1 (build 106)', folder: 'D:\Applications\mdk\Keil_v5\ARM\ARMCC\Bin'
Build target 'ACOMASTER'
compiling multi_button.c...
compiling key.c...
Hardware\key.c(32): warning:  #111-D: statement is unreachable
  			break;
Hardware\key.c(36): warning:  #111-D: statement is unreachable
  			break;
Hardware\key.c(40): warning:  #111-D: statement is unreachable
  			break;
Hardware\key.c(44): warning:  #111-D: statement is unreachable
  			break;
Hardware\key.c(48): warning:  #111-D: statement is unreachable
  			break;
Hardware\key.c(53): warning:  #940-D: missing return statement at end of non-void function "read_btn_level"
  }
Hardware\key.c: 6 warnings, 0 errors
compiling timer.c...
Hardware\timer.c(47): warning:  #177-D: variable "time_cnt_1sec" was declared but never referenced
  		static uint8_t time_cnt_1sec = 0;
Hardware\timer.c(48): warning:  #177-D: variable "time_cnt_10ms" was declared but never referenced
  		static uint8_t time_cnt_10ms = 0;
Hardware\timer.c: 2 warnings, 0 errors
linking...
Program Size: Code=30688 RO-data=8880 RW-data=3036 ZI-data=5076  
FromELF: creating hex file...
"Acomaster\Acomaster.axf" - 0 Error(s), 8 Warning(s).

<h2>Software Packages used:</h2>

Package Vendor: ARM
                http://www.keil.com/pack/ARM.CMSIS.5.9.0.pack
                ARM.CMSIS.5.9.0
                CMSIS (Common Microcontroller Software Interface Standard)
   * Component: CORE Version: 5.6.0

Package Vendor: Keil
                http://www.keil.com/pack/Keil.STM32L0xx_DFP.2.2.0.pack
                Keil.STM32L0xx_DFP.2.2.0
                STMicroelectronics STM32L0 Series Device Support, Drivers and Examples

<h2>Collection of Component include folders:</h2>
  ./RTE/_ACOMASTER
  D:/Applications/mdk/Packs/ARM/CMSIS/5.9.0/CMSIS/Core/Include
  D:/Applications/mdk/Packs/Keil/STM32L0xx_DFP/2.2.0/Drivers/CMSIS/Device/ST/STM32L0xx/Include

<h2>Collection of Component Files used:</h2>

   * Component: ARM::CMSIS:CORE:5.6.0
      Include file:  CMSIS/Core/Include/tz_context.h
Build Time Elapsed:  00:00:01
</pre>
</body>
</html>
